Component: ARM Compiler 5.06 update 6 (build 750) Tool: armlink [4d35ed]

==============================================================================

Section Cross References

    startup_stm32f407xx.o(RESET) refers to startup_stm32f407xx.o(STACK) for __initial_sp
    startup_stm32f407xx.o(RESET) refers to startup_stm32f407xx.o(.text) for Reset_Handler
    startup_stm32f407xx.o(RESET) refers to stm32f4xx_it.o(i.NMI_Handler) for NMI_Handler
    startup_stm32f407xx.o(RESET) refers to stm32f4xx_it.o(i.HardFault_Handler) for HardFault_Handler
    startup_stm32f407xx.o(RESET) refers to stm32f4xx_it.o(i.MemManage_Handler) for MemManage_Handler
    startup_stm32f407xx.o(RESET) refers to stm32f4xx_it.o(i.BusFault_Handler) for BusFault_Handler
    startup_stm32f407xx.o(RESET) refers to stm32f4xx_it.o(i.UsageFault_Handler) for UsageFault_Handler
    startup_stm32f407xx.o(RESET) refers to stm32f4xx_it.o(i.SVC_Handler) for SVC_Handler
    startup_stm32f407xx.o(RESET) refers to stm32f4xx_it.o(i.DebugMon_Handler) for DebugMon_Handler
    startup_stm32f407xx.o(RESET) refers to stm32f4xx_it.o(i.PendSV_Handler) for PendSV_Handler
    startup_stm32f407xx.o(RESET) refers to stm32f4xx_it.o(i.SysTick_Handler) for SysTick_Handler
    startup_stm32f407xx.o(RESET) refers to stm32f4xx_it.o(i.USART1_IRQHandler) for USART1_IRQHandler
    startup_stm32f407xx.o(RESET) refers to stm32f4xx_it.o(i.USART2_IRQHandler) for USART2_IRQHandler
    startup_stm32f407xx.o(RESET) refers to stm32f4xx_it.o(i.USART3_IRQHandler) for USART3_IRQHandler
    startup_stm32f407xx.o(RESET) refers to stm32f4xx_it.o(i.UART5_IRQHandler) for UART5_IRQHandler
    startup_stm32f407xx.o(RESET) refers to stm32f4xx_it.o(i.TIM6_DAC_IRQHandler) for TIM6_DAC_IRQHandler
    startup_stm32f407xx.o(.text) refers to system_stm32f4xx.o(i.SystemInit) for SystemInit
    startup_stm32f407xx.o(.text) refers to entry.o(.ARM.Collect$$$$00000000) for __main
    motorcontrol.o(i.Incremental_PI0) refers to motorcontrol.o(.data) for Bias0
    motorcontrol.o(i.Incremental_PI1) refers to motorcontrol.o(.data) for Bias1
    motorcontrol.o(i.Incremental_PI2) refers to motorcontrol.o(.data) for Bias2
    motorcontrol.o(i.Incremental_PI3) refers to motorcontrol.o(.data) for Bias3
    motorcontrol.o(i.MotorSpeed2RealSpeed) refers to controltask.o(.bss) for motorspeed
    motorcontrol.o(i.SetMotorSPEED) refers to controltask.o(.bss) for motorspeed_set
    motorcontrol.o(i.mecanumRun) refers to motorcontrol.o(i.SetMotorSPEED) for SetMotorSPEED
    motorcontrol.o(shellCommand) refers to motorcontrol.o(.constdata) for shellCmdsmp
    motorcontrol.o(shellCommand) refers to motorcontrol.o(i.SetMotorPWM) for SetMotorPWM
    motorcontrol.o(shellCommand) refers to motorcontrol.o(i.SetMotorSPEED) for SetMotorSPEED
    motorcontrol.o(shellCommand) refers to motorcontrol.o(.data) for Velocity_Kp0
    controltask.o(i.HAL_TIM_PeriodElapsedCallback) refers to buzzerdriver.o(i.musicPlay) for musicPlay
    controltask.o(i.HAL_TIM_PeriodElapsedCallback) refers to buzzerdriver.o(i.music3Play) for music3Play
    controltask.o(i.HAL_TIM_PeriodElapsedCallback) refers to stm32f4xx_hal_gpio.o(i.HAL_GPIO_TogglePin) for HAL_GPIO_TogglePin
    controltask.o(i.HAL_TIM_PeriodElapsedCallback) refers to stm32f4xx_hal.o(i.HAL_Delay) for HAL_Delay
    controltask.o(i.HAL_TIM_PeriodElapsedCallback) refers to linefollowsensor.o(i.GetSensorData) for GetSensorData
    controltask.o(i.HAL_TIM_PeriodElapsedCallback) refers to linefollowsensor.o(i.AnglePosControl) for AnglePosControl
    controltask.o(i.HAL_TIM_PeriodElapsedCallback) refers to motorcontrol.o(i.MotorSpeed2RealSpeed) for MotorSpeed2RealSpeed
    controltask.o(i.HAL_TIM_PeriodElapsedCallback) refers to motorcontrol.o(i.Incremental_PI0) for Incremental_PI0
    controltask.o(i.HAL_TIM_PeriodElapsedCallback) refers to motorcontrol.o(i.Incremental_PI1) for Incremental_PI1
    controltask.o(i.HAL_TIM_PeriodElapsedCallback) refers to motorcontrol.o(i.Incremental_PI2) for Incremental_PI2
    controltask.o(i.HAL_TIM_PeriodElapsedCallback) refers to motorcontrol.o(i.Incremental_PI3) for Incremental_PI3
    controltask.o(i.HAL_TIM_PeriodElapsedCallback) refers to motorcontrol.o(i.SetMotorPWM) for SetMotorPWM
    controltask.o(i.HAL_TIM_PeriodElapsedCallback) refers to motorcontrol.o(i.mecanumRun) for mecanumRun
    controltask.o(i.HAL_TIM_PeriodElapsedCallback) refers to tim.o(.bss) for htim6
    controltask.o(i.HAL_TIM_PeriodElapsedCallback) refers to controltask.o(.data) for tim6enable
    controltask.o(i.HAL_TIM_PeriodElapsedCallback) refers to linefollowsensor.o(.data) for CarMovingTo
    controltask.o(i.HAL_TIM_PeriodElapsedCallback) refers to controltask.o(.bss) for CoderData
    controltask.o(i.HAL_TIM_PeriodElapsedCallback) refers to main.o(.data) for a_speed
    controltask.o(i.quietTest) refers to controltask.o(.data) for tim6enable
[...]
    shellCmdvkp0                             0x08009eec   Data           5  motorcontrol.o(.constdata)
    shellDescvkp0                            0x08009ef1   Data          13  motorcontrol.o(.constdata)
    shellCmdvki0                             0x08009efe   Data           5  motorcontrol.o(.constdata)
    shellDescvki0                            0x08009f03   Data          13  motorcontrol.o(.constdata)
    shellCmdmsp0                             0x08009f10   Data           5  controltask.o(.constdata)
    shellDescmsp0                            0x08009f15   Data          14  controltask.o(.constdata)
    shellCmdmsp1                             0x08009f23   Data           5  controltask.o(.constdata)
    shellDescmsp1                            0x08009f28   Data          14  controltask.o(.constdata)
    shellCmdmsp2                             0x08009f36   Data           5  controltask.o(.constdata)
    shellDescmsp2                            0x08009f3b   Data          14  controltask.o(.constdata)
    shellCmdmsp3                             0x08009f49   Data           5  controltask.o(.constdata)
    shellDescmsp3                            0x08009f4e   Data          14  controltask.o(.constdata)
    shellCmdmspset0                          0x08009f5c   Data           8  controltask.o(.constdata)
    shellDescmspset0                         0x08009f64   Data          18  controltask.o(.constdata)
    shellCmdmspset1                          0x08009f76   Data           8  controltask.o(.constdata)
    shellDescmspset1                         0x08009f7e   Data          18  controltask.o(.constdata)
    shellCmdmspset2                          0x08009f90   Data           8  controltask.o(.constdata)
    shellDescmspset2                         0x08009f98   Data          18  controltask.o(.constdata)
    shellCmdmspset3                          0x08009faa   Data           8  controltask.o(.constdata)
    shellDescmspset3                         0x08009fb2   Data          18  controltask.o(.constdata)
    shellCmdfol                              0x08009fc4   Data           4  controltask.o(.constdata)
    shellDescfol                             0x08009fc8   Data          20  controltask.o(.constdata)
    shellCmdlkf                              0x08009fdc   Data           4  controltask.o(.constdata)
    shellDesclkf                             0x08009fe0   Data           9  controltask.o(.constdata)
    shellCmdt6e                              0x08009fe9   Data           4  controltask.o(.constdata)
    shellDesct6e                             0x08009fed   Data          11  controltask.o(.constdata)
    shellCmdemu                              0x08009ff8   Data           4  controltask.o(.constdata)
    shellDescemu                             0x08009ffc   Data          12  controltask.o(.constdata)
    shellCmdemu2                             0x0800a008   Data           5  controltask.o(.constdata)
    shellDescemu2                            0x0800a00d   Data          13  controltask.o(.constdata)
    shellCmdemu3                             0x0800a01a   Data           5  controltask.o(.constdata)
    shellDescemu3                            0x0800a01f   Data          13  controltask.o(.constdata)
    shellCmdtogm                             0x0800a02c   Data           5  controltask.o(.constdata)
    shellDesctogm                            0x0800a031   Data          12  controltask.o(.constdata)
    shellCmdtogs                             0x0800a03d   Data           5  controltask.o(.constdata)
    shellDesctogs                            0x0800a042   Data          12  controltask.o(.constdata)
    shellCmdqte                              0x0800a04e   Data           4  controltask.o(.constdata)
    shellDescqte                             0x0800a052   Data          12  controltask.o(.constdata)
    shellCmdlset                             0x0800a05e   Data           5  linefollowsensor.o(.constdata)
    shellDesclset                            0x0800a063   Data          13  linefollowsensor.o(.constdata)
    shellCmdcsd                              0x0800a070   Data           4  linefollowsensor.o(.constdata)
    shellDesccsd                             0x0800a074   Data          18  linefollowsensor.o(.constdata)
    shellCmdssenf                            0x0800a086   Data           6  linefollowsensor.o(.constdata)
    shellDescssenf                           0x0800a08c   Data          15  linefollowsensor.o(.constdata)
    shellCmdrsenf                            0x0800a09b   Data           6  linefollowsensor.o(.constdata)
    shellDescrsenf                           0x0800a0a1   Data          18  linefollowsensor.o(.constdata)
    shellCmdog                               0x0800a0b3   Data           3  linefollowsensor.o(.constdata)
    shellDescog                              0x0800a0b6   Data          25  linefollowsensor.o(.constdata)
    shellCmdogsp                             0x0800a0cf   Data           5  linefollowsensor.o(.constdata)
    shellDescogsp                            0x0800a0d4   Data          30  linefollowsensor.o(.constdata)
    shellCmdni                               0x0800a0f2   Data           3  linefollowsensor.o(.constdata)
    shellDescni                              0x0800a0f5   Data          10  linefollowsensor.o(.constdata)
    shellCmdotw                              0x0800a0ff   Data           4  gongxun.o(.constdata)
    shellDescotw                             0x0800a103   Data          18  gongxun.o(.constdata)
    shellCmdgxgo                             0x0800a115   Data           5  gongxun.o(.constdata)
    shellDescgxgo                            0x0800a11a   Data          25  gongxun.o(.constdata)
    shellCmdrqr                              0x0800a133   Data           4  gongxun.o(.constdata)
    shellDescrqr                             0x0800a137   Data          15  gongxun.o(.constdata)
    shellCmdrm                               0x0800a146   Data           3  gongxun.o(.constdata)
    shellDescrm                              0x0800a149   Data          21  gongxun.o(.constdata)
    shellCmdu3ok                             0x0800a15e   Data           5  uart234.o(.constdata)
    shellDescu3ok                            0x0800a163   Data           8  uart234.o(.constdata)
    shellCmdrc1111                           0x0800a16b   Data           7  uart234.o(.constdata)
    shellDescrc1111                          0x0800a172   Data          15  uart234.o(.constdata)
    shellCmdu3rqr                            0x0800a181   Data           6  uart234.o(.constdata)
    shellDescu3rqr                           0x0800a187   Data          19  uart234.o(.constdata)
    shellCmdu3rco                            0x0800a19a   Data           6  uart234.o(.constdata)
    shellDescu3rco                           0x0800a1a0   Data          18  uart234.o(.constdata)
    shellCmdu2sco                            0x0800a1b2   Data           6  uart234.o(.constdata)
    shellDescu2sco                           0x0800a1b8   Data          18  uart234.o(.constdata)
    shellCmdxsp                              0x0800a1ca   Data           4  main.o(.constdata)
    shellDescxsp                             0x0800a1ce   Data           8  main.o(.constdata)
    shellCmdysp                              0x0800a1d6   Data           4  main.o(.constdata)
    shellDescysp                             0x0800a1da   Data           8  main.o(.constdata)
    shellCmdasp                              0x0800a1e2   Data           4  main.o(.constdata)
    shellDescasp                             0x0800a1e6   Data           8  main.o(.constdata)
    shellCmdstf                              0x0800a1ee   Data           4  main.o(.constdata)
    shellDescstf                             0x0800a1f2   Data          10  main.o(.constdata)
    shellCmdsb                               0x0800a1fc   Data           3  usart.o(.constdata)
    shellDescsb                              0x0800a1ff   Data           9  usart.o(.constdata)
    AHBPrescTable                            0x0800a208   Data          16  system_stm32f4xx.o(.constdata)
    APBPrescTable                            0x0800a218   Data           8  system_stm32f4xx.o(.constdata)
    shellCmdwp                               0x0800a220   Data           3  scscl.o(.constdata)
    shellDescwp                              0x0800a223   Data          27  scscl.o(.constdata)
    shellCmdwpe                              0x0800a23e   Data           4  smsbcl.o(.constdata)
    shellDescwpe                             0x0800a242   Data          28  smsbcl.o(.constdata)
    symbol                                   0x0800a260   Data          40  max7219_matrix.o(.constdata)
    numbers                                  0x0800a288   Data          80  max7219_matrix.o(.constdata)
    numbers3_5                               0x0800a2d8   Data          40  max7219_matrix.o(.constdata)
    Atoz                                     0x0800a300   Data         424  max7219_matrix.o(.constdata)
    shellCmdms                               0x0800a4a8   Data           3  max7219_matrix.o(.constdata)
    shellDescms                              0x0800a4ab   Data          40  max7219_matrix.o(.constdata)
    shellCmdmr                               0x0800a4d3   Data           3  max7219_matrix.o(.constdata)
    shellDescmr                              0x0800a4d6   Data          27  max7219_matrix.o(.constdata)
    shellCmdml                               0x0800a4f1   Data           3  max7219_matrix.o(.constdata)
    shellDescml                              0x0800a4f4   Data          27  max7219_matrix.o(.constdata)
    shellCmdmm                               0x0800a50f   Data           3  max7219_matrix.o(.constdata)
    shellDescmm                              0x0800a512   Data          22  max7219_matrix.o(.constdata)
    shellCmdami                              0x0800a528   Data           4  scs_servo.o(.constdata)
    shellDescami                             0x0800a52c   Data          10  scs_servo.o(.constdata)
    shellCmdamf                              0x0800a536   Data           4  scs_servo.o(.constdata)
    shellDescamf                             0x0800a53a   Data          22  scs_servo.o(.constdata)
    shellCmdfll                              0x0800a550   Data           4  scs_servo.o(.constdata)
    shellDescfll                             0x0800a554   Data          13  scs_servo.o(.constdata)
    shellCmdsap                              0x0800a561   Data           4  scs_servo.o(.constdata)
    shellDescsap                             0x0800a565   Data          17  scs_servo.o(.constdata)
    shellCmdwwp                              0x0800a576   Data           4  scs_servo.o(.constdata)
    shellDescwwp                             0x0800a57a   Data          71  scs_servo.o(.constdata)
    shellCmdseep                             0x0800a5c1   Data           5  scs_servo.o(.constdata)
    shellDescseep                            0x0800a5c6   Data          20  scs_servo.o(.constdata)
    shellCmdcpt                              0x0800a5da   Data           4  scs_servo.o(.constdata)
    shellDesccpt                             0x0800a5de   Data          42  scs_servo.o(.constdata)
    shellCmdcop                              0x0800a608   Data           4  scs_servo.o(.constdata)
    shellDesccop                             0x0800a60c   Data          35  scs_servo.o(.constdata)
    shellCmdgop                              0x0800a62f   Data           4  scs_servo.o(.constdata)
    shellDescgop                             0x0800a633   Data          10  scs_servo.o(.constdata)
    shellCmdgopsp                            0x0800a63d   Data           6  scs_servo.o(.constdata)
    shellDescgopsp                           0x0800a643   Data          12  scs_servo.o(.constdata)
    shellCmdp2g                              0x0800a64f   Data           4  scs_servo.o(.constdata)
    shellDescp2g                             0x0800a653   Data          24  scs_servo.o(.constdata)
    shellCmddog                              0x0800a66b   Data           4  scs_servo.o(.constdata)
    shellDescdog                             0x0800a66f   Data          12  scs_servo.o(.constdata)
    shellCmdsf                               0x0800a67b   Data           3  scs_servo.o(.constdata)
    shellDescsf                              0x0800a67e   Data          12  scs_servo.o(.constdata)
    shellCmdrf                               0x0800a68a   Data           3  scs_servo.o(.constdata)
    shellDescrf                              0x0800a68d   Data          12  scs_servo.o(.constdata)
    shellCmdmi                               0x0800a699   Data           3  scs_servo.o(.constdata)
    shellDescmi                              0x0800a69c   Data          14  scs_servo.o(.constdata)
    shellCmdde1                              0x0800a6aa   Data           4  scs_servo.o(.constdata)
    shellDescde1                             0x0800a6ae   Data          13  scs_servo.o(.constdata)
    shellCmdw5a                              0x0800a6bb   Data           4  scs_servo.o(.constdata)
    shellDescw5a                             0x0800a6bf   Data          34  scs_servo.o(.constdata)
    shellCmdw5p                              0x0800a6e1   Data           4  scs_servo.o(.constdata)
    shellDescw5p                             0x0800a6e5   Data          33  scs_servo.o(.constdata)
    shellCmdrg                               0x0800a706   Data           3  scs_servo.o(.constdata)
    shellDescrg                              0x0800a709   Data          15  scs_servo.o(.constdata)
    shellCmdragt                             0x0800a718   Data           5  scs_servo.o(.constdata)
    shellDescragt                            0x0800a71d   Data          22  scs_servo.o(.constdata)
    shellCmdDefaultUser                      0x0800a733   Data           7  shell.o(.constdata)
    shellPasswordDefaultUser                 0x0800a73a   Data           1  shell.o(.constdata)
    shellDesDefaultUser                      0x0800a73b   Data          13  shell.o(.constdata)
    shellCmdsetVar                           0x0800a748   Data           7  shell.o(.constdata)
    shellDescsetVar                          0x0800a74f   Data           8  shell.o(.constdata)
    shellDesc0x1B5B4100                      0x0800a757   Data           3  shell.o(.constdata)
    shellDesc0x1B5B4200                      0x0800a75a   Data           5  shell.o(.constdata)
    shellDesc0x1B5B4300                      0x0800a75f   Data           6  shell.o(.constdata)
    shellDesc0x1B5B4400                      0x0800a765   Data           5  shell.o(.constdata)
    shellDesc0x09000000                      0x0800a76a   Data           4  shell.o(.constdata)
    shellDesc0x08000000                      0x0800a76e   Data          10  shell.o(.constdata)
    shellDesc0x7F000000                      0x0800a778   Data          10  shell.o(.constdata)
    shellDesc0x1B5B337E                      0x0800a782   Data           7  shell.o(.constdata)
    shellDesc0x0A000000                      0x0800a789   Data           6  shell.o(.constdata)
    shellDesc0x0D000000                      0x0800a78f   Data           6  shell.o(.constdata)
    shellCmdhelp                             0x0800a795   Data           5  shell.o(.constdata)
    shellDeschelp                            0x0800a79a   Data          30  shell.o(.constdata)
    shellCmdusers                            0x0800a7b8   Data           6  shell.o(.constdata)
    shellDescusers                           0x0800a7be   Data          14  shell.o(.constdata)
    shellCmdcmds                             0x0800a7cc   Data           5  shell.o(.constdata)
    shellDesccmds                            0x0800a7d1   Data          13  shell.o(.constdata)
    shellCmdvars                             0x0800a7de   Data           5  shell.o(.constdata)
    shellDescvars                            0x0800a7e3   Data          13  shell.o(.constdata)
    shellCmdkeys                             0x0800a7f0   Data           5  shell.o(.constdata)
    shellDesckeys                            0x0800a7f5   Data          13  shell.o(.constdata)
    shellCmdclear                            0x0800a802   Data           6  shell.o(.constdata)
    shellDescclear                           0x0800a808   Data          14  shell.o(.constdata)
    twicle1Melody                            0x0800a818   Data         384  buzzerdriver.o(.constdata)
    twicle1Duration                          0x0800a998   Data         384  buzzerdriver.o(.constdata)
    twicle2Melody                            0x0800ab18   Data         768  buzzerdriver.o(.constdata)
    twicle2Duration                          0x0800ae18   Data         768  buzzerdriver.o(.constdata)
    tickMelody                               0x0800b118   Data          24  buzzerdriver.o(.constdata)
    tickDuration                             0x0800b130   Data          24  buzzerdriver.o(.constdata)
    marioMelody                              0x0800b148   Data         312  buzzerdriver.o(.constdata)
    secondMelody                             0x0800b280   Data           4  buzzerdriver.o(.constdata)
    marioDuration                            0x0800b284   Data         312  buzzerdriver.o(.constdata)
    secondDuration                           0x0800b3bc   Data           4  buzzerdriver.o(.constdata)
    melodySlowfactor                         0x0800b3c0   Data           4  buzzerdriver.o(.constdata)
    melodySizes                              0x0800b3c4   Data           8  buzzerdriver.o(.constdata)
    melodySizes2                             0x0800b3cc   Data           8  buzzerdriver.o(.constdata)
    melodySizes3                             0x0800b3d4   Data           8  buzzerdriver.o(.constdata)
    melodySizes3_2                           0x0800b3dc   Data           8  buzzerdriver.o(.constdata)
    Region$$Table$$Base                      0x0800b68c   Number         0  anon$$obj.o(Region$$Table)
    Region$$Table$$Limit                     0x0800b6ac   Number         0  anon$$obj.o(Region$$Table)
    shellCommand$$Base                       0x0800b6ac   Number         0  motorcontrol.o(shellCommand)
    shellCommandsmp                          0x0800b6ac   Data          16  motorcontrol.o(shellCommand)
    shellCommandsms                          0x0800b6bc   Data          16  motorcontrol.o(shellCommand)
    shellVarvkp0                             0x0800b6cc   Data          16  motorcontrol.o(shellCommand)
    shellVarvki0                             0x0800b6dc   Data          16  motorcontrol.o(shellCommand)
    shellVarmsp0                             0x0800b6ec   Data          16  controltask.o(shellCommand)
    shellVarmsp1                             0x0800b6fc   Data          16  controltask.o(shellCommand)
    shellVarmsp2                             0x0800b70c   Data          16  controltask.o(shellCommand)
    shellVarmsp3                             0x0800b71c   Data          16  controltask.o(shellCommand)
    shellVarmspset0                          0x0800b72c   Data          16  controltask.o(shellCommand)
    shellVarmspset1                          0x0800b73c   Data          16  controltask.o(shellCommand)
    shellVarmspset2                          0x0800b74c   Data          16  controltask.o(shellCommand)
    shellVarmspset3                          0x0800b75c   Data          16  controltask.o(shellCommand)
    shellVarfol                              0x0800b76c   Data          16  controltask.o(shellCommand)
    shellVarlkf                              0x0800b77c   Data          16  controltask.o(shellCommand)
    shellVart6e                              0x0800b78c   Data          16  controltask.o(shellCommand)
    shellVaremu                              0x0800b79c   Data          16  controltask.o(shellCommand)
    shellVaremu2                             0x0800b7ac   Data          16  controltask.o(shellCommand)
    shellVaremu3                             0x0800b7bc   Data          16  controltask.o(shellCommand)
    shellVartogm                             0x0800b7cc   Data          16  controltask.o(shellCommand)
    shellVartogs                             0x0800b7dc   Data          16  controltask.o(shellCommand)
    shellCommandqte                          0x0800b7ec   Data          16  controltask.o(shellCommand)
    shellCommandlset                         0x0800b7fc   Data          16  linefollowsensor.o(shellCommand)
    shellCommandcsd                          0x0800b80c   Data          16  linefollowsensor.o(shellCommand)
    shellCommandssenf                        0x0800b81c   Data          16  linefollowsensor.o(shellCommand)
    shellCommandrsenf                        0x0800b82c   Data          16  linefollowsensor.o(shellCommand)
    shellCommandog                           0x0800b83c   Data          16  linefollowsensor.o(shellCommand)
    shellCommandogsp                         0x0800b84c   Data          16  linefollowsensor.o(shellCommand)
    shellCommandni                           0x0800b85c   Data          16  linefollowsensor.o(shellCommand)
    shellCommandotw                          0x0800b86c   Data          16  gongxun.o(shellCommand)
    shellCommandgxgo                         0x0800b87c   Data          16  gongxun.o(shellCommand)
    shellCommandrqr                          0x0800b88c   Data          16  gongxun.o(shellCommand)
    shellCommandrm                           0x0800b89c   Data          16  gongxun.o(shellCommand)
    shellVaru3ok                             0x0800b8ac   Data          16  uart234.o(shellCommand)
    shellVarrc1111                           0x0800b8bc   Data          16  uart234.o(shellCommand)
    shellCommandu3rqr                        0x0800b8cc   Data          16  uart234.o(shellCommand)
    shellCommandu3rco                        0x0800b8dc   Data          16  uart234.o(shellCommand)
    shellCommandu2sco                        0x0800b8ec   Data          16  uart234.o(shellCommand)
    shellVarxsp                              0x0800b8fc   Data          16  main.o(shellCommand)
    shellVarysp                              0x0800b90c   Data          16  main.o(shellCommand)
    shellVarasp                              0x0800b91c   Data          16  main.o(shellCommand)
    shellVarstf                              0x0800b92c   Data          16  main.o(shellCommand)
    shellVarsb                               0x0800b93c   Data          16  usart.o(shellCommand)
    shellCommandwp                           0x0800b94c   Data          16  scscl.o(shellCommand)
    shellCommandwpe                          0x0800b95c   Data          16  smsbcl.o(shellCommand)
    shellCommandms                           0x0800b96c   Data          16  max7219_matrix.o(shellCommand)
    shellCommandmr                           0x0800b97c   Data          16  max7219_matrix.o(shellCommand)
    shellCommandml                           0x0800b98c   Data          16  max7219_matrix.o(shellCommand)
    shellCommandmm                           0x0800b99c   Data          16  max7219_matrix.o(shellCommand)
    shellCommandami                          0x0800b9ac   Data          16  scs_servo.o(shellCommand)
    shellCommandamf                          0x0800b9bc   Data          16  scs_servo.o(shellCommand)
    shellCommandfll                          0x0800b9cc   Data          16  scs_servo.o(shellCommand)
    shellCommandsap                          0x0800b9dc   Data          16  scs_servo.o(shellCommand)
    shellCommandwwp                          0x0800b9ec   Data          16  scs_servo.o(shellCommand)
    shellCommandseep                         0x0800b9fc   Data          16  scs_servo.o(shellCommand)
    shellCommandcpt                          0x0800ba0c   Data          16  scs_servo.o(shellCommand)
    shellCommandcop                          0x0800ba1c   Data          16  scs_servo.o(shellCommand)
    shellCommandgop                          0x0800ba2c   Data          16  scs_servo.o(shellCommand)
    shellCommandgopsp                        0x0800ba3c   Data          16  scs_servo.o(shellCommand)
    shellCommandp2g                          0x0800ba4c   Data          16  scs_servo.o(shellCommand)
    shellCommanddog                          0x0800ba5c   Data          16  scs_servo.o(shellCommand)
    shellCommandsf                           0x0800ba6c   Data          16  scs_servo.o(shellCommand)
    shellCommandrf                           0x0800ba7c   Data          16  scs_servo.o(shellCommand)
    shellCommandmi                           0x0800ba8c   Data          16  scs_servo.o(shellCommand)
    shellCommandde1                          0x0800ba9c   Data          16  scs_servo.o(shellCommand)
    shellCommandw5a                          0x0800baac   Data          16  scs_servo.o(shellCommand)
    shellCommandw5p                          0x0800babc   Data          16  scs_servo.o(shellCommand)
    shellCommandrg                           0x0800bacc   Data          16  scs_servo.o(shellCommand)
    shellCommandragt                         0x0800badc   Data          16  scs_servo.o(shellCommand)
    shellUserDefault                         0x0800baec   Data          16  shell.o(shellCommand)
    shellCommandsetVar                       0x0800bafc   Data          16  shell.o(shellCommand)
    shellKey0x1B5B4100                       0x0800bb0c   Data          16  shell.o(shellCommand)
    shellKey0x1B5B4200                       0x0800bb1c   Data          16  shell.o(shellCommand)
    shellKey0x1B5B4300                       0x0800bb2c   Data          16  shell.o(shellCommand)
    shellKey0x1B5B4400                       0x0800bb3c   Data          16  shell.o(shellCommand)
    shellKey0x09000000                       0x0800bb4c   Data          16  shell.o(shellCommand)
    shellKey0x08000000                       0x0800bb5c   Data          16  shell.o(shellCommand)
    shellKey0x7F000000                       0x0800bb6c   Data          16  shell.o(shellCommand)
    shellKey0x1B5B337E                       0x0800bb7c   Data          16  shell.o(shellCommand)
    shellKey0x0A000000                       0x0800bb8c   Data          16  shell.o(shellCommand)
    shellKey0x0D000000                       0x0800bb9c   Data          16  shell.o(shellCommand)
    shellCommandhelp                         0x0800bbac   Data          16  shell.o(shellCommand)
    shellCommandusers                        0x0800bbbc   Data          16  shell.o(shellCommand)
    shellCommandcmds                         0x0800bbcc   Data          16  shell.o(shellCommand)
    shellCommandvars                         0x0800bbdc   Data          16  shell.o(shellCommand)
    shellCommandkeys                         0x0800bbec   Data          16  shell.o(shellCommand)
    shellCommandclear                        0x0800bbfc   Data          16  shell.o(shellCommand)
    shellCommand$$Limit                      0x0800bc0c   Number         0  shell.o(shellCommand)
    Velocity_Kp0                             0x20000000   Data           4  motorcontrol.o(.data)
    Velocity_Ki0                             0x20000004   Data           4  motorcontrol.o(.data)
    Velocity_Kp1                             0x20000008   Data           4  motorcontrol.o(.data)
    Velocity_Ki1                             0x2000000c   Data           4  motorcontrol.o(.data)
    Velocity_Kp2                             0x20000010   Data           4  motorcontrol.o(.data)
    Velocity_Ki2                             0x20000014   Data           4  motorcontrol.o(.data)
    Velocity_Kp3                             0x20000018   Data           4  motorcontrol.o(.data)
    Velocity_Ki3                             0x2000001c   Data           4  motorcontrol.o(.data)
    motorpwm_set                             0x20000050   Data          16  controltask.o(.data)
    cx                                       0x20000060   Data           1  controltask.o(.data)
    AngleAndPositionTIM                      0x20000061   Data           1  controltask.o(.data)
    lockFlag                                 0x20000062   Data           1  controltask.o(.data)
    Time1_ms                                 0x20000064   Data           2  controltask.o(.data)
    Time2_ms                                 0x20000066   Data           2  controltask.o(.data)
    Time3_ms                                 0x20000068   Data           2  controltask.o(.data)
    tim6enable                               0x2000006a   Data           1  controltask.o(.data)
    musicenable                              0x2000006b   Data           1  controltask.o(.data)
    musicenable2                             0x2000006c   Data           1  controltask.o(.data)
    musicenable3                             0x2000006d   Data           1  controltask.o(.data)
    toggleMotor                              0x2000006e   Data           1  controltask.o(.data)
    toggleServo                              0x2000006f   Data           1  controltask.o(.data)
    gray_count                               0x20000070   Data           1  controltask.o(.data)
    ErrorRank                                0x20000074   Data          16  linefollowsensor.o(.data)
    temp                                     0x20000084   Data           4  linefollowsensor.o(.data)
    xunhuan                                  0x20000088   Data           4  linefollowsensor.o(.data)
    HBPosition                               0x2000008c   Data           4  linefollowsensor.o(.data)
    LRPosition                               0x20000090   Data           4  linefollowsensor.o(.data)
    xAngle                                   0x20000094   Data           4  linefollowsensor.o(.data)
    yAngle                                   0x20000098   Data           4  linefollowsensor.o(.data)
    xAngle_PIDControlVal                     0x2000009c   Data           4  linefollowsensor.o(.data)
    xAngleSet                                0x200000a0   Data           4  linefollowsensor.o(.data)
    xPositionSet                             0x200000a4   Data           4  linefollowsensor.o(.data)
    yAngleSet                                0x200000a8   Data           4  linefollowsensor.o(.data)
    yPositionSet                             0x200000ac   Data           4  linefollowsensor.o(.data)
    CarMovingTo                              0x200000b0   Data           4  linefollowsensor.o(.data)
    CarMovingTo_last                         0x200000b4   Data           4  linefollowsensor.o(.data)
    queue                                    0x200000c8   Data           6  gongxun.o(.data)
    readQ                                    0x200000ce   Data           1  gongxun.o(.data)
    readC                                    0x200000cf   Data           1  gongxun.o(.data)
    uart3ok                                  0x200000d0   Data           1  uart234.o(.data)
    readcolor_mode                           0x200000d1   Data           1  uart234.o(.data)
    Ov3Mode                                  0x200000d2   Data           1  uart234.o(.data)
    Max7219_String                           0x200000d3   Data           9  uart234.o(.data)
    CMD_Serial                               0x200000dc   Data          11  uart234.o(.data)
    CMD_qrcode                               0x200000e7   Data           7  uart234.o(.data)
    CMD_Material                             0x200000ee   Data          15  uart234.o(.data)
    CMD_color                                0x200000fd   Data           6  uart234.o(.data)
    colororder                               0x20000103   Data           6  uart234.o(.data)
    RxBuff                                   0x20000109   Data           1  uart234.o(.data)
    Color                                    0x2000010a   Data           6  uart234.o(.data)
    RxLine                                   0x20000110   Data           4  uart234.o(.data)
    led_str                                  0x20000114   Data           6  uart234.o(.data)
    y_speed                                  0x20000120   Data           4  main.o(.data)
    x_speed                                  0x20000124   Data           4  main.o(.data)
    a_speed                                  0x20000128   Data           4  main.o(.data)
    cx_main                                  0x2000012c   Data           4  main.o(.data)
    START_MODE                               0x20000130   Data           4  main.o(.data)
    x_position                               0x20000134   Data           4  main.o(.data)
    y_position                               0x20000138   Data           4  main.o(.data)
    BEGIN_X                                  0x2000013c   Data           4  main.o(.data)
    BEGIN_Y                                  0x20000140   Data           4  main.o(.data)
    END_X                                    0x20000144   Data           4  main.o(.data)
    END_Y                                    0x20000148   Data           4  main.o(.data)
    startFlag                                0x2000014c   Data           1  main.o(.data)
    showback                                 0x2000014d   Data           1  usart.o(.data)
    uwTick                                   0x20000150   Data           4  stm32f4xx_hal.o(.data)
    uwTickPrio                               0x20000154   Data           4  stm32f4xx_hal.o(.data)
    uwTickFreq                               0x20000158   Data           1  stm32f4xx_hal.o(.data)
    SystemCoreClock                          0x2000015c   Data           4  system_stm32f4xx.o(.data)
    End                                      0x20000161   Data           1  scs.o(.data)
    IOTimeOut                                0x20000168   Data           4  scserail.o(.data)
    wLen                                     0x2000016c   Data           1  scserail.o(.data)
    head                                     0x20000170   Data           4  uart.o(.data)
    tail                                     0x20000174   Data           4  uart.o(.data)
    data_one_byte                            0x20000178   Data           1  uart.o(.data)
    TimingMillis                             0x2000017c   Data           4  wiring.o(.data)
    Max7219_SPI                              0x20000180   Data           4  max7219.o(.data)
    Max7219_SS_Port                          0x20000184   Data           4  max7219.o(.data)
    Max7219_SS_Pin                           0x20000188   Data           2  max7219.o(.data)
    recv_buf                                 0x200001e0   Data           1  shell_port.o(.data)
    melody                                   0x200001e4   Data           8  buzzerdriver.o(.data)
    noteDurations                            0x200001ec   Data           8  buzzerdriver.o(.data)
    melody2                                  0x200001f4   Data           8  buzzerdriver.o(.data)
    noteDurations2                           0x200001fc   Data           8  buzzerdriver.o(.data)
    melody3twincle                           0x20000204   Data           8  buzzerdriver.o(.data)
    noteDurations3                           0x2000020c   Data           8  buzzerdriver.o(.data)
    melody3twincle2                          0x20000214   Data           8  buzzerdriver.o(.data)
    noteDurations3_2                         0x2000021c   Data           8  buzzerdriver.o(.data)
    __stdout                                 0x20000248   Data           4  stdout.o(.data)
    CoderData                                0x2000024c   Data          16  controltask.o(.bss)
    CoderData_last                           0x2000025c   Data          16  controltask.o(.bss)
    motordirection                           0x2000026c   Data          16  controltask.o(.bss)
    motorspeed                               0x2000027c   Data          16  controltask.o(.bss)
    motorspeed_set                           0x2000028c   Data          16  controltask.o(.bss)
    MaxSpeed                                 0x2000029c   Data          16  controltask.o(.bss)
    udPIDParameter0                          0x200002ac   Data          36  pid.o(.bss)
    udPIDParameter1                          0x200002d0   Data          36  pid.o(.bss)
    udPIDParameter2                          0x200002f4   Data          36  pid.o(.bss)
    udPIDParameter3                          0x20000318   Data          36  pid.o(.bss)
    xAnglePIDParameter4                      0x2000033c   Data          36  pid.o(.bss)
    xPositionPIDParameter5                   0x20000360   Data          36  pid.o(.bss)
    yAnglePIDParameter6                      0x20000384   Data          36  pid.o(.bss)
    yPositionPIDParameter7                   0x200003a8   Data          36  pid.o(.bss)
    LineSensor                               0x200003cc   Data          16  linefollowsensor.o(.bss)
    Error                                    0x200003dc   Data          16  linefollowsensor.o(.bss)
    Sensor_JG_Buffer                         0x200003ec   Data         120  linefollowsensor.o(.bss)
    Sensor_Check_Buffer                      0x20000464   Data         120  linefollowsensor.o(.bss)
    SegOFFSET_JG                             0x200004dc   Data          16  linefollowsensor.o(.bss)
    index_gray                               0x200004ec   Data          16  linefollowsensor.o(.bss)
    meterial                                 0x200004fc   Data          12  gongxun.o(.bss)
    DataBuff                                 0x20000508   Data          50  uart234.o(.bss)
    hi2c1                                    0x2000053c   Data          84  i2c.o(.bss)
    hspi1                                    0x20000590   Data          88  spi.o(.bss)
    htim1                                    0x200005e8   Data          64  tim.o(.bss)
    htim2                                    0x20000628   Data          64  tim.o(.bss)
    htim3                                    0x20000668   Data          64  tim.o(.bss)
    htim4                                    0x200006a8   Data          64  tim.o(.bss)
    htim5                                    0x200006e8   Data          64  tim.o(.bss)
    htim6                                    0x20000728   Data          64  tim.o(.bss)
    htim8                                    0x20000768   Data          64  tim.o(.bss)
    htim9                                    0x200007a8   Data          64  tim.o(.bss)
    htim12                                   0x200007e8   Data          64  tim.o(.bss)
    huart5                                   0x20000828   Data          64  usart.o(.bss)
    huart1                                   0x20000868   Data          64  usart.o(.bss)
    huart2                                   0x200008a8   Data          64  usart.o(.bss)
    huart3                                   0x200008e8   Data          64  usart.o(.bss)
    pFlash                                   0x20000928   Data          32  stm32f4xx_hal_flash.o(.bss)
    wBuf                                     0x20000957   Data         128  scserail.o(.bss)
    uartBuf                                  0x200009d7   Data         128  uart.o(.bss)
    FrameBuffer                              0x20000a57   Data          32  max7219_matrix.o(.bss)
    postion                                  0x20000a78   Data        1400  scs_servo.o(.bss)
    group                                    0x20000ff0   Data        1200  scs_servo.o(.bss)
    postion_ex                               0x200014a0   Data       11200  scs_servo.o(.bss)
    shell                                    0x20004080   Data         108  shell_port.o(.bss)
    shell_buffer                             0x200040ec   Data         512  shell_port.o(.bss)
    __initial_sp                             0x20004af0   Data           0  startup_stm32f407xx.o(STACK)



==============================================================================

Memory Map of the image

  Image Entry point : 0x08000189

  Load Region LR_IROM1 (Base: 0x08000000, Size: 0x0000be58, Max: 0x00080000, ABSOLUTE, COMPRESSED[0x0000bcdc])

    Execution Region ER_IROM1 (Exec base: 0x08000000, Load base: 0x08000000, Size: 0x0000bc0c, Max: 0x00080000, ABSOLUTE)

    Exec Addr    Load Addr    Size         Type   Attr      Idx    E Section Name        Object

    0x08000000   0x08000000   0x00000188   Data   RO            3    RESET               startup_stm32f407xx.o
    0x08000188   0x08000188   0x00000000   Code   RO         6061  * .ARM.Collect$$$$00000000  mc_w.l(entry.o)
    0x08000188   0x08000188   0x00000004   Code   RO         6387    .ARM.Collect$$$$00000001  mc_w.l(entry2.o)
    0x0800018c   0x0800018c   0x00000004   Code   RO         6390    .ARM.Collect$$$$00000004  mc_w.l(entry5.o)
    0x08000190   0x08000190   0x00000000   Code   RO         6392    .ARM.Collect$$$$00000008  mc_w.l(entry7b.o)
    0x08000190   0x08000190   0x00000000   Code   RO         6394    .ARM.Collect$$$$0000000A  mc_w.l(entry8b.o)
    0x08000190   0x08000190   0x00000008   Code   RO         6395    .ARM.Collect$$$$0000000B  mc_w.l(entry9a.o)
    0x08000198   0x08000198   0x00000000   Code   RO         6397    .ARM.Collect$$$$0000000D  mc_w.l(entry10a.o)
    0x08000198   0x08000198   0x00000000   Code   RO         6399    .ARM.Collect$$$$0000000F  mc_w.l(entry11a.o)
    0x08000198   0x08000198   0x00000004   Code   RO         6388    .ARM.Collect$$$$00002712  mc_w.l(entry2.o)
    0x0800019c   0x0800019c   0x00000024   Code   RO            4    .text               startup_stm32f407xx.o
    0x080001c0   0x080001c0   0x00000062   Code   RO         6064    .text               mc_w.l(uldiv.o)
    0x08000222   0x08000222   0x00000024   Code   RO         6066    .text               mc_w.l(memcpya.o)
    0x08000246   0x08000246   0x00000024   Code   RO         6068    .text               mc_w.l(memseta.o)
    0x0800026a   0x0800026a   0x0000000e   Code   RO         6070    .text               mc_w.l(strlen.o)
    0x08000278   0x08000278   0x0000001c   Code   RO         6072    .text               mc_w.l(strcmp.o)
    0x08000294   0x08000294   0x0000001e   Code   RO         6074    .text               mc_w.l(strncmp.o)
    0x080002b2   0x080002b2   0x0000014e   Code   RO         6339    .text               mf_w.l(dadd.o)
    0x08000400   0x08000400   0x000000e4   Code   RO         6341    .text               mf_w.l(dmul.o)
    0x080004e4   0x080004e4   0x000000de   Code   RO         6343    .text               mf_w.l(ddiv.o)
    0x080005c2   0x080005c2   0x0000002c   Code   RO         6402    .text               mc_w.l(uidiv.o)
    0x080005ee   0x080005ee   0x0000001e   Code   RO         6404    .text               mc_w.l(llshl.o)
    0x0800060c   0x0800060c   0x00000020   Code   RO         6406    .text               mc_w.l(llushr.o)
    0x0800062c   0x0800062c   0x00000024   Code   RO         6408    .text               mc_w.l(llsshr.o)
    0x08000650   0x08000650   0x00000000   Code   RO         6417    .text               mc_w.l(iusefp.o)
    0x08000650   0x08000650   0x000000ba   Code   RO         6420    .text               mf_w.l(depilogue.o)
    0x0800070a   0x0800070a   0x00000030   Code   RO         6426    .text               mf_w.l(dfixul.o)
    0x0800073a   0x0800073a   0x00000002   PAD
    0x0800073c   0x0800073c   0x00000030   Code   RO         6430    .text               mf_w.l(cdrcmple.o)
    0x0800076c   0x0800076c   0x00000024   Code   RO         6432    .text               mc_w.l(init.o)
    0x08000790   0x08000790   0x00000056   Code   RO         6448    .text               mc_w.l(__dczerorl2.o)
    0x080007e6   0x080007e6   0x00000002   PAD
    0x080007e8   0x080007e8   0x0000006c   Code   RO         4533    i.Ack               scs.o
    0x08000854   0x08000854   0x00000030   Code   RO          329    i.AnglePosControl   linefollowsensor.o
    0x08000884   0x08000884   0x0000003a   Code   RO         5278    i.ArmForceEnable    scs_servo.o
    0x080008be   0x080008be   0x00000030   Code   RO         5279    i.ArmGoMiddle       scs_servo.o
    0x080008ee   0x080008ee   0x00000002   PAD
    0x080008f0   0x080008f0   0x00000070   Code   RO         5280    i.ArmInit           scs_servo.o
    0x08000960   0x08000960   0x0000009c   Code   RO         5281    i.ArmSetBuff        scs_servo.o
    0x080009fc   0x080009fc   0x0000006c   Code   RO          330    i.AtGridPosition    linefollowsensor.o
    0x08000a68   0x08000a68   0x00000004   Code   RO         1036    i.BusFault_Handler  stm32f4xx_it.o
    0x08000a6c   0x08000a6c   0x00000054   Code   RO          332    i.CheckSensorData   linefollowsensor.o
    0x08000ac0   0x08000ac0   0x0000002c   Code   RO          559    i.Color2Addend      gongxun.o
    0x08000aec   0x08000aec   0x00000002   Code   RO         1037    i.DebugMon_Handler  stm32f4xx_it.o
    0x08000aee   0x08000aee   0x00000002   PAD
    0x08000af0   0x08000af0   0x00000040   Code   RO         5088    i.DelayInit         max7219.o
    0x08000b30   0x08000b30   0x00000034   Code   RO         5089    i.DelayUS           max7219.o
    0x08000b64   0x08000b64   0x000000dc   Code   RO          333    i.DirectionError_Calc  linefollowsensor.o
    0x08000c40   0x08000c40   0x00000038   Code   RO         5282    i.DoGroup           scs_servo.o
    0x08000c78   0x08000c78   0x00000012   Code   RO         4647    i.EnableTorque      scscl.o
    0x08000c8a   0x08000c8a   0x00000002   Code   RO          719    i.Error_Handler     main.o
    0x08000c8c   0x08000c8c   0x0000005c   Code   RO         1999    i.FLASH_Erase_Sector  stm32f4xx_hal_flash_ex.o
    0x08000ce8   0x08000ce8   0x00000078   Code   RO         2000    i.FLASH_FlushCaches  stm32f4xx_hal_flash_ex.o
    0x08000d60   0x08000d60   0x00000030   Code   RO         2001    i.FLASH_MassErase   stm32f4xx_hal_flash_ex.o
    0x08000d90   0x08000d90   0x00000024   Code   RO         1881    i.FLASH_Program_Byte  stm32f4xx_hal_flash.o
    0x08000db4   0x08000db4   0x0000003c   Code   RO         1882    i.FLASH_Program_DoubleWord  stm32f4xx_hal_flash.o
    0x08000df0   0x08000df0   0x00000028   Code   RO         1883    i.FLASH_Program_HalfWord  stm32f4xx_hal_flash.o
    0x08000e18   0x08000e18   0x00000028   Code   RO         1884    i.FLASH_Program_Word  stm32f4xx_hal_flash.o
    0x08000e40   0x08000e40   0x00000098   Code   RO         1885    i.FLASH_SetErrorCode  stm32f4xx_hal_flash.o
    0x08000ed8   0x08000ed8   0x00000064   Code   RO         1886    i.FLASH_WaitForLastOperation  stm32f4xx_hal_flash.o
    0x08000f3c   0x08000f3c   0x00000032   Code   RO         5283    i.ForceAll          scs_servo.o
    0x08000f6e   0x08000f6e   0x00000002   PAD
    0x08000f70   0x08000f70   0x00000174   Code   RO          336    i.GetSensorData     linefollowsensor.o
    0x080010e4   0x080010e4   0x00000174   Code   RO          337    i.GetSensorDataRaw  linefollowsensor.o
    0x08001258   0x08001258   0x0000001c   Code   RO          560    i.GoFrontForMaterial  gongxun.o
    0x08001274   0x08001274   0x00000034   Code   RO          561    i.GoFrontForQR      gongxun.o
    0x080012a8   0x080012a8   0x00000124   Code   RO         5284    i.GoPos             scs_servo.o
    0x080013cc   0x080013cc   0x00000100   Code   RO         5285    i.GoPosSP           scs_servo.o
    0x080014cc   0x080014cc   0x0000001c   Code   RO          338    i.Grid_Lock         linefollowsensor.o
    0x080014e8   0x080014e8   0x00000014   Code   RO          339    i.Grid_UnLock       linefollowsensor.o
    0x080014fc   0x080014fc   0x00000028   Code   RO         2233    i.HAL_DMA_Abort_IT  stm32f4xx_hal_dma.o
    0x08001524   0x08001524   0x00000028   Code   RO         2656    i.HAL_Delay         stm32f4xx_hal.o
    0x0800154c   0x0800154c   0x000000ac   Code   RO         2011    i.HAL_FLASHEx_Erase  stm32f4xx_hal_flash_ex.o
    0x080015f8   0x080015f8   0x00000014   Code   RO         1890    i.HAL_FLASH_Lock    stm32f4xx_hal_flash.o
    0x0800160c   0x0800160c   0x00000098   Code   RO         1895    i.HAL_FLASH_Program  stm32f4xx_hal_flash.o
    0x080016a4   0x080016a4   0x00000034   Code   RO         1897    i.HAL_FLASH_Unlock  stm32f4xx_hal_flash.o
    0x080016d8   0x080016d8   0x00000200   Code   RO         2125    i.HAL_GPIO_Init     stm32f4xx_hal_gpio.o
    0x080018d8   0x080018d8   0x00000010   Code   RO         2127    i.HAL_GPIO_ReadPin  stm32f4xx_hal_gpio.o
    0x080018e8   0x080018e8   0x00000012   Code   RO         2128    i.HAL_GPIO_TogglePin  stm32f4xx_hal_gpio.o
    0x080018fa   0x080018fa   0x0000000c   Code   RO         2129    i.HAL_GPIO_WritePin  stm32f4xx_hal_gpio.o
    0x08001906   0x08001906   0x00000002   PAD
    0x08001908   0x08001908   0x0000000c   Code   RO         2662    i.HAL_GetTick       stm32f4xx_hal.o
    0x08001914   0x08001914   0x000001d0   Code   RO         1246    i.HAL_I2C_Init      stm32f4xx_hal_i2c.o
    0x08001ae4   0x08001ae4   0x00000088   Code   RO          833    i.HAL_I2C_MspInit   i2c.o
    0x08001b6c   0x08001b6c   0x00000018   Code   RO         2668    i.HAL_IncTick       stm32f4xx_hal.o
    0x08001b84   0x08001b84   0x0000003c   Code   RO         2669    i.HAL_Init          stm32f4xx_hal.o
    0x08001bc0   0x08001bc0   0x0000004c   Code   RO         2670    i.HAL_InitTick      stm32f4xx_hal.o
    0x08001c0c   0x08001c0c   0x00000048   Code   RO         1211    i.HAL_MspInit       stm32f4xx_hal_msp.o
    0x08001c54   0x08001c54   0x00000020   Code   RO         2514    i.HAL_NVIC_EnableIRQ  stm32f4xx_hal_cortex.o
    0x08001c74   0x08001c74   0x0000007c   Code   RO         2520    i.HAL_NVIC_SetPriority  stm32f4xx_hal_cortex.o
    0x08001cf0   0x08001cf0   0x00000028   Code   RO         2521    i.HAL_NVIC_SetPriorityGrouping  stm32f4xx_hal_cortex.o
    0x08001d18   0x08001d18   0x00000184   Code   RO         1726    i.HAL_RCC_ClockConfig  stm32f4xx_hal_rcc.o
    0x08001e9c   0x08001e9c   0x0000000c   Code   RO         1731    i.HAL_RCC_GetHCLKFreq  stm32f4xx_hal_rcc.o
    0x08001ea8   0x08001ea8   0x00000020   Code   RO         1733    i.HAL_RCC_GetPCLK1Freq  stm32f4xx_hal_rcc.o
    0x08001ec8   0x08001ec8   0x00000020   Code   RO         1734    i.HAL_RCC_GetPCLK2Freq  stm32f4xx_hal_rcc.o
    0x08001ee8   0x08001ee8   0x000000b0   Code   RO         1735    i.HAL_RCC_GetSysClockFreq  stm32f4xx_hal_rcc.o
    0x08001f98   0x08001f98   0x00000488   Code   RO         1738    i.HAL_RCC_OscConfig  stm32f4xx_hal_rcc.o
    0x08002420   0x08002420   0x0000008c   Code   RO         2918    i.HAL_SPI_Init      stm32f4xx_hal_spi.o
    0x080024ac   0x080024ac   0x00000088   Code   RO          875    i.HAL_SPI_MspInit   spi.o
    0x08002534   0x08002534   0x000001a2   Code   RO         2926    i.HAL_SPI_Transmit  stm32f4xx_hal_spi.o
    0x080026d6   0x080026d6   0x00000002   PAD
    0x080026d8   0x080026d8   0x00000010   Code   RO         4914    i.HAL_SYSTICK_Callback  wiring.o
    0x080026e8   0x080026e8   0x00000034   Code   RO         2525    i.HAL_SYSTICK_Config  stm32f4xx_hal_cortex.o
    0x0800271c   0x0800271c   0x00000008   Code   RO         2526    i.HAL_SYSTICK_IRQHandler  stm32f4xx_hal_cortex.o
    0x08002724   0x08002724   0x00000002   Code   RO         3917    i.HAL_TIMEx_BreakCallback  stm32f4xx_hal_tim_ex.o
    0x08002726   0x08002726   0x00000002   Code   RO         3918    i.HAL_TIMEx_CommutCallback  stm32f4xx_hal_tim_ex.o
    0x08002728   0x08002728   0x00000074   Code   RO         3920    i.HAL_TIMEx_ConfigBreakDeadTime  stm32f4xx_hal_tim_ex.o
    0x0800279c   0x0800279c   0x000000b4   Code   RO         3935    i.HAL_TIMEx_MasterConfigSynchronization  stm32f4xx_hal_tim_ex.o
    0x08002850   0x08002850   0x00000034   Code   RO         3231    i.HAL_TIM_Base_Init  stm32f4xx_hal_tim.o
    0x08002884   0x08002884   0x000000d0   Code   RO          917    i.HAL_TIM_Base_MspInit  tim.o
    0x08002954   0x08002954   0x0000002a   Code   RO         3236    i.HAL_TIM_Base_Start_IT  stm32f4xx_hal_tim.o
    0x0800297e   0x0800297e   0x00000108   Code   RO         3240    i.HAL_TIM_ConfigClockSource  stm32f4xx_hal_tim.o
    0x08002a86   0x08002a86   0x000000ae   Code   RO         3249    i.HAL_TIM_Encoder_Init  stm32f4xx_hal_tim.o
    0x08002b34   0x08002b34   0x00000208   Code   RO          919    i.HAL_TIM_Encoder_MspInit  tim.o
    0x08002d3c   0x08002d3c   0x0000004e   Code   RO         3252    i.HAL_TIM_Encoder_Start  stm32f4xx_hal_tim.o
    0x08002d8a   0x08002d8a   0x00000002   Code   RO         3260    i.HAL_TIM_IC_CaptureCallback  stm32f4xx_hal_tim.o
    0x08002d8c   0x08002d8c   0x00000196   Code   RO         3274    i.HAL_TIM_IRQHandler  stm32f4xx_hal_tim.o
    0x08002f22   0x08002f22   0x00000002   PAD
    0x08002f24   0x08002f24   0x00000184   Code   RO          920    i.HAL_TIM_MspPostInit  tim.o
    0x080030a8   0x080030a8   0x00000002   Code   RO         3277    i.HAL_TIM_OC_DelayElapsedCallback  stm32f4xx_hal_tim.o
    0x080030aa   0x080030aa   0x00000108   Code   RO         3298    i.HAL_TIM_PWM_ConfigChannel  stm32f4xx_hal_tim.o
    0x080031b2   0x080031b2   0x00000034   Code   RO         3301    i.HAL_TIM_PWM_Init  stm32f4xx_hal_tim.o
    0x080031e6   0x080031e6   0x00000002   PAD
    0x080031e8   0x080031e8   0x00000034   Code   RO          922    i.HAL_TIM_PWM_MspInit  tim.o
    0x0800321c   0x0800321c   0x00000002   Code   RO         3304    i.HAL_TIM_PWM_PulseFinishedCallback  stm32f4xx_hal_tim.o
    0x0800321e   0x0800321e   0x00000002   PAD
    0x08003220   0x08003220   0x00000058   Code   RO         3306    i.HAL_TIM_PWM_Start  stm32f4xx_hal_tim.o
    0x08003278   0x08003278   0x00000348   Code   RO          205    i.HAL_TIM_PeriodElapsedCallback  controltask.o
    0x080035c0   0x080035c0   0x00000002   Code   RO         3317    i.HAL_TIM_TriggerCallback  stm32f4xx_hal_tim.o
    0x080035c2   0x080035c2   0x00000002   Code   RO         4189    i.HAL_UART_ErrorCallback  stm32f4xx_hal_uart.o
    0x080035c4   0x080035c4   0x00000154   Code   RO         4192    i.HAL_UART_IRQHandler  stm32f4xx_hal_uart.o
    0x08003718   0x08003718   0x00000072   Code   RO         4193    i.HAL_UART_Init     stm32f4xx_hal_uart.o
    0x0800378a   0x0800378a   0x00000002   PAD
    0x0800378c   0x0800378c   0x0000025c   Code   RO         1143    i.HAL_UART_MspInit  usart.o
    0x080039e8   0x080039e8   0x00000070   Code   RO         4198    i.HAL_UART_Receive_IT  stm32f4xx_hal_uart.o
    0x08003a58   0x08003a58   0x00000080   Code   RO         1144    i.HAL_UART_RxCpltCallback  usart.o
    0x08003ad8   0x08003ad8   0x00000154   Code   RO          635    i.HAL_UART_RxCpltCallback_color  uart234.o
    0x08003c2c   0x08003c2c   0x000000d8   Code   RO         4201    i.HAL_UART_Transmit  stm32f4xx_hal_uart.o
    0x08003d04   0x08003d04   0x00000002   Code   RO         4204    i.HAL_UART_TxCpltCallback  stm32f4xx_hal_uart.o
    0x08003d06   0x08003d06   0x00000004   Code   RO         1038    i.HardFault_Handler  stm32f4xx_it.o
    0x08003d0a   0x08003d0a   0x00000002   PAD
    0x08003d0c   0x08003d0c   0x0000001c   Code   RO         4534    i.Host2SCS          scs.o
    0x08003d28   0x08003d28   0x00000078   Code   RO           13    i.Incremental_PI0   motorcontrol.o
    0x08003da0   0x08003da0   0x00000078   Code   RO           14    i.Incremental_PI1   motorcontrol.o
    0x08003e18   0x08003e18   0x00000078   Code   RO           15    i.Incremental_PI2   motorcontrol.o
    0x08003e90   0x08003e90   0x00000078   Code   RO           16    i.Incremental_PI3   motorcontrol.o
    0x08003f08   0x08003f08   0x000000cc   Code   RO          340    i.LineFollowInit    linefollowsensor.o
    0x08003fd4   0x08003fd4   0x00000010   Code   RO         4649    i.LockEprom         scscl.o
    0x08003fe4   0x08003fe4   0x00000010   Code   RO         4954    i.LockEpromEx       smsbcl.o
    0x08003ff4   0x08003ff4   0x00000080   Code   RO          341    i.LockResetPID      linefollowsensor.o
    0x08004074   0x08004074   0x00000080   Code   RO          342    i.LockSetPID        linefollowsensor.o
    0x080040f4   0x080040f4   0x00000022   Code   RO         5090    i.MAX7219_Decode    max7219.o
    0x08004116   0x08004116   0x0000002e   Code   RO         5091    i.MAX7219_Digit     max7219.o
    0x08004144   0x08004144   0x0000002c   Code   RO         5092    i.MAX7219_Init      max7219.o
    0x08004170   0x08004170   0x00000028   Code   RO         5093    i.MAX7219_Intensity  max7219.o
    0x08004198   0x08004198   0x0000001c   Code   RO         5185    i.MAX7219_MatrixClear  max7219_matrix.o
    0x080041b4   0x080041b4   0x00000056   Code   RO         5186    i.MAX7219_MatrixInit  max7219_matrix.o
    0x0800420a   0x0800420a   0x00000002   PAD
    0x0800420c   0x0800420c   0x00000090   Code   RO         5187    i.MAX7219_MatrixLShift  max7219_matrix.o
    0x0800429c   0x0800429c   0x00000098   Code   RO         5188    i.MAX7219_MatrixRShift  max7219_matrix.o
    0x08004334   0x08004334   0x00000010   Code   RO         5189    i.MAX7219_MatrixSetPixel  max7219_matrix.o
    0x08004344   0x08004344   0x00000038   Code   RO         5192    i.MAX7219_MatrixUpdate  max7219_matrix.o
    0x0800437c   0x0800437c   0x00000028   Code   RO         5094    i.MAX7219_ScanLimit  max7219.o
    0x080043a4   0x080043a4   0x00000028   Code   RO         5095    i.MAX7219_ShutDown  max7219.o
    0x080043cc   0x080043cc   0x00000028   Code   RO         5096    i.MAX7219_Test      max7219.o
    0x080043f4   0x080043f4   0x0000007c   Code   RO         5097    i.MAX7219_Write     max7219.o
    0x08004470   0x08004470   0x00000160   Code   RO         5193    i.MAX7219_mywrite   max7219_matrix.o
    0x080045d0   0x080045d0   0x000001dc   Code   RO          808    i.MX_GPIO_Init      gpio.o
    0x080047ac   0x080047ac   0x0000003c   Code   RO          834    i.MX_I2C1_Init      i2c.o
    0x080047e8   0x080047e8   0x00000048   Code   RO          876    i.MX_SPI1_Init      spi.o
    0x08004830   0x08004830   0x00000060   Code   RO          923    i.MX_TIM12_Init     tim.o
    0x08004890   0x08004890   0x00000110   Code   RO          924    i.MX_TIM1_Init      tim.o
    0x080049a0   0x080049a0   0x00000078   Code   RO          925    i.MX_TIM2_Init      tim.o
    0x08004a18   0x08004a18   0x0000007c   Code   RO          926    i.MX_TIM3_Init      tim.o
    0x08004a94   0x08004a94   0x0000007c   Code   RO          927    i.MX_TIM4_Init      tim.o
    0x08004b10   0x08004b10   0x0000007c   Code   RO          928    i.MX_TIM5_Init      tim.o
    0x08004b8c   0x08004b8c   0x0000004c   Code   RO          929    i.MX_TIM6_Init      tim.o
    0x08004bd8   0x08004bd8   0x00000110   Code   RO          930    i.MX_TIM8_Init      tim.o
    0x08004ce8   0x08004ce8   0x00000090   Code   RO          931    i.MX_TIM9_Init      tim.o
    0x08004d78   0x08004d78   0x00000038   Code   RO         1145    i.MX_UART5_Init     usart.o
    0x08004db0   0x08004db0   0x00000038   Code   RO         1146    i.MX_USART1_UART_Init  usart.o
    0x08004de8   0x08004de8   0x00000038   Code   RO          720    i.MX_USART2_UART_Init  main.o
    0x08004e20   0x08004e20   0x00000038   Code   RO         1148    i.MX_USART3_UART_Init  usart.o
    0x08004e58   0x08004e58   0x000002e4   Code   RO          562    i.ManufacturingProcesses  gongxun.o
    0x0800513c   0x0800513c   0x00000004   Code   RO         1039    i.MemManage_Handler  stm32f4xx_it.o
    0x08005140   0x08005140   0x00000018   Code   RO           17    i.MotorSpeed2RealSpeed  motorcontrol.o
    0x08005158   0x08005158   0x00000002   Code   RO         1040    i.NMI_Handler       stm32f4xx_it.o
    0x0800515a   0x0800515a   0x00000002   PAD
    0x0800515c   0x0800515c   0x000002b0   Code   RO          563    i.OnTheWay          gongxun.o
    0x0800540c   0x0800540c   0x00000128   Code   RO          345    i.OneGrid           linefollowsensor.o
    0x08005534   0x08005534   0x00000002   Code   RO         1041    i.PendSV_Handler    stm32f4xx_it.o
    0x08005536   0x08005536   0x00000002   PAD
    0x08005538   0x08005538   0x00000018   Code   RO         5286    i.Pos2Group         scs_servo.o
    0x08005550   0x08005550   0x000000a4   Code   RO         4536    i.Read              scs.o
    0x080055f4   0x080055f4   0x00000054   Code   RO         4654    i.ReadPos           scscl.o
    0x08005648   0x08005648   0x0000001c   Code   RO         4537    i.SCS2Host          scs.o
    0x08005664   0x08005664   0x00000040   Code   RO         4858    i.SCS_Uarthandle    uart.o
    0x080056a4   0x080056a4   0x0000006c   Code   RO         2956    i.SPI_EndRxTxTransaction  stm32f4xx_hal_spi.o
    0x08005710   0x08005710   0x00000020   Code   RO         5098    i.SPI_Tx            max7219.o
    0x08005730   0x08005730   0x000000a8   Code   RO         2961    i.SPI_WaitFlagStateUntilTimeout  stm32f4xx_hal_spi.o
    0x080057d8   0x080057d8   0x00000020   Code   RO         5099    i.SS_Deselect       max7219.o
    0x080057f8   0x080057f8   0x00000020   Code   RO         5100    i.SS_Select         max7219.o
    0x08005818   0x08005818   0x00000002   Code   RO         1042    i.SVC_Handler       stm32f4xx_it.o
    0x0800581a   0x0800581a   0x00000002   PAD
    0x0800581c   0x0800581c   0x00000360   Code   RO         5287    i.SaveAll2F         scs_servo.o
    0x08005b7c   0x08005b7c   0x00000090   Code   RO         5288    i.SavePos           scs_servo.o
    0x08005c0c   0x08005c0c   0x000001bc   Code   RO          347    i.SaveSensor2F      linefollowsensor.o
    0x08005dc8   0x08005dc8   0x000000c8   Code   RO           18    i.SetMotorPWM       motorcontrol.o
    0x08005e90   0x08005e90   0x00000014   Code   RO           19    i.SetMotorSPEED     motorcontrol.o
    0x08005ea4   0x08005ea4   0x0000000c   Code   RO         1043    i.SysTick_Handler   stm32f4xx_it.o
    0x08005eb0   0x08005eb0   0x000000b4   Code   RO          721    i.SystemClock_Config  main.o
    0x08005f64   0x08005f64   0x0000001c   Code   RO         4500    i.SystemInit        system_stm32f4xx.o
    0x08005f80   0x08005f80   0x00000010   Code   RO         1044    i.TIM6_DAC_IRQHandler  stm32f4xx_it.o
    0x08005f90   0x08005f90   0x000000d8   Code   RO         3319    i.TIM_Base_SetConfig  stm32f4xx_hal_tim.o
    0x08006068   0x08006068   0x00000022   Code   RO         3320    i.TIM_CCxChannelCmd  stm32f4xx_hal_tim.o
    0x0800608a   0x0800608a   0x00000016   Code   RO         3330    i.TIM_ETR_SetConfig  stm32f4xx_hal_tim.o
    0x080060a0   0x080060a0   0x00000012   Code   RO         3331    i.TIM_ITRx_SetConfig  stm32f4xx_hal_tim.o
    0x080060b2   0x080060b2   0x00000002   PAD
    0x080060b4   0x080060b4   0x00000070   Code   RO         3332    i.TIM_OC1_SetConfig  stm32f4xx_hal_tim.o
    0x08006124   0x08006124   0x0000007c   Code   RO         3333    i.TIM_OC2_SetConfig  stm32f4xx_hal_tim.o
    0x080061a0   0x080061a0   0x00000078   Code   RO         3334    i.TIM_OC3_SetConfig  stm32f4xx_hal_tim.o
    0x08006218   0x08006218   0x00000054   Code   RO         3335    i.TIM_OC4_SetConfig  stm32f4xx_hal_tim.o
    0x0800626c   0x0800626c   0x00000026   Code   RO         3337    i.TIM_TI1_ConfigInputStage  stm32f4xx_hal_tim.o
    0x08006292   0x08006292   0x00000028   Code   RO         3339    i.TIM_TI2_ConfigInputStage  stm32f4xx_hal_tim.o
    0x080062ba   0x080062ba   0x00000002   PAD
    0x080062bc   0x080062bc   0x00000010   Code   RO         1045    i.UART5_IRQHandler  stm32f4xx_it.o
    0x080062cc   0x080062cc   0x00000014   Code   RO         4206    i.UART_DMAAbortOnError  stm32f4xx_hal_uart.o
    0x080062e0   0x080062e0   0x00000020   Code   RO         4216    i.UART_EndRxTransfer  stm32f4xx_hal_uart.o
    0x08006300   0x08006300   0x00000020   Code   RO         4217    i.UART_EndTransmit_IT  stm32f4xx_hal_uart.o
    0x08006320   0x08006320   0x000000a6   Code   RO         4219    i.UART_Receive_IT   stm32f4xx_hal_uart.o
    0x080063c6   0x080063c6   0x00000002   PAD
    0x080063c8   0x080063c8   0x000003e8   Code   RO         4220    i.UART_SetConfig    stm32f4xx_hal_uart.o
    0x080067b0   0x080067b0   0x00000068   Code   RO         4221    i.UART_Transmit_IT  stm32f4xx_hal_uart.o
    0x08006818   0x08006818   0x0000006c   Code   RO         4222    i.UART_WaitOnFlagUntilTimeout  stm32f4xx_hal_uart.o
    0x08006884   0x08006884   0x00000010   Code   RO         1046    i.USART1_IRQHandler  stm32f4xx_it.o
    0x08006894   0x08006894   0x00000010   Code   RO         1047    i.USART2_IRQHandler  stm32f4xx_it.o
    0x080068a4   0x080068a4   0x00000010   Code   RO         1048    i.USART3_IRQHandler  stm32f4xx_it.o
    0x080068b4   0x080068b4   0x00000024   Code   RO          636    i.Uart2_sendColor   uart234.o
    0x080068d8   0x080068d8   0x0000004e   Code   RO          637    i.Uart2_servoCtr    uart234.o
    0x08006926   0x08006926   0x00000002   PAD
    0x08006928   0x08006928   0x000000e4   Code   RO          638    i.Uart3_readColor   uart234.o
    0x08006a0c   0x08006a0c   0x000000ec   Code   RO          639    i.Uart3_readQRcode  uart234.o
    0x08006af8   0x08006af8   0x00000014   Code   RO         4859    i.Uart_Flush        uart.o
    0x08006b0c   0x08006b0c   0x00000040   Code   RO         4860    i.Uart_Read         uart.o
    0x08006b4c   0x08006b4c   0x00000028   Code   RO         4861    i.Uart_Send         uart.o
    0x08006b74   0x08006b74   0x00000004   Code   RO         1049    i.UsageFault_Handler  stm32f4xx_it.o
    0x08006b78   0x08006b78   0x000000a8   Code   RO          276    i.User_PID_Calc_angle  pid.o
    0x08006c20   0x08006c20   0x00000058   Code   RO          277    i.User_PID_Init     pid.o
    0x08006c78   0x08006c78   0x00000024   Code   RO         5913    i.User_Shell_Init   shell_port.o
    0x08006c9c   0x08006c9c   0x00000018   Code   RO         5914    i.User_Shell_Write  shell_port.o
    0x08006cb4   0x08006cb4   0x000000cc   Code   RO         5289    i.Write5Angle       scs_servo.o
    0x08006d80   0x08006d80   0x00000052   Code   RO         5290    i.Write5Position    scs_servo.o
    0x08006dd2   0x08006dd2   0x00000002   PAD
    0x08006dd4   0x08006dd4   0x00000058   Code   RO         4662    i.WritePos          scscl.o
    0x08006e2c   0x08006e2c   0x00000060   Code   RO         4958    i.WritePosEx        smsbcl.o
    0x08006e8c   0x08006e8c   0x000000cc   Code   RO         5291    i.WritePos_sp       scs_servo.o
    0x08006f58   0x08006f58   0x00000020   Code   RO         6311    i.__0printf         mc_w.l(printfa.o)
    0x08006f78   0x08006f78   0x00000028   Code   RO         6313    i.__0sprintf        mc_w.l(printfa.o)
    0x08006fa0   0x08006fa0   0x00000010   Code   RO         2527    i.__NVIC_GetPriorityGrouping  stm32f4xx_hal_cortex.o
    0x08006fb0   0x08006fb0   0x00000028   Code   RO         2528    i.__NVIC_SetPriority  stm32f4xx_hal_cortex.o
    0x08006fd8   0x08006fd8   0x0000000e   Code   RO         6442    i.__scatterload_copy  mc_w.l(handlers.o)
    0x08006fe6   0x08006fe6   0x00000002   Code   RO         6443    i.__scatterload_null  mc_w.l(handlers.o)
    0x08006fe8   0x08006fe8   0x0000000e   Code   RO         6444    i.__scatterload_zeroinit  mc_w.l(handlers.o)
    0x08006ff6   0x08006ff6   0x00000002   PAD
    0x08006ff8   0x08006ff8   0x00000184   Code   RO         6318    i._fp_digits        mc_w.l(printfa.o)
    0x0800717c   0x0800717c   0x000006dc   Code   RO         6319    i._printf_core      mc_w.l(printfa.o)
    0x08007858   0x08007858   0x00000024   Code   RO         6320    i._printf_post_padding  mc_w.l(printfa.o)
    0x0800787c   0x0800787c   0x0000002e   Code   RO         6321    i._printf_pre_padding  mc_w.l(printfa.o)
    0x080078aa   0x080078aa   0x0000000a   Code   RO         6323    i._sputc            mc_w.l(printfa.o)
    0x080078b4   0x080078b4   0x000000b8   Code   RO         5996    i.buzzerDriverInit  buzzerdriver.o
    0x0800796c   0x0800796c   0x0000003c   Code   RO         5950    i.buzzerSetNewFrequency  buzzerdriver.o
    0x080079a8   0x080079a8   0x00000040   Code   RO         5951    i.buzzerSetNewFrequency2  buzzerdriver.o
    0x080079e8   0x080079e8   0x000000d8   Code   RO         5292    i.changePosTime     scs_servo.o
    0x08007ac0   0x08007ac0   0x0000004e   Code   RO         4538    i.checkHead         scs.o
    0x08007b0e   0x08007b0e   0x00000002   PAD
    0x08007b10   0x08007b10   0x000000b4   Code   RO         5293    i.copyPos           scs_servo.o
    0x08007bc4   0x08007bc4   0x00000016   Code   RO         4915    i.delay             wiring.o
    0x08007bda   0x08007bda   0x00000002   PAD
    0x08007bdc   0x08007bdc   0x0000001c   Code   RO          535    i.fputc             user_usart.o
    0x08007bf8   0x08007bf8   0x0000002a   Code   RO         4539    i.genWrite          scs.o
    0x08007c22   0x08007c22   0x00000002   PAD
    0x08007c24   0x08007c24   0x0000002c   Code   RO          722    i.led_shan          main.o
    0x08007c50   0x08007c50   0x00000308   Code   RO          723    i.main              main.o
    0x08007f58   0x08007f58   0x00000030   Code   RO           20    i.mecanumRun        motorcontrol.o
    0x08007f88   0x08007f88   0x0000000c   Code   RO         4916    i.millis            wiring.o
    0x08007f94   0x08007f94   0x00000058   Code   RO         5952    i.music2Play        buzzerdriver.o
    0x08007fec   0x08007fec   0x0000017c   Code   RO         5953    i.music3Play        buzzerdriver.o
    0x08008168   0x08008168   0x000000cc   Code   RO         5954    i.musicPlay         buzzerdriver.o
    0x08008234   0x08008234   0x00000054   Code   RO          350    i.ni                linefollowsensor.o
    0x08008288   0x08008288   0x00000010   Code   RO         4540    i.nopDelay          scs.o
    0x08008298   0x08008298   0x00000014   Code   RO          206    i.quietTest         controltask.o
    0x080082ac   0x080082ac   0x00000008   Code   RO         4805    i.rFlushSCS         scserail.o
    0x080082b4   0x080082b4   0x000000c0   Code   RO         5294    i.readAllGroupTime  scs_servo.o
    0x08008374   0x08008374   0x0000013c   Code   RO         5295    i.readF2ram         scs_servo.o
    0x080084b0   0x080084b0   0x00000044   Code   RO         5296    i.readGroup         scs_servo.o
    0x080084f4   0x080084f4   0x00000050   Code   RO         4806    i.readSCS           scserail.o
    0x08008544   0x08008544   0x00000028   Code   RO          351    i.readSensorF2ram   linefollowsensor.o
    0x0800856c   0x0800856c   0x00000048   Code   RO         4542    i.readWord          scs.o
    0x080085b4   0x080085b4   0x00000094   Code   RO         5297    i.seePos            scs_servo.o
    0x08008648   0x08008648   0x00000028   Code   RO         5494    i.shellAdd          shell.o
    0x08008670   0x08008670   0x0000000e   Code   RO         5495    i.shellBackspace    shell.o
    0x0800867e   0x0800867e   0x00000002   PAD
    0x08008680   0x08008680   0x00000044   Code   RO         5496    i.shellCheckPassword  shell.o
    0x080086c4   0x080086c4   0x00000036   Code   RO         5497    i.shellCheckPermission  shell.o
    0x080086fa   0x080086fa   0x00000002   PAD
    0x080086fc   0x080086fc   0x0000001c   Code   RO         5498    i.shellClear        shell.o
    0x08008718   0x08008718   0x00000028   Code   RO         5499    i.shellClearCommandLine  shell.o
    0x08008740   0x08008740   0x00000012   Code   RO         5500    i.shellCmds         shell.o
    0x08008752   0x08008752   0x00000010   Code   RO         5501    i.shellDelete       shell.o
    0x08008762   0x08008762   0x000000da   Code   RO         5502    i.shellDeleteByte   shell.o
    0x0800883c   0x0800883c   0x00000020   Code   RO         5503    i.shellDeleteCommandLine  shell.o
    0x0800885c   0x0800885c   0x00000010   Code   RO         5504    i.shellDown         shell.o
    0x0800886c   0x0800886c   0x00000014   Code   RO         5505    i.shellEnter        shell.o
    0x08008880   0x08008880   0x00000074   Code   RO         5506    i.shellExec         shell.o
    0x080088f4   0x080088f4   0x00000058   Code   RO         5862    i.shellExtNumType   shell_ext.o
    0x0800894c   0x0800894c   0x00000046   Code   RO         5863    i.shellExtParseChar  shell_ext.o
    0x08008992   0x08008992   0x00000002   PAD
    0x08008994   0x08008994   0x000000ec   Code   RO         5864    i.shellExtParseNumber  shell_ext.o
    0x08008a80   0x08008a80   0x00000056   Code   RO         5865    i.shellExtParsePara  shell_ext.o
    0x08008ad6   0x08008ad6   0x0000004a   Code   RO         5866    i.shellExtParseString  shell_ext.o
    0x08008b20   0x08008b20   0x00000024   Code   RO         5867    i.shellExtParseVar  shell_ext.o
    0x08008b44   0x08008b44   0x000000ca   Code   RO         5868    i.shellExtRun       shell_ext.o
    0x08008c0e   0x08008c0e   0x00000036   Code   RO         5869    i.shellExtToNum     shell_ext.o
    0x08008c44   0x08008c44   0x00000030   Code   RO         5507    i.shellGetCommandDesc  shell.o
    0x08008c74   0x08008c74   0x00000050   Code   RO         5508    i.shellGetCommandName  shell.o
    0x08008cc4   0x08008cc4   0x00000034   Code   RO         5509    i.shellGetCurrent   shell.o
    0x08008cf8   0x08008cf8   0x00000054   Code   RO         5510    i.shellGetVarValue  shell.o
    0x08008d4c   0x08008d4c   0x000000ec   Code   RO         5511    i.shellHandler      shell.o
    0x08008e38   0x08008e38   0x00000088   Code   RO         5512    i.shellHelp         shell.o
    0x08008ec0   0x08008ec0   0x000000c2   Code   RO         5513    i.shellHistory      shell.o
    0x08008f82   0x08008f82   0x0000007a   Code   RO         5514    i.shellHistoryAdd   shell.o
    0x08008ffc   0x08008ffc   0x000000a0   Code   RO         5515    i.shellInit         shell.o
    0x0800909c   0x0800909c   0x000000d8   Code   RO         5516    i.shellInsertByte   shell.o
    0x08009174   0x08009174   0x00000012   Code   RO         5517    i.shellKeys         shell.o
    0x08009186   0x08009186   0x0000001a   Code   RO         5518    i.shellLeft         shell.o
    0x080091a0   0x080091a0   0x0000000c   Code   RO         5519    i.shellListAll      shell.o
    0x080091ac   0x080091ac   0x0000004c   Code   RO         5520    i.shellListCommand  shell.o
    0x080091f8   0x080091f8   0x000000fc   Code   RO         5521    i.shellListItem     shell.o
    0x080092f4   0x080092f4   0x00000058   Code   RO         5522    i.shellListKey      shell.o
    0x0800934c   0x0800934c   0x00000058   Code   RO         5523    i.shellListUser     shell.o
    0x080093a4   0x080093a4   0x00000058   Code   RO         5524    i.shellListVar      shell.o
    0x080093fc   0x080093fc   0x0000001c   Code   RO         5525    i.shellNormalInput  shell.o
    0x08009418   0x08009418   0x0000008e   Code   RO         5526    i.shellParserParam  shell.o
    0x080094a6   0x080094a6   0x00000068   Code   RO         5528    i.shellRemoveParamQuotes  shell.o
    0x0800950e   0x0800950e   0x0000001e   Code   RO         5529    i.shellRight        shell.o
    0x0800952c   0x0800952c   0x000000ae   Code   RO         5531    i.shellRunCommand   shell.o
    0x080095da   0x080095da   0x0000007a   Code   RO         5532    i.shellSeekCommand  shell.o
    0x08009654   0x08009654   0x0000005c   Code   RO         5533    i.shellSetUser      shell.o
    0x080096b0   0x080096b0   0x00000070   Code   RO         5534    i.shellSetVar       shell.o
    0x08009720   0x08009720   0x00000090   Code   RO         5535    i.shellSetVarValue  shell.o
    0x080097b0   0x080097b0   0x000000c0   Code   RO         5536    i.shellShowVar      shell.o
    0x08009870   0x08009870   0x0000002c   Code   RO         5537    i.shellStringCompare  shell.o
    0x0800989c   0x0800989c   0x00000018   Code   RO         5538    i.shellStringCopy   shell.o
    0x080098b4   0x080098b4   0x00000110   Code   RO         5539    i.shellTab          shell.o
    0x080099c4   0x080099c4   0x00000056   Code   RO         5541    i.shellToDec        shell.o
    0x08009a1a   0x08009a1a   0x00000038   Code   RO         5542    i.shellToHex        shell.o
    0x08009a52   0x08009a52   0x0000000e   Code   RO         5543    i.shellUp           shell.o
    0x08009a60   0x08009a60   0x00000012   Code   RO         5544    i.shellUsers        shell.o
    0x08009a72   0x08009a72   0x00000012   Code   RO         5545    i.shellVars         shell.o
    0x08009a84   0x08009a84   0x0000000e   Code   RO         5546    i.shellWriteByte    shell.o
    0x08009a92   0x08009a92   0x00000050   Code   RO         5547    i.shellWriteCommandDesc  shell.o
    0x08009ae2   0x08009ae2   0x00000002   PAD
    0x08009ae4   0x08009ae4   0x00000068   Code   RO         5548    i.shellWriteCommandLine  shell.o
    0x08009b4c   0x08009b4c   0x0000008c   Code   RO         5549    i.shellWriteReturnValue  shell.o
    0x08009bd8   0x08009bd8   0x00000028   Code   RO         5550    i.shellWriteString  shell.o
    0x08009c00   0x08009c00   0x00000010   Code   RO         4664    i.unLockEprom       scscl.o
    0x08009c10   0x08009c10   0x00000010   Code   RO         4960    i.unLockEpromEx     smsbcl.o
    0x08009c20   0x08009c20   0x00000024   Code   RO         4807    i.wFlushSCS         scserail.o
    0x08009c44   0x08009c44   0x00000092   Code   RO         4546    i.writeBuf          scs.o
    0x08009cd6   0x08009cd6   0x0000002a   Code   RO         4547    i.writeByte         scs.o
    0x08009d00   0x08009d00   0x0000003c   Code   RO         4808    i.writeSCS          scserail.o
    0x08009d3c   0x08009d3c   0x0000005c   Code   RO          352    i.xAngleControl     linefollowsensor.o
    0x08009d98   0x08009d98   0x0000005c   Code   RO          353    i.xPositionControl  linefollowsensor.o
    0x08009df4   0x08009df4   0x0000005c   Code   RO          354    i.yAngleControl     linefollowsensor.o
    0x08009e50   0x08009e50   0x00000060   Code   RO          355    i.yPositionControl  linefollowsensor.o
    0x08009eb0   0x08009eb0   0x00000060   Data   RO           21    .constdata          motorcontrol.o
    0x08009f10   0x08009f10   0x0000014e   Data   RO          208    .constdata          controltask.o
    0x0800a05e   0x0800a05e   0x000000a1   Data   RO          358    .constdata          linefollowsensor.o
    0x0800a0ff   0x0800a0ff   0x0000005f   Data   RO          566    .constdata          gongxun.o
    0x0800a15e   0x0800a15e   0x0000006c   Data   RO          641    .constdata          uart234.o
    0x0800a1ca   0x0800a1ca   0x00000032   Data   RO          725    .constdata          main.o
    0x0800a1fc   0x0800a1fc   0x0000000c   Data   RO         1150    .constdata          usart.o
    0x0800a208   0x0800a208   0x00000018   Data   RO         4501    .constdata          system_stm32f4xx.o
    0x0800a220   0x0800a220   0x0000001e   Data   RO         4666    .constdata          scscl.o
    0x0800a23e   0x0800a23e   0x00000020   Data   RO         4961    .constdata          smsbcl.o
    0x0800a25e   0x0800a25e   0x00000002   PAD
    0x0800a260   0x0800a260   0x000002c8   Data   RO         5195    .constdata          max7219_matrix.o
    0x0800a528   0x0800a528   0x0000020b   Data   RO         5299    .constdata          scs_servo.o
    0x0800a733   0x0800a733   0x000000e3   Data   RO         5552    .constdata          shell.o
    0x0800a816   0x0800a816   0x00000002   PAD
    0x0800a818   0x0800a818   0x00000bcc   Data   RO         5955    .constdata          buzzerdriver.o
    0x0800b3e4   0x0800b3e4   0x000002a5   Data   RO         5553    .conststring        shell.o
    0x0800b689   0x0800b689   0x00000003   PAD
    0x0800b68c   0x0800b68c   0x00000020   Data   RO         6440    Region$$Table       anon$$obj.o
    0x0800b6ac   0x0800b6ac   0x00000040   Data   RO           23    shellCommand        motorcontrol.o
    0x0800b6ec   0x0800b6ec   0x00000110   Data   RO          210    shellCommand        controltask.o
    0x0800b7fc   0x0800b7fc   0x00000070   Data   RO          360    shellCommand        linefollowsensor.o
    0x0800b86c   0x0800b86c   0x00000040   Data   RO          568    shellCommand        gongxun.o
    0x0800b8ac   0x0800b8ac   0x00000050   Data   RO          643    shellCommand        uart234.o
    0x0800b8fc   0x0800b8fc   0x00000040   Data   RO          727    shellCommand        main.o
    0x0800b93c   0x0800b93c   0x00000010   Data   RO         1152    shellCommand        usart.o
    0x0800b94c   0x0800b94c   0x00000010   Data   RO         4668    shellCommand        scscl.o
    0x0800b95c   0x0800b95c   0x00000010   Data   RO         4962    shellCommand        smsbcl.o
    0x0800b96c   0x0800b96c   0x00000040   Data   RO         5196    shellCommand        max7219_matrix.o
    0x0800b9ac   0x0800b9ac   0x00000140   Data   RO         5300    shellCommand        scs_servo.o
    0x0800baec   0x0800baec   0x00000120   Data   RO         5555    shellCommand        shell.o


    Execution Region RW_IRAM2 (Exec base: 0x10000000, Load base: 0x0800bcdc, Size: 0x00000000, Max: 0x00010000, ABSOLUTE)

    **** No section assigned to this execution region ****


    Execution Region RW_IRAM1 (Exec base: 0x20000000, Load base: 0x0800bc0c, Size: 0x00004af0, Max: 0x00020000, ABSOLUTE, COMPRESSED[0x000000d0])

    Exec Addr    Load Addr    Size         Type   Attr      Idx    E Section Name        Object

    0x20000000   COMPRESSED   0x00000050   Data   RW           22    .data               motorcontrol.o
    0x20000050   COMPRESSED   0x00000021   Data   RW          209    .data               controltask.o
    0x20000071   COMPRESSED   0x00000003   PAD
    0x20000074   COMPRESSED   0x00000054   Data   RW          359    .data               linefollowsensor.o
    0x200000c8   COMPRESSED   0x00000008   Data   RW          567    .data               gongxun.o
    0x200000d0   COMPRESSED   0x0000004f   Data   RW          642    .data               uart234.o
    0x2000011f   COMPRESSED   0x00000001   PAD
    0x20000120   COMPRESSED   0x0000002d   Data   RW          726    .data               main.o
    0x2000014d   COMPRESSED   0x00000001   Data   RW         1151    .data               usart.o
    0x2000014e   COMPRESSED   0x00000002   PAD
    0x20000150   COMPRESSED   0x00000009   Data   RW         2676    .data               stm32f4xx_hal.o
    0x20000159   COMPRESSED   0x00000003   PAD
    0x2000015c   COMPRESSED   0x00000004   Data   RW         4502    .data               system_stm32f4xx.o
    0x20000160   COMPRESSED   0x00000002   Data   RW         4549    .data               scs.o
    0x20000162   COMPRESSED   0x00000002   PAD
    0x20000164   COMPRESSED   0x00000004   Data   RW         4667    .data               scscl.o
    0x20000168   COMPRESSED   0x00000005   Data   RW         4810    .data               scserail.o
    0x2000016d   COMPRESSED   0x00000003   PAD
    0x20000170   COMPRESSED   0x00000009   Data   RW         4863    .data               uart.o
    0x20000179   COMPRESSED   0x00000003   PAD
    0x2000017c   COMPRESSED   0x00000004   Data   RW         4917    .data               wiring.o
    0x20000180   COMPRESSED   0x0000000a   Data   RW         5101    .data               max7219.o
    0x2000018a   COMPRESSED   0x00000002   PAD
    0x2000018c   COMPRESSED   0x00000054   Data   RW         5554    .data               shell.o
    0x200001e0   COMPRESSED   0x00000001   Data   RW         5916    .data               shell_port.o
    0x200001e1   COMPRESSED   0x00000003   PAD
    0x200001e4   COMPRESSED   0x00000061   Data   RW         5956    .data               buzzerdriver.o
    0x20000245   COMPRESSED   0x00000003   PAD
    0x20000248   COMPRESSED   0x00000004   Data   RW         6401    .data               mc_w.l(stdout.o)
    0x2000024c        -       0x00000060   Zero   RW          207    .bss                controltask.o
    0x200002ac        -       0x00000120   Zero   RW          279    .bss                pid.o
    0x200003cc        -       0x00000130   Zero   RW          357    .bss                linefollowsensor.o
    0x200004fc        -       0x0000000c   Zero   RW          565    .bss                gongxun.o
    0x20000508        -       0x00000032   Zero   RW          640    .bss                uart234.o
    0x2000053a   COMPRESSED   0x00000002   PAD
    0x2000053c        -       0x00000054   Zero   RW          835    .bss                i2c.o
    0x20000590        -       0x00000058   Zero   RW          877    .bss                spi.o
    0x200005e8        -       0x00000240   Zero   RW          932    .bss                tim.o
    0x20000828        -       0x00000100   Zero   RW         1149    .bss                usart.o
    0x20000928        -       0x00000020   Zero   RW         1898    .bss                stm32f4xx_hal_flash.o
    0x20000948        -       0x0000000f   Zero   RW         4665    .bss                scscl.o
    0x20000957        -       0x00000080   Zero   RW         4809    .bss                scserail.o
    0x200009d7        -       0x00000080   Zero   RW         4862    .bss                uart.o
    0x20000a57        -       0x00000020   Zero   RW         5194    .bss                max7219_matrix.o
    0x20000a77   COMPRESSED   0x00000001   PAD
    0x20000a78        -       0x000035e8   Zero   RW         5298    .bss                scs_servo.o
    0x20004060        -       0x0000001d   Zero   RW         5551    .bss                shell.o
    0x2000407d   COMPRESSED   0x00000003   PAD
    0x20004080        -       0x0000026c   Zero   RW         5915    .bss                shell_port.o
    0x200042ec   COMPRESSED   0x00000004   PAD
    0x200042f0        -       0x00000800   Zero   RW            1    STACK               startup_stm32f407xx.o


==============================================================================

Image component sizes


      Code (inc. data)   RO Data    RW Data    ZI Data      Debug   Object Name

       980        158       3020         97          0       7239   buzzerdriver.o
       860        136        606         33         96       5582   controltask.o
      1552         78        159          8         12       6113   gongxun.o
       476         24          0          0          0       1223   gpio.o
       196         26          0          0         84       1701   i2c.o
      2948        494        273         84        304      17440   linefollowsensor.o
      1058        330        114         45          0       9285   main.o
       620         56          0         10          0       8947   max7219.o
       834         34        776          0         32      10892   max7219_matrix.o
       772        106        160         80          0     718539   motorcontrol.o
       256         22          0          0        288       2701   pid.o
       724         20          0          2          0       7645   scs.o
      3670        516        843          0      13800      24361   scs_servo.o
       222         14         46          4         15       8242   scscl.o
       184         26          0          5        128       3127   scserail.o
      4706        226       1192         84         29      46429   shell.o
       846         12          0          0          0       6734   shell_ext.o
        60         20          0          1        620       1811   shell_port.o
       128          4         48          0          0       2808   smsbcl.o
       208         22          0          0         88       1717   spi.o
        36          8        392          0       2048        848   startup_stm32f407xx.o
       212         36          0          9          0       9501   stm32f4xx_hal.o
       312         22          0          0          0      35136   stm32f4xx_hal_cortex.o
        40          0          0          0          0       1151   stm32f4xx_hal_dma.o
       652         64          0          0         32       6098   stm32f4xx_hal_flash.o
       432         26          0          0          0       3322   stm32f4xx_hal_flash_ex.o
       558         46          0          0          0       3664   stm32f4xx_hal_gpio.o
       464         18          0          0          0       2095   stm32f4xx_hal_i2c.o
        72          4          0          0          0        882   stm32f4xx_hal_msp.o
      1800         84          0          0          0       5704   stm32f4xx_hal_rcc.o
       834          8          0          0          0       4246   stm32f4xx_hal_spi.o
      2236         90          0          0          0      17409   stm32f4xx_hal_tim.o
       300         30          0          0          0       3381   stm32f4xx_hal_tim_ex.o
      2248         12          0          0          0      10175   stm32f4xx_hal_uart.o
       116         30          0          0          0       6883   stm32f4xx_it.o
        28          4         24          4          0       1187   system_stm32f4xx.o
      2520        174          0          0        576      10158   tim.o
       188         40          0          9        128       3004   uart.o
       918        230        188         79         50       5356   uart234.o
       900        100         28          1        256       4298   usart.o
        28          6          0          0          0        564   user_usart.o
        50         10          0          4          0       2087   wiring.o

    ----------------------------------------------------------------------
     36296       3366       7908        584      18596    1029685   Object Totals
         0          0         32          0          0          0   (incl. Generated)
        52          0          7         25         10          0   (incl. Padding)

    ----------------------------------------------------------------------

      Code (inc. data)   RO Data    RW Data    ZI Data      Debug   Library Member Name

        86          0          0          0          0          0   __dczerorl2.o
         0          0          0          0          0          0   entry.o
         0          0          0          0          0          0   entry10a.o
         0          0          0          0          0          0   entry11a.o
         8          4          0          0          0          0   entry2.o
         4          0          0          0          0          0   entry5.o
         0          0          0          0          0          0   entry7b.o
         0          0          0          0          0          0   entry8b.o
         8          4          0          0          0          0   entry9a.o
        30          0          0          0          0          0   handlers.o
        36          8          0          0          0         68   init.o
         0          0          0          0          0          0   iusefp.o
        30          0          0          0          0         68   llshl.o
        36          0          0          0          0         68   llsshr.o
        32          0          0          0          0         68   llushr.o
        36          0          0          0          0         68   memcpya.o
        36          0          0          0          0        108   memseta.o
      2308         96          0          0          0        604   printfa.o
         0          0          0          4          0          0   stdout.o
        28          0          0          0          0         76   strcmp.o
        14          0          0          0          0         68   strlen.o
        30          0          0          0          0         80   strncmp.o
        44          0          0          0          0         80   uidiv.o
        98          0          0          0          0         92   uldiv.o
        48          0          0          0          0         68   cdrcmple.o
       334          0          0          0          0        148   dadd.o
       222          0          0          0          0        100   ddiv.o
       186          0          0          0          0        176   depilogue.o
        48          0          0          0          0         68   dfixul.o
       228          0          0          0          0         96   dmul.o

    ----------------------------------------------------------------------
      3936        112          0          4          0       2104   Library Totals
         6          0          0          0          0          0   (incl. Padding)

    ----------------------------------------------------------------------

      Code (inc. data)   RO Data    RW Data    ZI Data      Debug   Library Name

      2864        112          0          4          0       1448   mc_w.l
      1066          0          0          0          0        656   mf_w.l

    ----------------------------------------------------------------------
      3936        112          0          4          0       2104   Library Totals

    ----------------------------------------------------------------------

==============================================================================


      Code (inc. data)   RO Data    RW Data    ZI Data      Debug   

     40232       3478       7908        588      18596    1001381   Grand Totals
     40232       3478       7908        208      18596    1001381   ELF Image Totals (compressed)
     40232       3478       7908        208          0          0   ROM Totals

==============================================================================

    Total RO  Size (Code + RO Data)                48140 (  47.01kB)
    Total RW  Size (RW Data + ZI Data)             19184 (  18.73kB)
    Total ROM Size (Code + RO Data + RW Data)      48348 (  47.21kB)

==============================================================================

