Component: ARM Compiler 5.06 update 6 (build 750) Tool: armlink [4d35ed]

==============================================================================

Section Cross References

    startup_stm32f407xx.o(RESET) refers to startup_stm32f407xx.o(STACK) for __initial_sp
    startup_stm32f407xx.o(RESET) refers to startup_stm32f407xx.o(.text) for Reset_Handler
    startup_stm32f407xx.o(RESET) refers to stm32f4xx_it.o(i.NMI_Handler) for NMI_Handler
    startup_stm32f407xx.o(RESET) refers to stm32f4xx_it.o(i.HardFault_Handler) for HardFault_Handler
    startup_stm32f407xx.o(RESET) refers to stm32f4xx_it.o(i.MemManage_Handler) for MemManage_Handler
    startup_stm32f407xx.o(RESET) refers to stm32f4xx_it.o(i.BusFault_Handler) for BusFault_Handler
    startup_stm32f407xx.o(RESET) refers to stm32f4xx_it.o(i.UsageFault_Handler) for UsageFault_Handler
    startup_stm32f407xx.o(RESET) refers to stm32f4xx_it.o(i.SVC_Handler) for SVC_Handler
    startup_stm32f407xx.o(RESET) refers to stm32f4xx_it.o(i.DebugMon_Handler) for DebugMon_Handler
    startup_stm32f407xx.o(RESET) refers to stm32f4xx_it.o(i.PendSV_Handler) for PendSV_Handler
    startup_stm32f407xx.o(RESET) refers to stm32f4xx_it.o(i.SysTick_Handler) for SysTick_Handler
    startup_stm32f407xx.o(RESET) refers to stm32f4xx_it.o(i.USART1_IRQHandler) for USART1_IRQHandler
    startup_stm32f407xx.o(RESET) refers to stm32f4xx_it.o(i.USART2_IRQHandler) for USART2_IRQHandler
    startup_stm32f407xx.o(RESET) refers to stm32f4xx_it.o(i.USART3_IRQHandler) for USART3_IRQHandler
    startup_stm32f407xx.o(RESET) refers to stm32f4xx_it.o(i.UART5_IRQHandler) for UART5_IRQHandler
    startup_stm32f407xx.o(RESET) refers to stm32f4xx_it.o(i.TIM6_DAC_IRQHandler) for TIM6_DAC_IRQHandler
    startup_stm32f407xx.o(.text) refers to system_stm32f4xx.o(i.SystemInit) for SystemInit
    startup_stm32f407xx.o(.text) refers to entry.o(.ARM.Collect$$$$00000000) for __main
    motorcontrol.o(i.Incremental_PI0) refers to motorcontrol.o(.data) for Bias0
    motorcontrol.o(i.Incremental_PI1) refers to motorcontrol.o(.data) for Bias1
    motorcontrol.o(i.Incremental_PI2) refers to motorcontrol.o(.data) for Bias2
    motorcontrol.o(i.Incremental_PI3) refers to motorcontrol.o(.data) for Bias3
    motorcontrol.o(i.MotorSpeed2RealSpeed) refers to controltask.o(.bss) for motorspeed
    motorcontrol.o(i.SetMotorSPEED) refers to controltask.o(.bss) for motorspeed_set
    motorcontrol.o(i.mecanumRun) refers to motorcontrol.o(i.SetMotorSPEED) for SetMotorSPEED
    motorcontrol.o(shellCommand) refers to motorcontrol.o(.constdata) for shellCmdsmp
    motorcontrol.o(shellCommand) refers to motorcontrol.o(i.SetMotorPWM) for SetMotorPWM
    motorcontrol.o(shellCommand) refers to motorcontrol.o(i.SetMotorSPEED) for SetMotorSPEED
    motorcontrol.o(shellCommand) refers to motorcontrol.o(.data) for Velocity_Kp0
    controltask.o(i.HAL_TIM_PeriodElapsedCallback) refers to buzzerdriver.o(i.musicPlay) for musicPlay
    controltask.o(i.HAL_TIM_PeriodElapsedCallback) refers to buzzerdriver.o(i.music3Play) for music3Play
    controltask.o(i.HAL_TIM_PeriodElapsedCallback) refers to stm32f4xx_hal_gpio.o(i.HAL_GPIO_TogglePin) for HAL_GPIO_TogglePin
    controltask.o(i.HAL_TIM_PeriodElapsedCallback) refers to stm32f4xx_hal.o(i.HAL_Delay) for HAL_Delay
    controltask.o(i.HAL_TIM_PeriodElapsedCallback) refers to linefollowsensor.o(i.GetSensorData) for GetSensorData
    controltask.o(i.HAL_TIM_PeriodElapsedCallback) refers to linefollowsensor.o(i.AnglePosControl) for AnglePosControl
    controltask.o(i.HAL_TIM_PeriodElapsedCallback) refers to motorcontrol.o(i.MotorSpeed2RealSpeed) for MotorSpeed2RealSpeed
    controltask.o(i.HAL_TIM_PeriodElapsedCallback) refers to motorcontrol.o(i.Incremental_PI0) for Incremental_PI0
    controltask.o(i.HAL_TIM_PeriodElapsedCallback) refers to motorcontrol.o(i.Incremental_PI1) for Incremental_PI1
    controltask.o(i.HAL_TIM_PeriodElapsedCallback) refers to motorcontrol.o(i.Incremental_PI2) for Incremental_PI2
    controltask.o(i.HAL_TIM_PeriodElapsedCallback) refers to motorcontrol.o(i.Incremental_PI3) for Incremental_PI3
    controltask.o(i.HAL_TIM_PeriodElapsedCallback) refers to motorcontrol.o(i.SetMotorPWM) for SetMotorPWM
    controltask.o(i.HAL_TIM_PeriodElapsedCallback) refers to motorcontrol.o(i.mecanumRun) for mecanumRun
    controltask.o(i.HAL_TIM_PeriodElapsedCallback) refers to tim.o(.bss) for htim6
    controltask.o(i.HAL_TIM_PeriodElapsedCallback) refers to controltask.o(.data) for tim6enable
    controltask.o(i.HAL_TIM_PeriodElapsedCallback) refers to linefollowsensor.o(.data) for CarMovingTo
    controltask.o(i.HAL_TIM_PeriodElapsedCallback) refers to controltask.o(.bss) for CoderData
    controltask.o(i.HAL_TIM_PeriodElapsedCallback) refers to main.o(.data) for a_speed
    controltask.o(i.quietTest) refers to controltask.o(.data) for tim6enable
[...]
    music2Play                               0x08007a95   Thumb Code    70  buzzerdriver.o(i.music2Play)
    music3Play                               0x08007aed   Thumb Code   164  buzzerdriver.o(i.music3Play)
    musicPlay                                0x08007bb9   Thumb Code   164  buzzerdriver.o(i.musicPlay)
    ni                                       0x08007c85   Thumb Code    50  linefollowsensor.o(i.ni)
    nopDelay                                 0x08007cc9   Thumb Code    16  scs.o(i.nopDelay)
    quietTest                                0x08007cd9   Thumb Code    12  controltask.o(i.quietTest)
    rFlushSCS                                0x08007ced   Thumb Code     8  scserail.o(i.rFlushSCS)
    readF2ram                                0x08007cf5   Thumb Code   298  scs_servo.o(i.readF2ram)
    readSCS                                  0x08007e31   Thumb Code    74  scserail.o(i.readSCS)
    readSensorF2ram                          0x08007e81   Thumb Code    30  linefollowsensor.o(i.readSensorF2ram)
    readWord                                 0x08007ea9   Thumb Code    48  scs.o(i.readWord)
    seePos                                   0x08007ed9   Thumb Code   100  scs_servo.o(i.seePos)
    shellBackspace                           0x08007f95   Thumb Code    14  shell.o(i.shellBackspace)
    shellCheckPermission                     0x08007fe9   Thumb Code    54  shell.o(i.shellCheckPermission)
    shellClear                               0x08008021   Thumb Code    22  shell.o(i.shellClear)
    shellClearCommandLine                    0x0800803d   Thumb Code    40  shell.o(i.shellClearCommandLine)
    shellCmds                                0x08008065   Thumb Code    18  shell.o(i.shellCmds)
    shellDelete                              0x08008077   Thumb Code    16  shell.o(i.shellDelete)
    shellDeleteByte                          0x08008087   Thumb Code   218  shell.o(i.shellDeleteByte)
    shellDeleteCommandLine                   0x08008161   Thumb Code    28  shell.o(i.shellDeleteCommandLine)
    shellDown                                0x08008181   Thumb Code    16  shell.o(i.shellDown)
    shellEnter                               0x08008191   Thumb Code    20  shell.o(i.shellEnter)
    shellExec                                0x080081a5   Thumb Code   108  shell.o(i.shellExec)
    shellExtParsePara                        0x080083a5   Thumb Code    86  shell_ext.o(i.shellExtParsePara)
    shellExtRun                              0x08008469   Thumb Code   202  shell_ext.o(i.shellExtRun)
    shellGetCurrent                          0x080085e9   Thumb Code    48  shell.o(i.shellGetCurrent)
    shellGetVarValue                         0x0800861d   Thumb Code    84  shell.o(i.shellGetVarValue)
    shellHandler                             0x08008671   Thumb Code   232  shell.o(i.shellHandler)
    shellHelp                                0x0800875d   Thumb Code   128  shell.o(i.shellHelp)
    shellInit                                0x08008921   Thumb Code   144  shell.o(i.shellInit)
    shellInsertByte                          0x080089c1   Thumb Code   212  shell.o(i.shellInsertByte)
    shellKeys                                0x08008a99   Thumb Code    18  shell.o(i.shellKeys)
    shellLeft                                0x08008aab   Thumb Code    26  shell.o(i.shellLeft)
    shellListAll                             0x08008ac5   Thumb Code    12  shell.o(i.shellListAll)
    shellListCommand                         0x08008ad1   Thumb Code    70  shell.o(i.shellListCommand)
    shellListItem                            0x08008b1d   Thumb Code   238  shell.o(i.shellListItem)
    shellListKey                             0x08008c19   Thumb Code    84  shell.o(i.shellListKey)
    shellListUser                            0x08008c71   Thumb Code    84  shell.o(i.shellListUser)
    shellListVar                             0x08008cc9   Thumb Code    84  shell.o(i.shellListVar)
    shellNormalInput                         0x08008d21   Thumb Code    28  shell.o(i.shellNormalInput)
    shellRight                               0x08008e33   Thumb Code    30  shell.o(i.shellRight)
    shellRunCommand                          0x08008e51   Thumb Code   174  shell.o(i.shellRunCommand)
    shellSeekCommand                         0x08008eff   Thumb Code   122  shell.o(i.shellSeekCommand)
    shellSetVar                              0x08008fd5   Thumb Code   106  shell.o(i.shellSetVar)
    shellSetVarValue                         0x08009045   Thumb Code   140  shell.o(i.shellSetVarValue)
    shellTab                                 0x080091d9   Thumb Code   266  shell.o(i.shellTab)
    shellToDec                               0x080092e9   Thumb Code    86  shell.o(i.shellToDec)
    shellToHex                               0x0800933f   Thumb Code    56  shell.o(i.shellToHex)
    shellUp                                  0x08009377   Thumb Code    14  shell.o(i.shellUp)
    shellUsers                               0x08009385   Thumb Code    18  shell.o(i.shellUsers)
    shellVars                                0x08009397   Thumb Code    18  shell.o(i.shellVars)
    shellWriteString                         0x080094fd   Thumb Code    40  shell.o(i.shellWriteString)
    unLockEprom                              0x08009525   Thumb Code    16  scscl.o(i.unLockEprom)
    wFlushSCS                                0x08009535   Thumb Code    26  scserail.o(i.wFlushSCS)
    writeBuf                                 0x08009559   Thumb Code   146  scs.o(i.writeBuf)
    writeByte                                0x080095eb   Thumb Code    42  scs.o(i.writeByte)
    writeSCS                                 0x08009615   Thumb Code    50  scserail.o(i.writeSCS)
    xAngleControl                            0x08009651   Thumb Code    72  linefollowsensor.o(i.xAngleControl)
    xPositionControl                         0x080096ad   Thumb Code    72  linefollowsensor.o(i.xPositionControl)
    yAngleControl                            0x08009709   Thumb Code    72  linefollowsensor.o(i.yAngleControl)
    yPositionControl                         0x08009765   Thumb Code    76  linefollowsensor.o(i.yPositionControl)
    shellCmdsmp                              0x080097c4   Data           4  motorcontrol.o(.constdata)
    shellDescsmp                             0x080097c8   Data          25  motorcontrol.o(.constdata)
    shellCmdsms                              0x080097e1   Data           4  motorcontrol.o(.constdata)
    shellDescsms                             0x080097e5   Data          27  motorcontrol.o(.constdata)
    shellCmdvkp0                             0x08009800   Data           5  motorcontrol.o(.constdata)
    shellDescvkp0                            0x08009805   Data          13  motorcontrol.o(.constdata)
    shellCmdvki0                             0x08009812   Data           5  motorcontrol.o(.constdata)
    shellDescvki0                            0x08009817   Data          13  motorcontrol.o(.constdata)
    shellCmdmsp0                             0x08009824   Data           5  controltask.o(.constdata)
    shellDescmsp0                            0x08009829   Data          14  controltask.o(.constdata)
    shellCmdmsp1                             0x08009837   Data           5  controltask.o(.constdata)
    shellDescmsp1                            0x0800983c   Data          14  controltask.o(.constdata)
    shellCmdmsp2                             0x0800984a   Data           5  controltask.o(.constdata)
    shellDescmsp2                            0x0800984f   Data          14  controltask.o(.constdata)
    shellCmdmsp3                             0x0800985d   Data           5  controltask.o(.constdata)
    shellDescmsp3                            0x08009862   Data          14  controltask.o(.constdata)
    shellCmdmspset0                          0x08009870   Data           8  controltask.o(.constdata)
    shellDescmspset0                         0x08009878   Data          18  controltask.o(.constdata)
    shellCmdmspset1                          0x0800988a   Data           8  controltask.o(.constdata)
    shellDescmspset1                         0x08009892   Data          18  controltask.o(.constdata)
    shellCmdmspset2                          0x080098a4   Data           8  controltask.o(.constdata)
    shellDescmspset2                         0x080098ac   Data          18  controltask.o(.constdata)
    shellCmdmspset3                          0x080098be   Data           8  controltask.o(.constdata)
    shellDescmspset3                         0x080098c6   Data          18  controltask.o(.constdata)
    shellCmdfol                              0x080098d8   Data           4  controltask.o(.constdata)
    shellDescfol                             0x080098dc   Data          20  controltask.o(.constdata)
    shellCmdlkf                              0x080098f0   Data           4  controltask.o(.constdata)
    shellDesclkf                             0x080098f4   Data           9  controltask.o(.constdata)
    shellCmdt6e                              0x080098fd   Data           4  controltask.o(.constdata)
    shellDesct6e                             0x08009901   Data          11  controltask.o(.constdata)
    shellCmdemu                              0x0800990c   Data           4  controltask.o(.constdata)
    shellDescemu                             0x08009910   Data          12  controltask.o(.constdata)
    shellCmdemu2                             0x0800991c   Data           5  controltask.o(.constdata)
    shellDescemu2                            0x08009921   Data          13  controltask.o(.constdata)
    shellCmdtogm                             0x0800992e   Data           5  controltask.o(.constdata)
    shellDesctogm                            0x08009933   Data          12  controltask.o(.constdata)
    shellCmdtogs                             0x0800993f   Data           5  controltask.o(.constdata)
    shellDesctogs                            0x08009944   Data          12  controltask.o(.constdata)
    shellCmdqte                              0x08009950   Data           4  controltask.o(.constdata)
    shellDescqte                             0x08009954   Data          12  controltask.o(.constdata)
    shellCmdcsd                              0x08009960   Data           4  linefollowsensor.o(.constdata)
    shellDesccsd                             0x08009964   Data          18  linefollowsensor.o(.constdata)
    shellCmdssenf                            0x08009976   Data           6  linefollowsensor.o(.constdata)
    shellDescssenf                           0x0800997c   Data          15  linefollowsensor.o(.constdata)
    shellCmdrsenf                            0x0800998b   Data           6  linefollowsensor.o(.constdata)
    shellDescrsenf                           0x08009991   Data          18  linefollowsensor.o(.constdata)
    shellCmdog                               0x080099a3   Data           3  linefollowsensor.o(.constdata)
    shellDescog                              0x080099a6   Data          25  linefollowsensor.o(.constdata)
    shellCmdogsp                             0x080099bf   Data           5  linefollowsensor.o(.constdata)
    shellDescogsp                            0x080099c4   Data          30  linefollowsensor.o(.constdata)
    shellCmdotw                              0x080099e2   Data           4  gongxun.o(.constdata)
    shellDescotw                             0x080099e6   Data          18  gongxun.o(.constdata)
    shellCmdgxgo                             0x080099f8   Data           5  gongxun.o(.constdata)
    shellDescgxgo                            0x080099fd   Data          25  gongxun.o(.constdata)
    shellCmdrqr                              0x08009a16   Data           4  gongxun.o(.constdata)
    shellDescrqr                             0x08009a1a   Data          15  gongxun.o(.constdata)
    shellCmdrm                               0x08009a29   Data           3  gongxun.o(.constdata)
    shellDescrm                              0x08009a2c   Data          21  gongxun.o(.constdata)
    shellCmdu3ok                             0x08009a41   Data           5  uart234.o(.constdata)
    shellDescu3ok                            0x08009a46   Data           8  uart234.o(.constdata)
    shellCmdu3rqr                            0x08009a4e   Data           6  uart234.o(.constdata)
    shellDescu3rqr                           0x08009a54   Data          19  uart234.o(.constdata)
    shellCmdxsp                              0x08009a67   Data           4  main.o(.constdata)
    shellDescxsp                             0x08009a6b   Data           8  main.o(.constdata)
    shellCmdysp                              0x08009a73   Data           4  main.o(.constdata)
    shellDescysp                             0x08009a77   Data           8  main.o(.constdata)
    shellCmdasp                              0x08009a7f   Data           4  main.o(.constdata)
    shellDescasp                             0x08009a83   Data           8  main.o(.constdata)
    shellCmdstf                              0x08009a8b   Data           4  main.o(.constdata)
    shellDescstf                             0x08009a8f   Data          10  main.o(.constdata)
    shellCmdsb                               0x08009a99   Data           3  usart.o(.constdata)
    shellDescsb                              0x08009a9c   Data           9  usart.o(.constdata)
    AHBPrescTable                            0x08009aa5   Data          16  system_stm32f4xx.o(.constdata)
    APBPrescTable                            0x08009ab5   Data           8  system_stm32f4xx.o(.constdata)
    shellCmdwp                               0x08009abd   Data           3  scscl.o(.constdata)
    shellDescwp                              0x08009ac0   Data          27  scscl.o(.constdata)
    symbol                                   0x08009ae0   Data          40  max7219_matrix.o(.constdata)
    numbers                                  0x08009b08   Data          80  max7219_matrix.o(.constdata)
    numbers3_5                               0x08009b58   Data          40  max7219_matrix.o(.constdata)
    Atoz                                     0x08009b80   Data         424  max7219_matrix.o(.constdata)
    shellCmdms                               0x08009d28   Data           3  max7219_matrix.o(.constdata)
    shellDescms                              0x08009d2b   Data          40  max7219_matrix.o(.constdata)
    shellCmdmr                               0x08009d53   Data           3  max7219_matrix.o(.constdata)
    shellDescmr                              0x08009d56   Data          27  max7219_matrix.o(.constdata)
    shellCmdml                               0x08009d71   Data           3  max7219_matrix.o(.constdata)
    shellDescml                              0x08009d74   Data          27  max7219_matrix.o(.constdata)
    shellCmdmm                               0x08009d8f   Data           3  max7219_matrix.o(.constdata)
    shellDescmm                              0x08009d92   Data          22  max7219_matrix.o(.constdata)
    shellCmdami                              0x08009da8   Data           4  scs_servo.o(.constdata)
    shellDescami                             0x08009dac   Data          10  scs_servo.o(.constdata)
    shellCmdamf                              0x08009db6   Data           4  scs_servo.o(.constdata)
    shellDescamf                             0x08009dba   Data          22  scs_servo.o(.constdata)
    shellCmdfll                              0x08009dd0   Data           4  scs_servo.o(.constdata)
    shellDescfll                             0x08009dd4   Data          13  scs_servo.o(.constdata)
    shellCmdsap                              0x08009de1   Data           4  scs_servo.o(.constdata)
    shellDescsap                             0x08009de5   Data          17  scs_servo.o(.constdata)
    shellCmdwwp                              0x08009df6   Data           4  scs_servo.o(.constdata)
    shellDescwwp                             0x08009dfa   Data          71  scs_servo.o(.constdata)
    shellCmdseep                             0x08009e41   Data           5  scs_servo.o(.constdata)
    shellDescseep                            0x08009e46   Data          20  scs_servo.o(.constdata)
    shellCmdcpt                              0x08009e5a   Data           4  scs_servo.o(.constdata)
    shellDesccpt                             0x08009e5e   Data          42  scs_servo.o(.constdata)
    shellCmdcop                              0x08009e88   Data           4  scs_servo.o(.constdata)
    shellDesccop                             0x08009e8c   Data          35  scs_servo.o(.constdata)
    shellCmdgop                              0x08009eaf   Data           4  scs_servo.o(.constdata)
    shellDescgop                             0x08009eb3   Data          10  scs_servo.o(.constdata)
    shellCmdp2g                              0x08009ebd   Data           4  scs_servo.o(.constdata)
    shellDescp2g                             0x08009ec1   Data          24  scs_servo.o(.constdata)
    shellCmddog                              0x08009ed9   Data           4  scs_servo.o(.constdata)
    shellDescdog                             0x08009edd   Data          12  scs_servo.o(.constdata)
    shellCmdsf                               0x08009ee9   Data           3  scs_servo.o(.constdata)
    shellDescsf                              0x08009eec   Data          12  scs_servo.o(.constdata)
    shellCmdrf                               0x08009ef8   Data           3  scs_servo.o(.constdata)
    shellDescrf                              0x08009efb   Data          12  scs_servo.o(.constdata)
    shellCmdmi                               0x08009f07   Data           3  scs_servo.o(.constdata)
    shellDescmi                              0x08009f0a   Data          14  scs_servo.o(.constdata)
    shellCmdde1                              0x08009f18   Data           4  scs_servo.o(.constdata)
    shellDescde1                             0x08009f1c   Data          13  scs_servo.o(.constdata)
    shellCmdDefaultUser                      0x08009f29   Data           7  shell.o(.constdata)
    shellPasswordDefaultUser                 0x08009f30   Data           1  shell.o(.constdata)
    shellDesDefaultUser                      0x08009f31   Data          13  shell.o(.constdata)
    shellCmdsetVar                           0x08009f3e   Data           7  shell.o(.constdata)
    shellDescsetVar                          0x08009f45   Data           8  shell.o(.constdata)
    shellDesc0x1B5B4100                      0x08009f4d   Data           3  shell.o(.constdata)
    shellDesc0x1B5B4200                      0x08009f50   Data           5  shell.o(.constdata)
    shellDesc0x1B5B4300                      0x08009f55   Data           6  shell.o(.constdata)
    shellDesc0x1B5B4400                      0x08009f5b   Data           5  shell.o(.constdata)
    shellDesc0x09000000                      0x08009f60   Data           4  shell.o(.constdata)
    shellDesc0x08000000                      0x08009f64   Data          10  shell.o(.constdata)
    shellDesc0x7F000000                      0x08009f6e   Data          10  shell.o(.constdata)
    shellDesc0x1B5B337E                      0x08009f78   Data           7  shell.o(.constdata)
    shellDesc0x0A000000                      0x08009f7f   Data           6  shell.o(.constdata)
    shellDesc0x0D000000                      0x08009f85   Data           6  shell.o(.constdata)
    shellCmdhelp                             0x08009f8b   Data           5  shell.o(.constdata)
    shellDeschelp                            0x08009f90   Data          30  shell.o(.constdata)
    shellCmdusers                            0x08009fae   Data           6  shell.o(.constdata)
    shellDescusers                           0x08009fb4   Data          14  shell.o(.constdata)
    shellCmdcmds                             0x08009fc2   Data           5  shell.o(.constdata)
    shellDesccmds                            0x08009fc7   Data          13  shell.o(.constdata)
    shellCmdvars                             0x08009fd4   Data           5  shell.o(.constdata)
    shellDescvars                            0x08009fd9   Data          13  shell.o(.constdata)
    shellCmdkeys                             0x08009fe6   Data           5  shell.o(.constdata)
    shellDesckeys                            0x08009feb   Data          13  shell.o(.constdata)
    shellCmdclear                            0x08009ff8   Data           6  shell.o(.constdata)
    shellDescclear                           0x08009ffe   Data          14  shell.o(.constdata)
    twicle1Melody                            0x0800a00c   Data         384  buzzerdriver.o(.constdata)
    twicle1Duration                          0x0800a18c   Data         384  buzzerdriver.o(.constdata)
    twicle2Melody                            0x0800a30c   Data         768  buzzerdriver.o(.constdata)
    tickMelody                               0x0800a60c   Data          24  buzzerdriver.o(.constdata)
    tickDuration                             0x0800a624   Data          24  buzzerdriver.o(.constdata)
    marioMelody                              0x0800a63c   Data         312  buzzerdriver.o(.constdata)
    secondMelody                             0x0800a774   Data           4  buzzerdriver.o(.constdata)
    marioDuration                            0x0800a778   Data         312  buzzerdriver.o(.constdata)
    secondDuration                           0x0800a8b0   Data           4  buzzerdriver.o(.constdata)
    melodySlowfactor                         0x0800a8b4   Data           4  buzzerdriver.o(.constdata)
    melodySizes                              0x0800a8b8   Data           8  buzzerdriver.o(.constdata)
    melodySizes2                             0x0800a8c0   Data           8  buzzerdriver.o(.constdata)
    melodySizes3                             0x0800a8c8   Data           8  buzzerdriver.o(.constdata)
    Region$$Table$$Base                      0x0800ab78   Number         0  anon$$obj.o(Region$$Table)
    Region$$Table$$Limit                     0x0800ab98   Number         0  anon$$obj.o(Region$$Table)
    shellCommand$$Base                       0x0800ab98   Number         0  motorcontrol.o(shellCommand)
    shellCommandsmp                          0x0800ab98   Data          16  motorcontrol.o(shellCommand)
    shellCommandsms                          0x0800aba8   Data          16  motorcontrol.o(shellCommand)
    shellVarvkp0                             0x0800abb8   Data          16  motorcontrol.o(shellCommand)
    shellVarvki0                             0x0800abc8   Data          16  motorcontrol.o(shellCommand)
    shellVarmsp0                             0x0800abd8   Data          16  controltask.o(shellCommand)
    shellVarmsp1                             0x0800abe8   Data          16  controltask.o(shellCommand)
    shellVarmsp2                             0x0800abf8   Data          16  controltask.o(shellCommand)
    shellVarmsp3                             0x0800ac08   Data          16  controltask.o(shellCommand)
    shellVarmspset0                          0x0800ac18   Data          16  controltask.o(shellCommand)
    shellVarmspset1                          0x0800ac28   Data          16  controltask.o(shellCommand)
    shellVarmspset2                          0x0800ac38   Data          16  controltask.o(shellCommand)
    shellVarmspset3                          0x0800ac48   Data          16  controltask.o(shellCommand)
    shellVarfol                              0x0800ac58   Data          16  controltask.o(shellCommand)
    shellVarlkf                              0x0800ac68   Data          16  controltask.o(shellCommand)
    shellVart6e                              0x0800ac78   Data          16  controltask.o(shellCommand)
    shellVaremu                              0x0800ac88   Data          16  controltask.o(shellCommand)
    shellVaremu2                             0x0800ac98   Data          16  controltask.o(shellCommand)
    shellVartogm                             0x0800aca8   Data          16  controltask.o(shellCommand)
    shellVartogs                             0x0800acb8   Data          16  controltask.o(shellCommand)
    shellCommandqte                          0x0800acc8   Data          16  controltask.o(shellCommand)
    shellCommandcsd                          0x0800acd8   Data          16  linefollowsensor.o(shellCommand)
    shellCommandssenf                        0x0800ace8   Data          16  linefollowsensor.o(shellCommand)
    shellCommandrsenf                        0x0800acf8   Data          16  linefollowsensor.o(shellCommand)
    shellCommandog                           0x0800ad08   Data          16  linefollowsensor.o(shellCommand)
    shellCommandogsp                         0x0800ad18   Data          16  linefollowsensor.o(shellCommand)
    shellCommandotw                          0x0800ad28   Data          16  gongxun.o(shellCommand)
    shellCommandgxgo                         0x0800ad38   Data          16  gongxun.o(shellCommand)
    shellCommandrqr                          0x0800ad48   Data          16  gongxun.o(shellCommand)
    shellCommandrm                           0x0800ad58   Data          16  gongxun.o(shellCommand)
    shellVaru3ok                             0x0800ad68   Data          16  uart234.o(shellCommand)
    shellCommandu3rqr                        0x0800ad78   Data          16  uart234.o(shellCommand)
    shellVarxsp                              0x0800ad88   Data          16  main.o(shellCommand)
    shellVarysp                              0x0800ad98   Data          16  main.o(shellCommand)
    shellVarasp                              0x0800ada8   Data          16  main.o(shellCommand)
    shellVarstf                              0x0800adb8   Data          16  main.o(shellCommand)
    shellVarsb                               0x0800adc8   Data          16  usart.o(shellCommand)
    shellCommandwp                           0x0800add8   Data          16  scscl.o(shellCommand)
    shellCommandms                           0x0800ade8   Data          16  max7219_matrix.o(shellCommand)
    shellCommandmr                           0x0800adf8   Data          16  max7219_matrix.o(shellCommand)
    shellCommandml                           0x0800ae08   Data          16  max7219_matrix.o(shellCommand)
    shellCommandmm                           0x0800ae18   Data          16  max7219_matrix.o(shellCommand)
    shellCommandami                          0x0800ae28   Data          16  scs_servo.o(shellCommand)
    shellCommandamf                          0x0800ae38   Data          16  scs_servo.o(shellCommand)
    shellCommandfll                          0x0800ae48   Data          16  scs_servo.o(shellCommand)
    shellCommandsap                          0x0800ae58   Data          16  scs_servo.o(shellCommand)
    shellCommandwwp                          0x0800ae68   Data          16  scs_servo.o(shellCommand)
    shellCommandseep                         0x0800ae78   Data          16  scs_servo.o(shellCommand)
    shellCommandcpt                          0x0800ae88   Data          16  scs_servo.o(shellCommand)
    shellCommandcop                          0x0800ae98   Data          16  scs_servo.o(shellCommand)
    shellCommandgop                          0x0800aea8   Data          16  scs_servo.o(shellCommand)
    shellCommandp2g                          0x0800aeb8   Data          16  scs_servo.o(shellCommand)
    shellCommanddog                          0x0800aec8   Data          16  scs_servo.o(shellCommand)
    shellCommandsf                           0x0800aed8   Data          16  scs_servo.o(shellCommand)
    shellCommandrf                           0x0800aee8   Data          16  scs_servo.o(shellCommand)
    shellCommandmi                           0x0800aef8   Data          16  scs_servo.o(shellCommand)
    shellCommandde1                          0x0800af08   Data          16  scs_servo.o(shellCommand)
    shellUserDefault                         0x0800af18   Data          16  shell.o(shellCommand)
    shellCommandsetVar                       0x0800af28   Data          16  shell.o(shellCommand)
    shellKey0x1B5B4100                       0x0800af38   Data          16  shell.o(shellCommand)
    shellKey0x1B5B4200                       0x0800af48   Data          16  shell.o(shellCommand)
    shellKey0x1B5B4300                       0x0800af58   Data          16  shell.o(shellCommand)
    shellKey0x1B5B4400                       0x0800af68   Data          16  shell.o(shellCommand)
    shellKey0x09000000                       0x0800af78   Data          16  shell.o(shellCommand)
    shellKey0x08000000                       0x0800af88   Data          16  shell.o(shellCommand)
    shellKey0x7F000000                       0x0800af98   Data          16  shell.o(shellCommand)
    shellKey0x1B5B337E                       0x0800afa8   Data          16  shell.o(shellCommand)
    shellKey0x0A000000                       0x0800afb8   Data          16  shell.o(shellCommand)
    shellKey0x0D000000                       0x0800afc8   Data          16  shell.o(shellCommand)
    shellCommandhelp                         0x0800afd8   Data          16  shell.o(shellCommand)
    shellCommandusers                        0x0800afe8   Data          16  shell.o(shellCommand)
    shellCommandcmds                         0x0800aff8   Data          16  shell.o(shellCommand)
    shellCommandvars                         0x0800b008   Data          16  shell.o(shellCommand)
    shellCommandkeys                         0x0800b018   Data          16  shell.o(shellCommand)
    shellCommandclear                        0x0800b028   Data          16  shell.o(shellCommand)
    shellCommand$$Limit                      0x0800b038   Number         0  shell.o(shellCommand)
    Velocity_Kp0                             0x20000000   Data           4  motorcontrol.o(.data)
    Velocity_Ki0                             0x20000004   Data           4  motorcontrol.o(.data)
    Velocity_Kp1                             0x20000008   Data           4  motorcontrol.o(.data)
    Velocity_Ki1                             0x2000000c   Data           4  motorcontrol.o(.data)
    Velocity_Kp2                             0x20000010   Data           4  motorcontrol.o(.data)
    Velocity_Ki2                             0x20000014   Data           4  motorcontrol.o(.data)
    Velocity_Kp3                             0x20000018   Data           4  motorcontrol.o(.data)
    Velocity_Ki3                             0x2000001c   Data           4  motorcontrol.o(.data)
    motorpwm_set                             0x20000050   Data          16  controltask.o(.data)
    cx                                       0x20000060   Data           1  controltask.o(.data)
    AngleAndPositionTIM                      0x20000061   Data           1  controltask.o(.data)
    lockFlag                                 0x20000062   Data           1  controltask.o(.data)
    Time1_ms                                 0x20000064   Data           2  controltask.o(.data)
    Time2_ms                                 0x20000066   Data           2  controltask.o(.data)
    Time3_ms                                 0x20000068   Data           2  controltask.o(.data)
    tim6enable                               0x2000006a   Data           1  controltask.o(.data)
    musicenable                              0x2000006b   Data           1  controltask.o(.data)
    musicenable2                             0x2000006c   Data           1  controltask.o(.data)
    toggleMotor                              0x2000006d   Data           1  controltask.o(.data)
    toggleServo                              0x2000006e   Data           1  controltask.o(.data)
    ErrorRank                                0x20000070   Data          16  linefollowsensor.o(.data)
    temp                                     0x20000080   Data           4  linefollowsensor.o(.data)
    xunhuan                                  0x20000084   Data           4  linefollowsensor.o(.data)
    HBPosition                               0x20000088   Data           4  linefollowsensor.o(.data)
    LRPosition                               0x2000008c   Data           4  linefollowsensor.o(.data)
    xAngle                                   0x20000090   Data           4  linefollowsensor.o(.data)
    yAngle                                   0x20000094   Data           4  linefollowsensor.o(.data)
    xAngle_PIDControlVal                     0x20000098   Data           4  linefollowsensor.o(.data)
    xAngleSet                                0x2000009c   Data           4  linefollowsensor.o(.data)
    xPositionSet                             0x200000a0   Data           4  linefollowsensor.o(.data)
    yAngleSet                                0x200000a4   Data           4  linefollowsensor.o(.data)
    yPositionSet                             0x200000a8   Data           4  linefollowsensor.o(.data)
    CarMovingTo                              0x200000ac   Data           4  linefollowsensor.o(.data)
    CarMovingTo_last                         0x200000b0   Data           4  linefollowsensor.o(.data)
    queue                                    0x200000c4   Data           6  gongxun.o(.data)
    uart3ok                                  0x200000cc   Data           1  uart234.o(.data)
    Ov3Mode                                  0x200000cd   Data           1  uart234.o(.data)
    Max7219_String                           0x200000ce   Data           9  uart234.o(.data)
    CMD_Serial                               0x200000d7   Data          11  uart234.o(.data)
    CMD_Material                             0x200000e2   Data          15  uart234.o(.data)
    colororder                               0x200000f1   Data           6  uart234.o(.data)
    RxBuff                                   0x200000f7   Data           1  uart234.o(.data)
    Color                                    0x200000f8   Data           6  uart234.o(.data)
    RxLine                                   0x20000100   Data           4  uart234.o(.data)
    led_str                                  0x20000104   Data           6  uart234.o(.data)
    y_speed                                  0x20000110   Data           4  main.o(.data)
    x_speed                                  0x20000114   Data           4  main.o(.data)
    a_speed                                  0x20000118   Data           4  main.o(.data)
    cx_main                                  0x2000011c   Data           4  main.o(.data)
    START_MODE                               0x20000120   Data           4  main.o(.data)
    x_position                               0x20000124   Data           4  main.o(.data)
    y_position                               0x20000128   Data           4  main.o(.data)
    BEGIN_X                                  0x2000012c   Data           4  main.o(.data)
    BEGIN_Y                                  0x20000130   Data           4  main.o(.data)
    END_X                                    0x20000134   Data           4  main.o(.data)
    END_Y                                    0x20000138   Data           4  main.o(.data)
    startFlag                                0x2000013c   Data           1  main.o(.data)
    showback                                 0x2000013d   Data           1  usart.o(.data)
    uwTick                                   0x20000140   Data           4  stm32f4xx_hal.o(.data)
    uwTickPrio                               0x20000144   Data           4  stm32f4xx_hal.o(.data)
    uwTickFreq                               0x20000148   Data           1  stm32f4xx_hal.o(.data)
    SystemCoreClock                          0x2000014c   Data           4  system_stm32f4xx.o(.data)
    IOTimeOut                                0x20000158   Data           4  scserail.o(.data)
    wLen                                     0x2000015c   Data           1  scserail.o(.data)
    head                                     0x20000160   Data           4  uart.o(.data)
    tail                                     0x20000164   Data           4  uart.o(.data)
    data_one_byte                            0x20000168   Data           1  uart.o(.data)
    TimingMillis                             0x2000016c   Data           4  wiring.o(.data)
    Max7219_SPI                              0x20000170   Data           4  max7219.o(.data)
    Max7219_SS_Port                          0x20000174   Data           4  max7219.o(.data)
    Max7219_SS_Pin                           0x20000178   Data           2  max7219.o(.data)
    recv_buf                                 0x200001d0   Data           1  shell_port.o(.data)
    melody                                   0x200001d4   Data           8  buzzerdriver.o(.data)
    noteDurations                            0x200001dc   Data           8  buzzerdriver.o(.data)
    melody2                                  0x200001e4   Data           8  buzzerdriver.o(.data)
    noteDurations2                           0x200001ec   Data           8  buzzerdriver.o(.data)
    melody3twincle                           0x200001f4   Data           8  buzzerdriver.o(.data)
    noteDurations3                           0x200001fc   Data           8  buzzerdriver.o(.data)
    __stdout                                 0x2000021c   Data           4  stdout.o(.data)
    CoderData                                0x20000220   Data          16  controltask.o(.bss)
    CoderData_last                           0x20000230   Data          16  controltask.o(.bss)
    motordirection                           0x20000240   Data          16  controltask.o(.bss)
    motorspeed                               0x20000250   Data          16  controltask.o(.bss)
    motorspeed_set                           0x20000260   Data          16  controltask.o(.bss)
    MaxSpeed                                 0x20000270   Data          16  controltask.o(.bss)
    udPIDParameter0                          0x20000280   Data          36  pid.o(.bss)
    udPIDParameter1                          0x200002a4   Data          36  pid.o(.bss)
    udPIDParameter2                          0x200002c8   Data          36  pid.o(.bss)
    udPIDParameter3                          0x200002ec   Data          36  pid.o(.bss)
    xAnglePIDParameter4                      0x20000310   Data          36  pid.o(.bss)
    xPositionPIDParameter5                   0x20000334   Data          36  pid.o(.bss)
    yAnglePIDParameter6                      0x20000358   Data          36  pid.o(.bss)
    yPositionPIDParameter7                   0x2000037c   Data          36  pid.o(.bss)
    LineSensor                               0x200003a0   Data          16  linefollowsensor.o(.bss)
    Error                                    0x200003b0   Data          16  linefollowsensor.o(.bss)
    Sensor_JG_Buffer                         0x200003c0   Data         120  linefollowsensor.o(.bss)
    Sensor_Check_Buffer                      0x20000438   Data         120  linefollowsensor.o(.bss)
    SegOFFSET_JG                             0x200004b0   Data          16  linefollowsensor.o(.bss)
    index_gray                               0x200004c0   Data          16  linefollowsensor.o(.bss)
    meterial                                 0x200004d0   Data          12  gongxun.o(.bss)
    DataBuff                                 0x200004dc   Data          50  uart234.o(.bss)
    hi2c1                                    0x20000510   Data          84  i2c.o(.bss)
    hspi1                                    0x20000564   Data          88  spi.o(.bss)
    htim1                                    0x200005bc   Data          64  tim.o(.bss)
    htim2                                    0x200005fc   Data          64  tim.o(.bss)
    htim3                                    0x2000063c   Data          64  tim.o(.bss)
    htim4                                    0x2000067c   Data          64  tim.o(.bss)
    htim5                                    0x200006bc   Data          64  tim.o(.bss)
    htim6                                    0x200006fc   Data          64  tim.o(.bss)
    htim8                                    0x2000073c   Data          64  tim.o(.bss)
    htim9                                    0x2000077c   Data          64  tim.o(.bss)
    huart5                                   0x200007bc   Data          64  usart.o(.bss)
    huart1                                   0x200007fc   Data          64  usart.o(.bss)
    huart2                                   0x2000083c   Data          64  usart.o(.bss)
    huart3                                   0x2000087c   Data          64  usart.o(.bss)
    pFlash                                   0x200008bc   Data          32  stm32f4xx_hal_flash.o(.bss)
    wBuf                                     0x200008eb   Data         128  scserail.o(.bss)
    uartBuf                                  0x2000096b   Data         128  uart.o(.bss)
    FrameBuffer                              0x200009eb   Data          32  max7219_matrix.o(.bss)
    postion                                  0x20000a0c   Data        1400  scs_servo.o(.bss)
    group                                    0x20000f84   Data        1200  scs_servo.o(.bss)
    postion_ex                               0x20001434   Data       11200  scs_servo.o(.bss)
    shell                                    0x20004014   Data         108  shell_port.o(.bss)
    shell_buffer                             0x20004080   Data         512  shell_port.o(.bss)
    __initial_sp                             0x20004a80   Data           0  startup_stm32f407xx.o(STACK)



==============================================================================

Memory Map of the image

  Image Entry point : 0x08000189

  Load Region LR_IROM1 (Base: 0x08000000, Size: 0x0000b258, Max: 0x00080000, ABSOLUTE, COMPRESSED[0x0000b0f0])

    Execution Region ER_IROM1 (Exec base: 0x08000000, Load base: 0x08000000, Size: 0x0000b038, Max: 0x00080000, ABSOLUTE)

    Exec Addr    Load Addr    Size         Type   Attr      Idx    E Section Name        Object

    0x08000000   0x08000000   0x00000188   Data   RO            3    RESET               startup_stm32f407xx.o
    0x08000188   0x08000188   0x00000000   Code   RO         5812  * .ARM.Collect$$$$00000000  mc_w.l(entry.o)
    0x08000188   0x08000188   0x00000004   Code   RO         6090    .ARM.Collect$$$$00000001  mc_w.l(entry2.o)
    0x0800018c   0x0800018c   0x00000004   Code   RO         6093    .ARM.Collect$$$$00000004  mc_w.l(entry5.o)
    0x08000190   0x08000190   0x00000000   Code   RO         6095    .ARM.Collect$$$$00000008  mc_w.l(entry7b.o)
    0x08000190   0x08000190   0x00000000   Code   RO         6097    .ARM.Collect$$$$0000000A  mc_w.l(entry8b.o)
    0x08000190   0x08000190   0x00000008   Code   RO         6098    .ARM.Collect$$$$0000000B  mc_w.l(entry9a.o)
    0x08000198   0x08000198   0x00000000   Code   RO         6100    .ARM.Collect$$$$0000000D  mc_w.l(entry10a.o)
    0x08000198   0x08000198   0x00000000   Code   RO         6102    .ARM.Collect$$$$0000000F  mc_w.l(entry11a.o)
    0x08000198   0x08000198   0x00000004   Code   RO         6091    .ARM.Collect$$$$00002712  mc_w.l(entry2.o)
    0x0800019c   0x0800019c   0x00000024   Code   RO            4    .text               startup_stm32f407xx.o
    0x080001c0   0x080001c0   0x00000062   Code   RO         5815    .text               mc_w.l(uldiv.o)
    0x08000222   0x08000222   0x00000024   Code   RO         5817    .text               mc_w.l(memcpya.o)
    0x08000246   0x08000246   0x00000024   Code   RO         5819    .text               mc_w.l(memseta.o)
    0x0800026a   0x0800026a   0x0000000e   Code   RO         5821    .text               mc_w.l(strlen.o)
    0x08000278   0x08000278   0x0000001c   Code   RO         5823    .text               mc_w.l(strcmp.o)
    0x08000294   0x08000294   0x0000001e   Code   RO         5825    .text               mc_w.l(strncmp.o)
    0x080002b2   0x080002b2   0x0000002c   Code   RO         6105    .text               mc_w.l(uidiv.o)
    0x080002de   0x080002de   0x0000001e   Code   RO         6107    .text               mc_w.l(llshl.o)
    0x080002fc   0x080002fc   0x00000020   Code   RO         6109    .text               mc_w.l(llushr.o)
    0x0800031c   0x0800031c   0x00000000   Code   RO         6111    .text               mc_w.l(iusefp.o)
    0x0800031c   0x0800031c   0x0000014e   Code   RO         6112    .text               mf_w.l(dadd.o)
    0x0800046a   0x0800046a   0x000000e4   Code   RO         6114    .text               mf_w.l(dmul.o)
    0x0800054e   0x0800054e   0x000000de   Code   RO         6116    .text               mf_w.l(ddiv.o)
    0x0800062c   0x0800062c   0x00000030   Code   RO         6118    .text               mf_w.l(dfixul.o)
    0x0800065c   0x0800065c   0x00000030   Code   RO         6120    .text               mf_w.l(cdrcmple.o)
    0x0800068c   0x0800068c   0x00000024   Code   RO         6122    .text               mc_w.l(init.o)
    0x080006b0   0x080006b0   0x00000024   Code   RO         6124    .text               mc_w.l(llsshr.o)
    0x080006d4   0x080006d4   0x000000ba   Code   RO         6126    .text               mf_w.l(depilogue.o)
    0x0800078e   0x0800078e   0x00000056   Code   RO         6136    .text               mc_w.l(__dczerorl2.o)
    0x080007e4   0x080007e4   0x0000006c   Code   RO         4481    i.Ack               scs.o
    0x08000850   0x08000850   0x00000030   Code   RO          329    i.AnglePosControl   linefollowsensor.o
    0x08000880   0x08000880   0x0000001c   Code   RO         5147    i.ArmForceEnable    scs_servo.o
    0x0800089c   0x0800089c   0x00000022   Code   RO         5148    i.ArmGoMiddle       scs_servo.o
    0x080008be   0x080008be   0x00000002   PAD
    0x080008c0   0x080008c0   0x00000070   Code   RO         5149    i.ArmInit           scs_servo.o
    0x08000930   0x08000930   0x0000009c   Code   RO         5150    i.ArmSetBuff        scs_servo.o
    0x080009cc   0x080009cc   0x0000006c   Code   RO          330    i.AtGridPosition    linefollowsensor.o
    0x08000a38   0x08000a38   0x000000bc   Code   RO          331    i.AtGridPosition_sp  linefollowsensor.o
    0x08000af4   0x08000af4   0x00000004   Code   RO         1053    i.BusFault_Handler  stm32f4xx_it.o
    0x08000af8   0x08000af8   0x00000054   Code   RO          332    i.CheckSensorData   linefollowsensor.o
    0x08000b4c   0x08000b4c   0x00000002   Code   RO         1054    i.DebugMon_Handler  stm32f4xx_it.o
    0x08000b4e   0x08000b4e   0x00000002   PAD
    0x08000b50   0x08000b50   0x00000040   Code   RO         4957    i.DelayInit         max7219.o
    0x08000b90   0x08000b90   0x00000034   Code   RO         4958    i.DelayUS           max7219.o
    0x08000bc4   0x08000bc4   0x000000dc   Code   RO          333    i.DirectionError_Calc  linefollowsensor.o
    0x08000ca0   0x08000ca0   0x00000038   Code   RO         5151    i.DoGroup           scs_servo.o
    0x08000cd8   0x08000cd8   0x00000012   Code   RO         4594    i.EnableTorque      scscl.o
    0x08000cea   0x08000cea   0x00000002   Code   RO          685    i.Error_Handler     main.o
    0x08000cec   0x08000cec   0x0000005c   Code   RO         1947    i.FLASH_Erase_Sector  stm32f4xx_hal_flash_ex.o
    0x08000d48   0x08000d48   0x00000078   Code   RO         1948    i.FLASH_FlushCaches  stm32f4xx_hal_flash_ex.o
    0x08000dc0   0x08000dc0   0x00000030   Code   RO         1949    i.FLASH_MassErase   stm32f4xx_hal_flash_ex.o
    0x08000df0   0x08000df0   0x00000024   Code   RO         1829    i.FLASH_Program_Byte  stm32f4xx_hal_flash.o
    0x08000e14   0x08000e14   0x0000003c   Code   RO         1830    i.FLASH_Program_DoubleWord  stm32f4xx_hal_flash.o
    0x08000e50   0x08000e50   0x00000028   Code   RO         1831    i.FLASH_Program_HalfWord  stm32f4xx_hal_flash.o
    0x08000e78   0x08000e78   0x00000028   Code   RO         1832    i.FLASH_Program_Word  stm32f4xx_hal_flash.o
    0x08000ea0   0x08000ea0   0x00000098   Code   RO         1833    i.FLASH_SetErrorCode  stm32f4xx_hal_flash.o
    0x08000f38   0x08000f38   0x00000064   Code   RO         1834    i.FLASH_WaitForLastOperation  stm32f4xx_hal_flash.o
    0x08000f9c   0x08000f9c   0x0000002c   Code   RO         5152    i.ForceAll          scs_servo.o
    0x08000fc8   0x08000fc8   0x000001d8   Code   RO          336    i.GetSensorData     linefollowsensor.o
    0x080011a0   0x080011a0   0x00000174   Code   RO          337    i.GetSensorDataRaw  linefollowsensor.o
    0x08001314   0x08001314   0x0000001c   Code   RO          547    i.GoFrontForMaterial  gongxun.o
    0x08001330   0x08001330   0x00000034   Code   RO          548    i.GoFrontForQR      gongxun.o
    0x08001364   0x08001364   0x000000cc   Code   RO         5153    i.GoPos             scs_servo.o
    0x08001430   0x08001430   0x0000000c   Code   RO          338    i.Grid_Lock         linefollowsensor.o
    0x0800143c   0x0800143c   0x0000000c   Code   RO          339    i.Grid_UnLock       linefollowsensor.o
    0x08001448   0x08001448   0x00000028   Code   RO         2181    i.HAL_DMA_Abort_IT  stm32f4xx_hal_dma.o
    0x08001470   0x08001470   0x00000028   Code   RO         2604    i.HAL_Delay         stm32f4xx_hal.o
    0x08001498   0x08001498   0x000000ac   Code   RO         1959    i.HAL_FLASHEx_Erase  stm32f4xx_hal_flash_ex.o
    0x08001544   0x08001544   0x00000014   Code   RO         1838    i.HAL_FLASH_Lock    stm32f4xx_hal_flash.o
    0x08001558   0x08001558   0x00000098   Code   RO         1843    i.HAL_FLASH_Program  stm32f4xx_hal_flash.o
    0x080015f0   0x080015f0   0x00000034   Code   RO         1845    i.HAL_FLASH_Unlock  stm32f4xx_hal_flash.o
    0x08001624   0x08001624   0x00000200   Code   RO         2073    i.HAL_GPIO_Init     stm32f4xx_hal_gpio.o
    0x08001824   0x08001824   0x00000010   Code   RO         2075    i.HAL_GPIO_ReadPin  stm32f4xx_hal_gpio.o
    0x08001834   0x08001834   0x00000012   Code   RO         2076    i.HAL_GPIO_TogglePin  stm32f4xx_hal_gpio.o
    0x08001846   0x08001846   0x0000000c   Code   RO         2077    i.HAL_GPIO_WritePin  stm32f4xx_hal_gpio.o
    0x08001852   0x08001852   0x00000002   PAD
    0x08001854   0x08001854   0x0000000c   Code   RO         2610    i.HAL_GetTick       stm32f4xx_hal.o
    0x08001860   0x08001860   0x000001d0   Code   RO         1194    i.HAL_I2C_Init      stm32f4xx_hal_i2c.o
    0x08001a30   0x08001a30   0x00000088   Code   RO          799    i.HAL_I2C_MspInit   i2c.o
    0x08001ab8   0x08001ab8   0x00000018   Code   RO         2616    i.HAL_IncTick       stm32f4xx_hal.o
    0x08001ad0   0x08001ad0   0x0000003c   Code   RO         2617    i.HAL_Init          stm32f4xx_hal.o
    0x08001b0c   0x08001b0c   0x0000004c   Code   RO         2618    i.HAL_InitTick      stm32f4xx_hal.o
    0x08001b58   0x08001b58   0x00000048   Code   RO         1159    i.HAL_MspInit       stm32f4xx_hal_msp.o
    0x08001ba0   0x08001ba0   0x00000020   Code   RO         2462    i.HAL_NVIC_EnableIRQ  stm32f4xx_hal_cortex.o
    0x08001bc0   0x08001bc0   0x0000007c   Code   RO         2468    i.HAL_NVIC_SetPriority  stm32f4xx_hal_cortex.o
    0x08001c3c   0x08001c3c   0x00000028   Code   RO         2469    i.HAL_NVIC_SetPriorityGrouping  stm32f4xx_hal_cortex.o
    0x08001c64   0x08001c64   0x00000184   Code   RO         1674    i.HAL_RCC_ClockConfig  stm32f4xx_hal_rcc.o
    0x08001de8   0x08001de8   0x0000000c   Code   RO         1679    i.HAL_RCC_GetHCLKFreq  stm32f4xx_hal_rcc.o
    0x08001df4   0x08001df4   0x00000020   Code   RO         1681    i.HAL_RCC_GetPCLK1Freq  stm32f4xx_hal_rcc.o
    0x08001e14   0x08001e14   0x00000020   Code   RO         1682    i.HAL_RCC_GetPCLK2Freq  stm32f4xx_hal_rcc.o
    0x08001e34   0x08001e34   0x000000b0   Code   RO         1683    i.HAL_RCC_GetSysClockFreq  stm32f4xx_hal_rcc.o
    0x08001ee4   0x08001ee4   0x00000488   Code   RO         1686    i.HAL_RCC_OscConfig  stm32f4xx_hal_rcc.o
    0x0800236c   0x0800236c   0x0000008c   Code   RO         2866    i.HAL_SPI_Init      stm32f4xx_hal_spi.o
    0x080023f8   0x080023f8   0x00000088   Code   RO          841    i.HAL_SPI_MspInit   spi.o
    0x08002480   0x08002480   0x000001a2   Code   RO         2874    i.HAL_SPI_Transmit  stm32f4xx_hal_spi.o
    0x08002622   0x08002622   0x00000002   PAD
    0x08002624   0x08002624   0x00000010   Code   RO         4857    i.HAL_SYSTICK_Callback  wiring.o
    0x08002634   0x08002634   0x00000034   Code   RO         2473    i.HAL_SYSTICK_Config  stm32f4xx_hal_cortex.o
    0x08002668   0x08002668   0x00000008   Code   RO         2474    i.HAL_SYSTICK_IRQHandler  stm32f4xx_hal_cortex.o
    0x08002670   0x08002670   0x00000002   Code   RO         3865    i.HAL_TIMEx_BreakCallback  stm32f4xx_hal_tim_ex.o
    0x08002672   0x08002672   0x00000002   Code   RO         3866    i.HAL_TIMEx_CommutCallback  stm32f4xx_hal_tim_ex.o
    0x08002674   0x08002674   0x00000074   Code   RO         3868    i.HAL_TIMEx_ConfigBreakDeadTime  stm32f4xx_hal_tim_ex.o
    0x080026e8   0x080026e8   0x000000b4   Code   RO         3883    i.HAL_TIMEx_MasterConfigSynchronization  stm32f4xx_hal_tim_ex.o
    0x0800279c   0x0800279c   0x00000034   Code   RO         3179    i.HAL_TIM_Base_Init  stm32f4xx_hal_tim.o
    0x080027d0   0x080027d0   0x000000d0   Code   RO          883    i.HAL_TIM_Base_MspInit  tim.o
    0x080028a0   0x080028a0   0x0000002a   Code   RO         3184    i.HAL_TIM_Base_Start_IT  stm32f4xx_hal_tim.o
    0x080028ca   0x080028ca   0x00000108   Code   RO         3188    i.HAL_TIM_ConfigClockSource  stm32f4xx_hal_tim.o
    0x080029d2   0x080029d2   0x000000ae   Code   RO         3197    i.HAL_TIM_Encoder_Init  stm32f4xx_hal_tim.o
    0x08002a80   0x08002a80   0x00000208   Code   RO          885    i.HAL_TIM_Encoder_MspInit  tim.o
    0x08002c88   0x08002c88   0x0000004e   Code   RO         3200    i.HAL_TIM_Encoder_Start  stm32f4xx_hal_tim.o
    0x08002cd6   0x08002cd6   0x00000002   Code   RO         3208    i.HAL_TIM_IC_CaptureCallback  stm32f4xx_hal_tim.o
    0x08002cd8   0x08002cd8   0x00000196   Code   RO         3222    i.HAL_TIM_IRQHandler  stm32f4xx_hal_tim.o
    0x08002e6e   0x08002e6e   0x00000002   PAD
    0x08002e70   0x08002e70   0x00000138   Code   RO          886    i.HAL_TIM_MspPostInit  tim.o
    0x08002fa8   0x08002fa8   0x00000002   Code   RO         3225    i.HAL_TIM_OC_DelayElapsedCallback  stm32f4xx_hal_tim.o
    0x08002faa   0x08002faa   0x00000108   Code   RO         3246    i.HAL_TIM_PWM_ConfigChannel  stm32f4xx_hal_tim.o
    0x080030b2   0x080030b2   0x00000034   Code   RO         3249    i.HAL_TIM_PWM_Init  stm32f4xx_hal_tim.o
    0x080030e6   0x080030e6   0x00000002   Code   RO         3251    i.HAL_TIM_PWM_MspInit  stm32f4xx_hal_tim.o
    0x080030e8   0x080030e8   0x00000002   Code   RO         3252    i.HAL_TIM_PWM_PulseFinishedCallback  stm32f4xx_hal_tim.o
    0x080030ea   0x080030ea   0x00000002   PAD
    0x080030ec   0x080030ec   0x00000058   Code   RO         3254    i.HAL_TIM_PWM_Start  stm32f4xx_hal_tim.o
    0x08003144   0x08003144   0x0000031c   Code   RO          205    i.HAL_TIM_PeriodElapsedCallback  controltask.o
    0x08003460   0x08003460   0x00000002   Code   RO         3265    i.HAL_TIM_TriggerCallback  stm32f4xx_hal_tim.o
    0x08003462   0x08003462   0x00000002   Code   RO         4137    i.HAL_UART_ErrorCallback  stm32f4xx_hal_uart.o
    0x08003464   0x08003464   0x00000154   Code   RO         4140    i.HAL_UART_IRQHandler  stm32f4xx_hal_uart.o
    0x080035b8   0x080035b8   0x00000072   Code   RO         4141    i.HAL_UART_Init     stm32f4xx_hal_uart.o
    0x0800362a   0x0800362a   0x00000002   PAD
    0x0800362c   0x0800362c   0x0000025c   Code   RO          985    i.HAL_UART_MspInit  usart.o
    0x08003888   0x08003888   0x00000070   Code   RO         4146    i.HAL_UART_Receive_IT  stm32f4xx_hal_uart.o
    0x080038f8   0x080038f8   0x00000080   Code   RO          986    i.HAL_UART_RxCpltCallback  usart.o
    0x08003978   0x08003978   0x00000150   Code   RO          610    i.HAL_UART_RxCpltCallback_color  uart234.o
    0x08003ac8   0x08003ac8   0x000000d8   Code   RO         4149    i.HAL_UART_Transmit  stm32f4xx_hal_uart.o
    0x08003ba0   0x08003ba0   0x00000002   Code   RO         4152    i.HAL_UART_TxCpltCallback  stm32f4xx_hal_uart.o
    0x08003ba2   0x08003ba2   0x00000004   Code   RO         1055    i.HardFault_Handler  stm32f4xx_it.o
    0x08003ba6   0x08003ba6   0x00000002   PAD
    0x08003ba8   0x08003ba8   0x0000001c   Code   RO         4482    i.Host2SCS          scs.o
    0x08003bc4   0x08003bc4   0x00000078   Code   RO           13    i.Incremental_PI0   motorcontrol.o
    0x08003c3c   0x08003c3c   0x00000078   Code   RO           14    i.Incremental_PI1   motorcontrol.o
    0x08003cb4   0x08003cb4   0x00000078   Code   RO           15    i.Incremental_PI2   motorcontrol.o
    0x08003d2c   0x08003d2c   0x00000078   Code   RO           16    i.Incremental_PI3   motorcontrol.o
    0x08003da4   0x08003da4   0x000000cc   Code   RO          340    i.LineFollowInit    linefollowsensor.o
    0x08003e70   0x08003e70   0x00000010   Code   RO         4596    i.LockEprom         scscl.o
    0x08003e80   0x08003e80   0x00000022   Code   RO         4959    i.MAX7219_Decode    max7219.o
    0x08003ea2   0x08003ea2   0x0000002e   Code   RO         4960    i.MAX7219_Digit     max7219.o
    0x08003ed0   0x08003ed0   0x0000002c   Code   RO         4961    i.MAX7219_Init      max7219.o
    0x08003efc   0x08003efc   0x00000028   Code   RO         4962    i.MAX7219_Intensity  max7219.o
    0x08003f24   0x08003f24   0x0000001c   Code   RO         5054    i.MAX7219_MatrixClear  max7219_matrix.o
    0x08003f40   0x08003f40   0x00000056   Code   RO         5055    i.MAX7219_MatrixInit  max7219_matrix.o
    0x08003f96   0x08003f96   0x00000002   PAD
    0x08003f98   0x08003f98   0x00000090   Code   RO         5056    i.MAX7219_MatrixLShift  max7219_matrix.o
    0x08004028   0x08004028   0x00000098   Code   RO         5057    i.MAX7219_MatrixRShift  max7219_matrix.o
    0x080040c0   0x080040c0   0x00000010   Code   RO         5058    i.MAX7219_MatrixSetPixel  max7219_matrix.o
    0x080040d0   0x080040d0   0x00000038   Code   RO         5061    i.MAX7219_MatrixUpdate  max7219_matrix.o
    0x08004108   0x08004108   0x00000028   Code   RO         4963    i.MAX7219_ScanLimit  max7219.o
    0x08004130   0x08004130   0x00000028   Code   RO         4964    i.MAX7219_ShutDown  max7219.o
    0x08004158   0x08004158   0x00000028   Code   RO         4965    i.MAX7219_Test      max7219.o
    0x08004180   0x08004180   0x0000007c   Code   RO         4966    i.MAX7219_Write     max7219.o
    0x080041fc   0x080041fc   0x00000160   Code   RO         5062    i.MAX7219_mywrite   max7219_matrix.o
    0x0800435c   0x0800435c   0x000001c8   Code   RO          774    i.MX_GPIO_Init      gpio.o
    0x08004524   0x08004524   0x0000003c   Code   RO          800    i.MX_I2C1_Init      i2c.o
    0x08004560   0x08004560   0x00000048   Code   RO          842    i.MX_SPI1_Init      spi.o
    0x080045a8   0x080045a8   0x00000110   Code   RO          887    i.MX_TIM1_Init      tim.o
    0x080046b8   0x080046b8   0x00000078   Code   RO          888    i.MX_TIM2_Init      tim.o
    0x08004730   0x08004730   0x0000007c   Code   RO          889    i.MX_TIM3_Init      tim.o
    0x080047ac   0x080047ac   0x0000007c   Code   RO          890    i.MX_TIM4_Init      tim.o
    0x08004828   0x08004828   0x0000007c   Code   RO          891    i.MX_TIM5_Init      tim.o
    0x080048a4   0x080048a4   0x0000004c   Code   RO          892    i.MX_TIM6_Init      tim.o
    0x080048f0   0x080048f0   0x00000110   Code   RO          893    i.MX_TIM8_Init      tim.o
    0x08004a00   0x08004a00   0x00000090   Code   RO          894    i.MX_TIM9_Init      tim.o
    0x08004a90   0x08004a90   0x00000038   Code   RO          987    i.MX_UART5_Init     usart.o
    0x08004ac8   0x08004ac8   0x00000038   Code   RO          988    i.MX_USART1_UART_Init  usart.o
    0x08004b00   0x08004b00   0x00000038   Code   RO          686    i.MX_USART2_UART_Init  main.o
    0x08004b38   0x08004b38   0x00000038   Code   RO          990    i.MX_USART3_UART_Init  usart.o
    0x08004b70   0x08004b70   0x000002e0   Code   RO          549    i.ManufacturingProcesses  gongxun.o
    0x08004e50   0x08004e50   0x00000004   Code   RO         1056    i.MemManage_Handler  stm32f4xx_it.o
    0x08004e54   0x08004e54   0x00000018   Code   RO           17    i.MotorSpeed2RealSpeed  motorcontrol.o
    0x08004e6c   0x08004e6c   0x00000002   Code   RO         1057    i.NMI_Handler       stm32f4xx_it.o
    0x08004e6e   0x08004e6e   0x00000002   PAD
    0x08004e70   0x08004e70   0x0000026c   Code   RO          550    i.OnTheWay          gongxun.o
    0x080050dc   0x080050dc   0x00000128   Code   RO          343    i.OneGrid           linefollowsensor.o
    0x08005204   0x08005204   0x00000144   Code   RO          344    i.OneGrid_sp        linefollowsensor.o
    0x08005348   0x08005348   0x00000002   Code   RO         1058    i.PendSV_Handler    stm32f4xx_it.o
    0x0800534a   0x0800534a   0x00000002   PAD
    0x0800534c   0x0800534c   0x00000018   Code   RO         5154    i.Pos2Group         scs_servo.o
    0x08005364   0x08005364   0x000000a4   Code   RO         4484    i.Read              scs.o
    0x08005408   0x08005408   0x00000040   Code   RO         4601    i.ReadPos           scscl.o
    0x08005448   0x08005448   0x0000001c   Code   RO         4485    i.SCS2Host          scs.o
    0x08005464   0x08005464   0x00000040   Code   RO         4801    i.SCS_Uarthandle    uart.o
    0x080054a4   0x080054a4   0x0000006c   Code   RO         2904    i.SPI_EndRxTxTransaction  stm32f4xx_hal_spi.o
    0x08005510   0x08005510   0x00000020   Code   RO         4967    i.SPI_Tx            max7219.o
    0x08005530   0x08005530   0x000000a8   Code   RO         2909    i.SPI_WaitFlagStateUntilTimeout  stm32f4xx_hal_spi.o
    0x080055d8   0x080055d8   0x00000020   Code   RO         4968    i.SS_Deselect       max7219.o
    0x080055f8   0x080055f8   0x00000020   Code   RO         4969    i.SS_Select         max7219.o
    0x08005618   0x08005618   0x00000002   Code   RO         1059    i.SVC_Handler       stm32f4xx_it.o
    0x0800561a   0x0800561a   0x00000002   PAD
    0x0800561c   0x0800561c   0x00000360   Code   RO         5155    i.SaveAll2F         scs_servo.o
    0x0800597c   0x0800597c   0x00000090   Code   RO         5156    i.SavePos           scs_servo.o
    0x08005a0c   0x08005a0c   0x000001bc   Code   RO          345    i.SaveSensor2F      linefollowsensor.o
    0x08005bc8   0x08005bc8   0x000000c8   Code   RO           18    i.SetMotorPWM       motorcontrol.o
    0x08005c90   0x08005c90   0x00000014   Code   RO           19    i.SetMotorSPEED     motorcontrol.o
    0x08005ca4   0x08005ca4   0x0000000c   Code   RO         1060    i.SysTick_Handler   stm32f4xx_it.o
    0x08005cb0   0x08005cb0   0x000000b4   Code   RO          687    i.SystemClock_Config  main.o
    0x08005d64   0x08005d64   0x0000001c   Code   RO         4448    i.SystemInit        system_stm32f4xx.o
    0x08005d80   0x08005d80   0x00000010   Code   RO         1061    i.TIM6_DAC_IRQHandler  stm32f4xx_it.o
    0x08005d90   0x08005d90   0x000000d8   Code   RO         3267    i.TIM_Base_SetConfig  stm32f4xx_hal_tim.o
    0x08005e68   0x08005e68   0x00000022   Code   RO         3268    i.TIM_CCxChannelCmd  stm32f4xx_hal_tim.o
    0x08005e8a   0x08005e8a   0x00000016   Code   RO         3278    i.TIM_ETR_SetConfig  stm32f4xx_hal_tim.o
    0x08005ea0   0x08005ea0   0x00000012   Code   RO         3279    i.TIM_ITRx_SetConfig  stm32f4xx_hal_tim.o
    0x08005eb2   0x08005eb2   0x00000002   PAD
    0x08005eb4   0x08005eb4   0x00000070   Code   RO         3280    i.TIM_OC1_SetConfig  stm32f4xx_hal_tim.o
    0x08005f24   0x08005f24   0x0000007c   Code   RO         3281    i.TIM_OC2_SetConfig  stm32f4xx_hal_tim.o
    0x08005fa0   0x08005fa0   0x00000078   Code   RO         3282    i.TIM_OC3_SetConfig  stm32f4xx_hal_tim.o
    0x08006018   0x08006018   0x00000054   Code   RO         3283    i.TIM_OC4_SetConfig  stm32f4xx_hal_tim.o
    0x0800606c   0x0800606c   0x00000026   Code   RO         3285    i.TIM_TI1_ConfigInputStage  stm32f4xx_hal_tim.o
    0x08006092   0x08006092   0x00000028   Code   RO         3287    i.TIM_TI2_ConfigInputStage  stm32f4xx_hal_tim.o
    0x080060ba   0x080060ba   0x00000002   PAD
    0x080060bc   0x080060bc   0x00000010   Code   RO         1062    i.UART5_IRQHandler  stm32f4xx_it.o
    0x080060cc   0x080060cc   0x00000014   Code   RO         4154    i.UART_DMAAbortOnError  stm32f4xx_hal_uart.o
    0x080060e0   0x080060e0   0x00000020   Code   RO         4164    i.UART_EndRxTransfer  stm32f4xx_hal_uart.o
    0x08006100   0x08006100   0x00000020   Code   RO         4165    i.UART_EndTransmit_IT  stm32f4xx_hal_uart.o
    0x08006120   0x08006120   0x000000a6   Code   RO         4167    i.UART_Receive_IT   stm32f4xx_hal_uart.o
    0x080061c6   0x080061c6   0x00000002   PAD
    0x080061c8   0x080061c8   0x000003e8   Code   RO         4168    i.UART_SetConfig    stm32f4xx_hal_uart.o
    0x080065b0   0x080065b0   0x00000068   Code   RO         4169    i.UART_Transmit_IT  stm32f4xx_hal_uart.o
    0x08006618   0x08006618   0x0000006c   Code   RO         4170    i.UART_WaitOnFlagUntilTimeout  stm32f4xx_hal_uart.o
    0x08006684   0x08006684   0x00000010   Code   RO         1063    i.USART1_IRQHandler  stm32f4xx_it.o
    0x08006694   0x08006694   0x00000010   Code   RO         1064    i.USART2_IRQHandler  stm32f4xx_it.o
    0x080066a4   0x080066a4   0x00000010   Code   RO         1065    i.USART3_IRQHandler  stm32f4xx_it.o
    0x080066b4   0x080066b4   0x00000012   Code   RO          611    i.Uart2_servoCtr    uart234.o
    0x080066c6   0x080066c6   0x00000002   PAD
    0x080066c8   0x080066c8   0x000000d4   Code   RO          612    i.Uart3_readColor   uart234.o
    0x0800679c   0x0800679c   0x000000f4   Code   RO          613    i.Uart3_readQRcode  uart234.o
    0x08006890   0x08006890   0x00000014   Code   RO         4802    i.Uart_Flush        uart.o
    0x080068a4   0x080068a4   0x00000040   Code   RO         4803    i.Uart_Read         uart.o
    0x080068e4   0x080068e4   0x00000028   Code   RO         4804    i.Uart_Send         uart.o
    0x0800690c   0x0800690c   0x00000004   Code   RO         1066    i.UsageFault_Handler  stm32f4xx_it.o
    0x08006910   0x08006910   0x000000a8   Code   RO          276    i.User_PID_Calc_angle  pid.o
    0x080069b8   0x080069b8   0x00000058   Code   RO          277    i.User_PID_Init     pid.o
    0x08006a10   0x08006a10   0x00000024   Code   RO         5717    i.User_Shell_Init   shell_port.o
    0x08006a34   0x08006a34   0x00000018   Code   RO         5718    i.User_Shell_Write  shell_port.o
    0x08006a4c   0x08006a4c   0x00000040   Code   RO         4609    i.WritePos          scscl.o
    0x08006a8c   0x08006a8c   0x000000b8   Code   RO         5157    i.WritePos_sp       scs_servo.o
    0x08006b44   0x08006b44   0x00000020   Code   RO         6062    i.__0printf         mc_w.l(printfa.o)
    0x08006b64   0x08006b64   0x00000028   Code   RO         6064    i.__0sprintf        mc_w.l(printfa.o)
    0x08006b8c   0x08006b8c   0x00000010   Code   RO         2475    i.__NVIC_GetPriorityGrouping  stm32f4xx_hal_cortex.o
    0x08006b9c   0x08006b9c   0x00000028   Code   RO         2476    i.__NVIC_SetPriority  stm32f4xx_hal_cortex.o
    0x08006bc4   0x08006bc4   0x0000000e   Code   RO         6130    i.__scatterload_copy  mc_w.l(handlers.o)
    0x08006bd2   0x08006bd2   0x00000002   Code   RO         6131    i.__scatterload_null  mc_w.l(handlers.o)
    0x08006bd4   0x08006bd4   0x0000000e   Code   RO         6132    i.__scatterload_zeroinit  mc_w.l(handlers.o)
    0x08006be2   0x08006be2   0x00000002   PAD
    0x08006be4   0x08006be4   0x00000184   Code   RO         6069    i._fp_digits        mc_w.l(printfa.o)
    0x08006d68   0x08006d68   0x000006dc   Code   RO         6070    i._printf_core      mc_w.l(printfa.o)
    0x08007444   0x08007444   0x00000024   Code   RO         6071    i._printf_post_padding  mc_w.l(printfa.o)
    0x08007468   0x08007468   0x0000002e   Code   RO         6072    i._printf_pre_padding  mc_w.l(printfa.o)
    0x08007496   0x08007496   0x0000000a   Code   RO         6074    i._sputc            mc_w.l(printfa.o)
    0x080074a0   0x080074a0   0x00000058   Code   RO         5794    i.buzzerDriverInit  buzzerdriver.o
    0x080074f8   0x080074f8   0x0000003c   Code   RO         5754    i.buzzerSetNewFrequency  buzzerdriver.o
    0x08007534   0x08007534   0x000000d8   Code   RO         5158    i.changePosTime     scs_servo.o
    0x0800760c   0x0800760c   0x0000004e   Code   RO         4486    i.checkHead         scs.o
    0x0800765a   0x0800765a   0x00000002   PAD
    0x0800765c   0x0800765c   0x000000b4   Code   RO         5159    i.copyPos           scs_servo.o
    0x08007710   0x08007710   0x00000016   Code   RO         4858    i.delay             wiring.o
    0x08007726   0x08007726   0x00000002   PAD
    0x08007728   0x08007728   0x0000001c   Code   RO          523    i.fputc             user_usart.o
    0x08007744   0x08007744   0x0000002a   Code   RO         4487    i.genWrite          scs.o
    0x0800776e   0x0800776e   0x00000002   PAD
    0x08007770   0x08007770   0x0000002c   Code   RO          688    i.led_shan          main.o
    0x0800779c   0x0800779c   0x000002bc   Code   RO          689    i.main              main.o
    0x08007a58   0x08007a58   0x00000030   Code   RO           20    i.mecanumRun        motorcontrol.o
    0x08007a88   0x08007a88   0x0000000c   Code   RO         4859    i.millis            wiring.o
    0x08007a94   0x08007a94   0x00000058   Code   RO         5755    i.music2Play        buzzerdriver.o
    0x08007aec   0x08007aec   0x000000cc   Code   RO         5756    i.music3Play        buzzerdriver.o
    0x08007bb8   0x08007bb8   0x000000cc   Code   RO         5757    i.musicPlay         buzzerdriver.o
    0x08007c84   0x08007c84   0x00000044   Code   RO          348    i.ni                linefollowsensor.o
    0x08007cc8   0x08007cc8   0x00000010   Code   RO         4488    i.nopDelay          scs.o
    0x08007cd8   0x08007cd8   0x00000014   Code   RO          206    i.quietTest         controltask.o
    0x08007cec   0x08007cec   0x00000008   Code   RO         4748    i.rFlushSCS         scserail.o
    0x08007cf4   0x08007cf4   0x0000013c   Code   RO         5160    i.readF2ram         scs_servo.o
    0x08007e30   0x08007e30   0x00000050   Code   RO         4749    i.readSCS           scserail.o
    0x08007e80   0x08007e80   0x00000028   Code   RO          349    i.readSensorF2ram   linefollowsensor.o
    0x08007ea8   0x08007ea8   0x00000030   Code   RO         4490    i.readWord          scs.o
    0x08007ed8   0x08007ed8   0x00000094   Code   RO         5161    i.seePos            scs_servo.o
    0x08007f6c   0x08007f6c   0x00000028   Code   RO         5298    i.shellAdd          shell.o
    0x08007f94   0x08007f94   0x0000000e   Code   RO         5299    i.shellBackspace    shell.o
    0x08007fa2   0x08007fa2   0x00000002   PAD
    0x08007fa4   0x08007fa4   0x00000044   Code   RO         5300    i.shellCheckPassword  shell.o
    0x08007fe8   0x08007fe8   0x00000036   Code   RO         5301    i.shellCheckPermission  shell.o
    0x0800801e   0x0800801e   0x00000002   PAD
    0x08008020   0x08008020   0x0000001c   Code   RO         5302    i.shellClear        shell.o
    0x0800803c   0x0800803c   0x00000028   Code   RO         5303    i.shellClearCommandLine  shell.o
    0x08008064   0x08008064   0x00000012   Code   RO         5304    i.shellCmds         shell.o
    0x08008076   0x08008076   0x00000010   Code   RO         5305    i.shellDelete       shell.o
    0x08008086   0x08008086   0x000000da   Code   RO         5306    i.shellDeleteByte   shell.o
    0x08008160   0x08008160   0x00000020   Code   RO         5307    i.shellDeleteCommandLine  shell.o
    0x08008180   0x08008180   0x00000010   Code   RO         5308    i.shellDown         shell.o
    0x08008190   0x08008190   0x00000014   Code   RO         5309    i.shellEnter        shell.o
    0x080081a4   0x080081a4   0x00000074   Code   RO         5310    i.shellExec         shell.o
    0x08008218   0x08008218   0x00000058   Code   RO         5666    i.shellExtNumType   shell_ext.o
    0x08008270   0x08008270   0x00000046   Code   RO         5667    i.shellExtParseChar  shell_ext.o
    0x080082b6   0x080082b6   0x00000002   PAD
    0x080082b8   0x080082b8   0x000000ec   Code   RO         5668    i.shellExtParseNumber  shell_ext.o
    0x080083a4   0x080083a4   0x00000056   Code   RO         5669    i.shellExtParsePara  shell_ext.o
    0x080083fa   0x080083fa   0x0000004a   Code   RO         5670    i.shellExtParseString  shell_ext.o
    0x08008444   0x08008444   0x00000024   Code   RO         5671    i.shellExtParseVar  shell_ext.o
    0x08008468   0x08008468   0x000000ca   Code   RO         5672    i.shellExtRun       shell_ext.o
    0x08008532   0x08008532   0x00000036   Code   RO         5673    i.shellExtToNum     shell_ext.o
    0x08008568   0x08008568   0x00000030   Code   RO         5311    i.shellGetCommandDesc  shell.o
    0x08008598   0x08008598   0x00000050   Code   RO         5312    i.shellGetCommandName  shell.o
    0x080085e8   0x080085e8   0x00000034   Code   RO         5313    i.shellGetCurrent   shell.o
    0x0800861c   0x0800861c   0x00000054   Code   RO         5314    i.shellGetVarValue  shell.o
    0x08008670   0x08008670   0x000000ec   Code   RO         5315    i.shellHandler      shell.o
    0x0800875c   0x0800875c   0x00000088   Code   RO         5316    i.shellHelp         shell.o
    0x080087e4   0x080087e4   0x000000c2   Code   RO         5317    i.shellHistory      shell.o
    0x080088a6   0x080088a6   0x0000007a   Code   RO         5318    i.shellHistoryAdd   shell.o
    0x08008920   0x08008920   0x000000a0   Code   RO         5319    i.shellInit         shell.o
    0x080089c0   0x080089c0   0x000000d8   Code   RO         5320    i.shellInsertByte   shell.o
    0x08008a98   0x08008a98   0x00000012   Code   RO         5321    i.shellKeys         shell.o
    0x08008aaa   0x08008aaa   0x0000001a   Code   RO         5322    i.shellLeft         shell.o
    0x08008ac4   0x08008ac4   0x0000000c   Code   RO         5323    i.shellListAll      shell.o
    0x08008ad0   0x08008ad0   0x0000004c   Code   RO         5324    i.shellListCommand  shell.o
    0x08008b1c   0x08008b1c   0x000000fc   Code   RO         5325    i.shellListItem     shell.o
    0x08008c18   0x08008c18   0x00000058   Code   RO         5326    i.shellListKey      shell.o
    0x08008c70   0x08008c70   0x00000058   Code   RO         5327    i.shellListUser     shell.o
    0x08008cc8   0x08008cc8   0x00000058   Code   RO         5328    i.shellListVar      shell.o
    0x08008d20   0x08008d20   0x0000001c   Code   RO         5329    i.shellNormalInput  shell.o
    0x08008d3c   0x08008d3c   0x0000008e   Code   RO         5330    i.shellParserParam  shell.o
    0x08008dca   0x08008dca   0x00000068   Code   RO         5332    i.shellRemoveParamQuotes  shell.o
    0x08008e32   0x08008e32   0x0000001e   Code   RO         5333    i.shellRight        shell.o
    0x08008e50   0x08008e50   0x000000ae   Code   RO         5335    i.shellRunCommand   shell.o
    0x08008efe   0x08008efe   0x0000007a   Code   RO         5336    i.shellSeekCommand  shell.o
    0x08008f78   0x08008f78   0x0000005c   Code   RO         5337    i.shellSetUser      shell.o
    0x08008fd4   0x08008fd4   0x00000070   Code   RO         5338    i.shellSetVar       shell.o
    0x08009044   0x08009044   0x00000090   Code   RO         5339    i.shellSetVarValue  shell.o
    0x080090d4   0x080090d4   0x000000c0   Code   RO         5340    i.shellShowVar      shell.o
    0x08009194   0x08009194   0x0000002c   Code   RO         5341    i.shellStringCompare  shell.o
    0x080091c0   0x080091c0   0x00000018   Code   RO         5342    i.shellStringCopy   shell.o
    0x080091d8   0x080091d8   0x00000110   Code   RO         5343    i.shellTab          shell.o
    0x080092e8   0x080092e8   0x00000056   Code   RO         5345    i.shellToDec        shell.o
    0x0800933e   0x0800933e   0x00000038   Code   RO         5346    i.shellToHex        shell.o
    0x08009376   0x08009376   0x0000000e   Code   RO         5347    i.shellUp           shell.o
    0x08009384   0x08009384   0x00000012   Code   RO         5348    i.shellUsers        shell.o
    0x08009396   0x08009396   0x00000012   Code   RO         5349    i.shellVars         shell.o
    0x080093a8   0x080093a8   0x0000000e   Code   RO         5350    i.shellWriteByte    shell.o
    0x080093b6   0x080093b6   0x00000050   Code   RO         5351    i.shellWriteCommandDesc  shell.o
    0x08009406   0x08009406   0x00000002   PAD
    0x08009408   0x08009408   0x00000068   Code   RO         5352    i.shellWriteCommandLine  shell.o
    0x08009470   0x08009470   0x0000008c   Code   RO         5353    i.shellWriteReturnValue  shell.o
    0x080094fc   0x080094fc   0x00000028   Code   RO         5354    i.shellWriteString  shell.o
    0x08009524   0x08009524   0x00000010   Code   RO         4611    i.unLockEprom       scscl.o
    0x08009534   0x08009534   0x00000024   Code   RO         4750    i.wFlushSCS         scserail.o
    0x08009558   0x08009558   0x00000092   Code   RO         4494    i.writeBuf          scs.o
    0x080095ea   0x080095ea   0x0000002a   Code   RO         4495    i.writeByte         scs.o
    0x08009614   0x08009614   0x0000003c   Code   RO         4751    i.writeSCS          scserail.o
    0x08009650   0x08009650   0x0000005c   Code   RO          350    i.xAngleControl     linefollowsensor.o
    0x080096ac   0x080096ac   0x0000005c   Code   RO          351    i.xPositionControl  linefollowsensor.o
    0x08009708   0x08009708   0x0000005c   Code   RO          352    i.yAngleControl     linefollowsensor.o
    0x08009764   0x08009764   0x00000060   Code   RO          353    i.yPositionControl  linefollowsensor.o
    0x080097c4   0x080097c4   0x00000060   Data   RO           21    .constdata          motorcontrol.o
    0x08009824   0x08009824   0x0000013c   Data   RO          208    .constdata          controltask.o
    0x08009960   0x08009960   0x00000082   Data   RO          356    .constdata          linefollowsensor.o
    0x080099e2   0x080099e2   0x0000005f   Data   RO          552    .constdata          gongxun.o
    0x08009a41   0x08009a41   0x00000026   Data   RO          615    .constdata          uart234.o
    0x08009a67   0x08009a67   0x00000032   Data   RO          691    .constdata          main.o
    0x08009a99   0x08009a99   0x0000000c   Data   RO          992    .constdata          usart.o
    0x08009aa5   0x08009aa5   0x00000018   Data   RO         4449    .constdata          system_stm32f4xx.o
    0x08009abd   0x08009abd   0x0000001e   Data   RO         4613    .constdata          scscl.o
    0x08009adb   0x08009adb   0x00000005   PAD
    0x08009ae0   0x08009ae0   0x000002c8   Data   RO         5064    .constdata          max7219_matrix.o
    0x08009da8   0x08009da8   0x00000181   Data   RO         5163    .constdata          scs_servo.o
    0x08009f29   0x08009f29   0x000000e3   Data   RO         5356    .constdata          shell.o
    0x0800a00c   0x0800a00c   0x000008c4   Data   RO         5758    .constdata          buzzerdriver.o
    0x0800a8d0   0x0800a8d0   0x000002a5   Data   RO         5357    .conststring        shell.o
    0x0800ab75   0x0800ab75   0x00000003   PAD
    0x0800ab78   0x0800ab78   0x00000020   Data   RO         6128    Region$$Table       anon$$obj.o
    0x0800ab98   0x0800ab98   0x00000040   Data   RO           23    shellCommand        motorcontrol.o
    0x0800abd8   0x0800abd8   0x00000100   Data   RO          210    shellCommand        controltask.o
    0x0800acd8   0x0800acd8   0x00000050   Data   RO          358    shellCommand        linefollowsensor.o
    0x0800ad28   0x0800ad28   0x00000040   Data   RO          554    shellCommand        gongxun.o
    0x0800ad68   0x0800ad68   0x00000020   Data   RO          617    shellCommand        uart234.o
    0x0800ad88   0x0800ad88   0x00000040   Data   RO          693    shellCommand        main.o
    0x0800adc8   0x0800adc8   0x00000010   Data   RO          994    shellCommand        usart.o
    0x0800add8   0x0800add8   0x00000010   Data   RO         4615    shellCommand        scscl.o
    0x0800ade8   0x0800ade8   0x00000040   Data   RO         5065    shellCommand        max7219_matrix.o
    0x0800ae28   0x0800ae28   0x000000f0   Data   RO         5164    shellCommand        scs_servo.o
    0x0800af18   0x0800af18   0x00000120   Data   RO         5359    shellCommand        shell.o


    Execution Region RW_IRAM2 (Exec base: 0x10000000, Load base: 0x0800b0f0, Size: 0x00000000, Max: 0x00010000, ABSOLUTE)

    **** No section assigned to this execution region ****


    Execution Region RW_IRAM1 (Exec base: 0x20000000, Load base: 0x0800b038, Size: 0x00004a80, Max: 0x00020000, ABSOLUTE, COMPRESSED[0x000000b8])

    Exec Addr    Load Addr    Size         Type   Attr      Idx    E Section Name        Object

    0x20000000   COMPRESSED   0x00000050   Data   RW           22    .data               motorcontrol.o
    0x20000050   COMPRESSED   0x0000001f   Data   RW          209    .data               controltask.o
    0x2000006f   COMPRESSED   0x00000001   PAD
    0x20000070   COMPRESSED   0x00000054   Data   RW          357    .data               linefollowsensor.o
    0x200000c4   COMPRESSED   0x00000006   Data   RW          553    .data               gongxun.o
    0x200000ca   COMPRESSED   0x00000002   PAD
    0x200000cc   COMPRESSED   0x00000041   Data   RW          616    .data               uart234.o
    0x2000010d   COMPRESSED   0x00000003   PAD
    0x20000110   COMPRESSED   0x0000002d   Data   RW          692    .data               main.o
    0x2000013d   COMPRESSED   0x00000001   Data   RW          993    .data               usart.o
    0x2000013e   COMPRESSED   0x00000002   PAD
    0x20000140   COMPRESSED   0x00000009   Data   RW         2624    .data               stm32f4xx_hal.o
    0x20000149   COMPRESSED   0x00000003   PAD
    0x2000014c   COMPRESSED   0x00000004   Data   RW         4450    .data               system_stm32f4xx.o
    0x20000150   COMPRESSED   0x00000002   Data   RW         4497    .data               scs.o
    0x20000152   COMPRESSED   0x00000002   PAD
    0x20000154   COMPRESSED   0x00000004   Data   RW         4614    .data               scscl.o
    0x20000158   COMPRESSED   0x00000005   Data   RW         4753    .data               scserail.o
    0x2000015d   COMPRESSED   0x00000003   PAD
    0x20000160   COMPRESSED   0x00000009   Data   RW         4806    .data               uart.o
    0x20000169   COMPRESSED   0x00000003   PAD
    0x2000016c   COMPRESSED   0x00000004   Data   RW         4860    .data               wiring.o
    0x20000170   COMPRESSED   0x0000000a   Data   RW         4970    .data               max7219.o
    0x2000017a   COMPRESSED   0x00000002   PAD
    0x2000017c   COMPRESSED   0x00000054   Data   RW         5358    .data               shell.o
    0x200001d0   COMPRESSED   0x00000001   Data   RW         5720    .data               shell_port.o
    0x200001d1   COMPRESSED   0x00000003   PAD
    0x200001d4   COMPRESSED   0x00000047   Data   RW         5759    .data               buzzerdriver.o
    0x2000021b   COMPRESSED   0x00000001   PAD
    0x2000021c   COMPRESSED   0x00000004   Data   RW         6104    .data               mc_w.l(stdout.o)
    0x20000220        -       0x00000060   Zero   RW          207    .bss                controltask.o
    0x20000280        -       0x00000120   Zero   RW          279    .bss                pid.o
    0x200003a0        -       0x00000130   Zero   RW          355    .bss                linefollowsensor.o
    0x200004d0        -       0x0000000c   Zero   RW          551    .bss                gongxun.o
    0x200004dc        -       0x00000032   Zero   RW          614    .bss                uart234.o
    0x2000050e   COMPRESSED   0x00000002   PAD
    0x20000510        -       0x00000054   Zero   RW          801    .bss                i2c.o
    0x20000564        -       0x00000058   Zero   RW          843    .bss                spi.o
    0x200005bc        -       0x00000200   Zero   RW          895    .bss                tim.o
    0x200007bc        -       0x00000100   Zero   RW          991    .bss                usart.o
    0x200008bc        -       0x00000020   Zero   RW         1846    .bss                stm32f4xx_hal_flash.o
    0x200008dc        -       0x0000000f   Zero   RW         4612    .bss                scscl.o
    0x200008eb        -       0x00000080   Zero   RW         4752    .bss                scserail.o
    0x2000096b        -       0x00000080   Zero   RW         4805    .bss                uart.o
    0x200009eb        -       0x00000020   Zero   RW         5063    .bss                max7219_matrix.o
    0x20000a0b   COMPRESSED   0x00000001   PAD
    0x20000a0c        -       0x000035e8   Zero   RW         5162    .bss                scs_servo.o
    0x20003ff4        -       0x0000001d   Zero   RW         5355    .bss                shell.o
    0x20004011   COMPRESSED   0x00000003   PAD
    0x20004014        -       0x0000026c   Zero   RW         5719    .bss                shell_port.o
    0x20004280        -       0x00000800   Zero   RW            1    STACK               startup_stm32f407xx.o


==============================================================================

Image component sizes


      Code (inc. data)   RO Data    RW Data    ZI Data      Debug   Object Name

       644        112       2244         71          0       6182   buzzerdriver.o
       816        124        572         31         96       5370   controltask.o
      1436         68        159          6         12       5226   gongxun.o
       456         26          0          0          0       1231   gpio.o
       196         26          0          0         84       1749   i2c.o
      3264        494        210         84        304      17190   linefollowsensor.o
       982        308        114         45          0       9325   main.o
       620         56          0         10          0       9107   max7219.o
       834         34        776          0         32      11016   max7219_matrix.o
       772        106        160         80          0     718855   motorcontrol.o
       256         22          0          0        288       2761   pid.o
       700         14          0          2          0       7739   scs.o
      2710        446        625          0      13800      19826   scs_servo.o
       178         10         46          4         15       8298   scscl.o
       184         26          0          5        128       3187   scserail.o
      4706        226       1192         84         29      47077   shell.o
       846         12          0          0          0       6822   shell_ext.o
        60         20          0          1        620       1855   shell_port.o
       208         22          0          0         88       1765   spi.o
        36          8        392          0       2048        860   startup_stm32f407xx.o
       212         36          0          9          0       9585   stm32f4xx_hal.o
       312         22          0          0          0      35232   stm32f4xx_hal_cortex.o
        40          0          0          0          0       1175   stm32f4xx_hal_dma.o
       652         64          0          0         32       6214   stm32f4xx_hal_flash.o
       432         26          0          0          0       3374   stm32f4xx_hal_flash_ex.o
       558         46          0          0          0       3720   stm32f4xx_hal_gpio.o
       464         18          0          0          0       2115   stm32f4xx_hal_i2c.o
        72          4          0          0          0        902   stm32f4xx_hal_msp.o
      1800         84          0          0          0       5780   stm32f4xx_hal_rcc.o
       834          8          0          0          0       4298   stm32f4xx_hal_spi.o
      2238         90          0          0          0      18255   stm32f4xx_hal_tim.o
       300         30          0          0          0       3437   stm32f4xx_hal_tim_ex.o
      2248         12          0          0          0      10339   stm32f4xx_hal_uart.o
       116         30          0          0          0       7035   stm32f4xx_it.o
        28          4         24          4          0       1223   system_stm32f4xx.o
      2296        152          0          0        512       9005   tim.o
       188         40          0          9        128       3076   uart.o
       810        200         70         65         50       4138   uart234.o
       900        100         28          1        256       4374   usart.o
        28          6          0          0          0        572   user_usart.o
        50         10          0          4          0       2143   wiring.o

    ----------------------------------------------------------------------
     34528       3142       6652        540      18528    1021433   Object Totals
         0          0         32          0          0          0   (incl. Generated)
        46          0          8         25          6          0   (incl. Padding)

    ----------------------------------------------------------------------

      Code (inc. data)   RO Data    RW Data    ZI Data      Debug   Library Member Name

        86          0          0          0          0          0   __dczerorl2.o
         0          0          0          0          0          0   entry.o
         0          0          0          0          0          0   entry10a.o
         0          0          0          0          0          0   entry11a.o
         8          4          0          0          0          0   entry2.o
         4          0          0          0          0          0   entry5.o
         0          0          0          0          0          0   entry7b.o
         0          0          0          0          0          0   entry8b.o
         8          4          0          0          0          0   entry9a.o
        30          0          0          0          0          0   handlers.o
        36          8          0          0          0         68   init.o
         0          0          0          0          0          0   iusefp.o
        30          0          0          0          0         68   llshl.o
        36          0          0          0          0         68   llsshr.o
        32          0          0          0          0         68   llushr.o
        36          0          0          0          0         68   memcpya.o
        36          0          0          0          0        108   memseta.o
      2308         96          0          0          0        604   printfa.o
         0          0          0          4          0          0   stdout.o
        28          0          0          0          0         76   strcmp.o
        14          0          0          0          0         68   strlen.o
        30          0          0          0          0         80   strncmp.o
        44          0          0          0          0         80   uidiv.o
        98          0          0          0          0         92   uldiv.o
        48          0          0          0          0         68   cdrcmple.o
       334          0          0          0          0        148   dadd.o
       222          0          0          0          0        100   ddiv.o
       186          0          0          0          0        176   depilogue.o
        48          0          0          0          0         68   dfixul.o
       228          0          0          0          0         96   dmul.o

    ----------------------------------------------------------------------
      3932        112          0          4          0       2104   Library Totals
         2          0          0          0          0          0   (incl. Padding)

    ----------------------------------------------------------------------

      Code (inc. data)   RO Data    RW Data    ZI Data      Debug   Library Name

      2864        112          0          4          0       1448   mc_w.l
      1066          0          0          0          0        656   mf_w.l

    ----------------------------------------------------------------------
      3932        112          0          4          0       2104   Library Totals

    ----------------------------------------------------------------------

==============================================================================


      Code (inc. data)   RO Data    RW Data    ZI Data      Debug   

     38460       3254       6652        544      18528     994229   Grand Totals
     38460       3254       6652        184      18528     994229   ELF Image Totals (compressed)
     38460       3254       6652        184          0          0   ROM Totals

==============================================================================

    Total RO  Size (Code + RO Data)                45112 (  44.05kB)
    Total RW  Size (RW Data + ZI Data)             19072 (  18.63kB)
    Total ROM Size (Code + RO Data + RW Data)      45296 (  44.23kB)

==============================================================================

