<html>
<body>
<pre>
<h1>µVision Build Log</h1>
<h2>Tool Versions:</h2>
IDE-Version: ¦ÌVision V5.27.1.0
Copyright (C) 2019 ARM Ltd and ARM Germany GmbH. All rights reserved.
License Information: Xueyang Ma, NJUST, LIC=PE7DL-0QQ6R-HL1CL-0QKEU-NH0EQ-JX80E
 
Tool Versions:
Toolchain:       MDK-ARM Plus  Version: 5.27.1.0
Toolchain Path:  D:\Program Files\Keil_v5\ARM\ARMCC\Bin
C Compiler:      Armcc.exe V5.06 update 6 (build 750)
Assembler:       Armasm.exe V5.06 update 6 (build 750)
Linker/Locator:  ArmLink.exe V5.06 update 6 (build 750)
Library Manager: ArmAr.exe V5.06 update 6 (build 750)
Hex Converter:   FromElf.exe V5.06 update 6 (build 750)
CPU DLL:         SARMCM3.DLL V5.27.1.0
Dialog DLL:      DCM.DLL V1.17.2.0
Target DLL:      CMSIS_AGDI.dll V1.31.17.0
Dialog DLL:      TCM.DLL V1.36.1.0
 
<h2>Project:</h2>
D:\shared documents\code projects\learngit\GXcode\MDK-ARM\F407VET6_SmartDel_20201101.uvprojx
Project File Date:  02/28/2021

<h2>Output:</h2>
*** Using Compiler 'V5.06 update 6 (build 750)', folder: 'D:\Program Files\Keil_v5\ARM\ARMCC\Bin'
Build target 'F407VET6_SmartDel_20201101'
assembling startup_stm32f407xx.s...
compiling MotorControl.c...
compiling user_usart.c...
compiling Max7219.c...
..\Core\Src\Max7219.c(16): warning:  #188-D: enumerated type mixed with another type
              HAL_GPIO_WritePin(Max7219_portDIN,Max7219_pinDIN,DATA&0x80);//Max7219_pinDIN=DATA&0x80;
..\Core\Src\Max7219.c: 1 warning, 0 errors
compiling ControlTask.c...
compiling gongxun.c...
compiling PID.c...
compiling lineFollowSensor.c...
compiling fonts.c...
compiling uart234.c...
..\Core\Src\uart234.c(262): warning:  #223-D: function "memset" declared implicitly
  					memset(DataBuff,0,sizeof(DataBuff));  //Çå¿Õ»º´æÊý×é
..\Core\Src\uart234.c: 1 warning, 0 errors
compiling ssd1306.c...
compiling spi.c...
compiling i2c.c...
compiling gpio.c...
compiling main.c...
compiling tim.c...
compiling usart.c...
compiling stm32f4xx_hal_rcc.c...
compiling stm32f4xx_hal_i2c_ex.c...
compiling stm32f4xx_it.c...
compiling stm32f4xx_hal_i2c.c...
compiling stm32f4xx_hal_msp.c...
compiling stm32f4xx_hal_rcc_ex.c...
compiling stm32f4xx_hal_gpio.c...
compiling stm32f4xx_hal_flash_ex.c...
compiling stm32f4xx_hal_flash_ramfunc.c...
compiling stm32f4xx_hal_dma.c...
compiling stm32f4xx_hal_dma_ex.c...
compiling stm32f4xx_hal_pwr.c...
compiling stm32f4xx_hal_flash.c...
compiling stm32f4xx_hal_pwr_ex.c...
compiling stm32f4xx_hal_spi.c...
compiling stm32f4xx_hal.c...
compiling stm32f4xx_hal_exti.c...
compiling stm32f4xx_hal_tim_ex.c...
compiling stm32f4xx_hal_cortex.c...
compiling SCS.c...
compiling stm32f4xx_hal_tim.c...
compiling stm32f4xx_hal_uart.c...
compiling ee24.c...
compiling system_stm32f4xx.c...
compiling uart.c...
compiling wiring.c...
compiling SCSerail.c...
compiling SCSCL.c...
compiling shell_companion.c...
compiling shell_cmd_list.c...
compiling shell_ext.c...
compiling shell.c...
compiling max7219.c...
compiling SCS_servo.c...
compiling max7219_matrix.c...
compiling shell_port.c...
compiling buzzerDriver.c...
linking...
Program Size: Code=37528 RO-data=13724 RW-data=784 ZI-data=5792  
FromELF: creating hex file...
"F407VET6_SmartDel_20201101\F407VET6_SmartDel_20201101.axf" - 0 Error(s), 2 Warning(s).

<h2>Software Packages used:</h2>

Package Vendor: ARM
                http://www.keil.com/pack/ARM.CMSIS.5.7.0.pack
                ARM.CMSIS.5.7.0
                CMSIS (Cortex Microcontroller Software Interface Standard)
   * Component: CORE Version: 5.4.0

Package Vendor: Keil
                http://www.keil.com/pack/Keil.STM32F4xx_DFP.2.14.0.pack
                Keil.STM32F4xx_DFP.2.14.0
                STMicroelectronics STM32F4 Series Device Support, Drivers and Examples

<h2>Collection of Component include folders:</h2>
  .\RTE\_F407VET6_SmartDel_20201101
  D:\Users\Ma\AppData\Local\Arm\Packs\ARM\CMSIS\5.7.0\CMSIS\Core\Include
  D:\Users\Ma\AppData\Local\Arm\Packs\Keil\STM32F4xx_DFP\2.14.0\Drivers\CMSIS\Device\ST\STM32F4xx\Include

<h2>Collection of Component Files used:</h2>

   * Component: ARM::CMSIS:CORE:5.4.0
Build Time Elapsed:  00:01:03
</pre>
</body>
</html>
